2025-06-12 03:56:21.741 | INFO     | __main__:_setup_logger:325 - 日志文件: logs/backport_20250612_035621.log
2025-06-12 03:56:21.741 | INFO     | __main__:process_multiple_commits:1842 - 处理第 1/3 个commit: 356c815756bb28f0528b17e6dde8289fdd4afeb5
2025-06-12 03:56:21.745 | WARNING  | __main__:extract_commit_info:2021 - Commit 356c815756bb28f0528b17e6dde8289fdd4afeb5 不存在于仓库中，尝试下载或生成补丁
2025-06-12 03:56:21.746 | INFO     | patch_utils:generate_patch_from_git:452 - 尝试从本地仓库生成补丁: 356c815756bb28f0528b17e6dde8289fdd4afeb5
2025-06-12 03:56:21.749 | ERROR    | patch_utils:generate_patch_from_git:476 - 从本地仓库生成补丁失败: fatal: bad object 356c815756bb28f0528b17e6dde8289fdd4afeb5

2025-06-12 03:56:21.750 | ERROR    | __main__:extract_commit_info:2096 - 无法获取提交 356c815756bb28f0528b17e6dde8289fdd4afeb5 的补丁
2025-06-12 03:56:21.750 | ERROR    | __main__:process_multiple_commits:1849 - 无法提取commit信息: 356c815756bb28f0528b17e6dde8289fdd4afeb5
2025-06-12 03:56:21.750 | INFO     | __main__:process_multiple_commits:1842 - 处理第 2/3 个commit: 9f43c59bc97c18106849ae42343f5c5299275ebf
2025-06-12 03:56:21.754 | WARNING  | __main__:extract_commit_info:2021 - Commit 9f43c59bc97c18106849ae42343f5c5299275ebf 不存在于仓库中，尝试下载或生成补丁
2025-06-12 03:56:21.754 | INFO     | patch_utils:generate_patch_from_git:452 - 尝试从本地仓库生成补丁: 9f43c59bc97c18106849ae42343f5c5299275ebf
2025-06-12 03:56:21.758 | ERROR    | patch_utils:generate_patch_from_git:476 - 从本地仓库生成补丁失败: fatal: bad object 9f43c59bc97c18106849ae42343f5c5299275ebf

2025-06-12 03:56:21.758 | ERROR    | __main__:extract_commit_info:2096 - 无法获取提交 9f43c59bc97c18106849ae42343f5c5299275ebf 的补丁
2025-06-12 03:56:21.759 | ERROR    | __main__:process_multiple_commits:1849 - 无法提取commit信息: 9f43c59bc97c18106849ae42343f5c5299275ebf
2025-06-12 03:56:21.759 | INFO     | __main__:process_multiple_commits:1842 - 处理第 3/3 个commit: b83cb25cd266cd84a1f74c3c82bf5ba60c79b2f1
2025-06-12 03:56:21.763 | WARNING  | __main__:extract_commit_info:2021 - Commit b83cb25cd266cd84a1f74c3c82bf5ba60c79b2f1 不存在于仓库中，尝试下载或生成补丁
2025-06-12 03:56:21.763 | INFO     | patch_utils:generate_patch_from_git:452 - 尝试从本地仓库生成补丁: b83cb25cd266cd84a1f74c3c82bf5ba60c79b2f1
2025-06-12 03:56:21.767 | ERROR    | patch_utils:generate_patch_from_git:476 - 从本地仓库生成补丁失败: fatal: bad object b83cb25cd266cd84a1f74c3c82bf5ba60c79b2f1

2025-06-12 03:56:21.767 | ERROR    | __main__:extract_commit_info:2096 - 无法获取提交 b83cb25cd266cd84a1f74c3c82bf5ba60c79b2f1 的补丁
2025-06-12 03:56:21.767 | ERROR    | __main__:process_multiple_commits:1849 - 无法提取commit信息: b83cb25cd266cd84a1f74c3c82bf5ba60c79b2f1
2025-06-12 03:56:21.768 | INFO     | __main__:process_multiple_commits:1941 - 
============================================================
2025-06-12 03:56:21.768 | INFO     | __main__:process_multiple_commits:1942 - 完成处理 3 个commit
2025-06-12 03:56:21.768 | INFO     | __main__:process_multiple_commits:1943 - 总耗时: 0.03秒
2025-06-12 03:56:21.768 | INFO     | __main__:process_multiple_commits:1944 - 成功数量: 0/3 (0.00%)
2025-06-12 03:56:21.768 | INFO     | __main__:process_multiple_commits:1945 - ============================================================
2025-06-12 03:56:21.771 | INFO     | __main__:clean_config:2107 - 清理配置文件: /home/elpsy/.config/port-patch/new_inputs.yaml
