2025-06-03 23:44:43.089 | INFO     | __main__:_setup_logger:325 - 日志文件: logs/backport_20250603_234443.log
2025-06-03 23:44:43.089 | INFO     | __main__:run:329 - 开始执行 模式1
2025-06-03 23:44:43.089 | INFO     | __main__:_process_mode1:349 - 处理补丁: https://sourceforge.net/p/mcj/fig2dev/ci/da8992f44b84a337b4edaa67fc8b36b55eaef696/
2025-06-03 23:44:43.090 | INFO     | core.adaptation_pipeline:_load_modules:66 - 已加载模块: direct_apply
2025-06-03 23:44:43.090 | INFO     | core.adaptation_pipeline:_load_modules:66 - 已加载模块: chunk_analyzer
2025-06-03 23:44:43.092 | INFO     | core.adaptation_pipeline:_load_modules:66 - 已加载模块: llm_adapter
2025-06-03 23:44:43.093 | INFO     | core.adaptation_pipeline:_load_modules:66 - 已加载模块: patch_adapter
2025-06-03 23:44:43.093 | INFO     | __main__:_process_mode1:356 - 目标版本: ['3.2.8.b-1']
2025-06-03 23:44:43.093 | INFO     | __main__:_process_mode1:363 - 开始处理版本: 3.2.8.b-1
2025-06-03 23:44:43.094 | INFO     | core.adaptation_pipeline:process_patch:85 - 开始处理补丁: da8992f44b84a337b4edaa67fc8b36b55eaef696
2025-06-03 23:44:43.094 | INFO     | core.adaptation_pipeline:process_patch:106 - 执行模块: direct_apply
2025-06-03 23:44:43.094 | INFO     | modules.direct_apply:_download_patch:245 - 上游补丁文件不存在，下载补丁
2025-06-03 23:44:43.095 | INFO     | patch_utils:_download_sourceforge_patch:305 - 解析SourceForge URL: 项目(Project)=mcj, 仓库(Repo)=fig2dev, 提交(Commit)=da8992f44b84a337b4edaa67fc8b36b55eaef696
2025-06-03 23:44:43.095 | INFO     | patch_utils:_download_sourceforge_patch:306 - 基础Commit URL (Base Commit URL): https://sourceforge.net/p/mcj/fig2dev/ci/da8992f44b84a337b4edaa67fc8b36b55eaef696
2025-06-03 23:44:43.095 | INFO     | patch_utils:_download_sourceforge_patch:311 - 尝试从以下URL下载diff (Attempting to download diff from): https://sourceforge.net/p/mcj/fig2dev/ci/da8992f44b84a337b4edaa67fc8b36b55eaef696/diff/?diff_format=u
2025-06-03 23:44:43.767 | ERROR    | patch_utils:_download_sourceforge_patch:336 - 下载SourceForge补丁时发生HTTP错误 (HTTP error while downloading SourceForge patch): 404 Not Found from https://sourceforge.net/p/mcj/fig2dev/ci/da8992f44b84a337b4edaa67fc8b36b55eaef696/diff/?diff_format=u
2025-06-03 23:44:43.770 | WARNING  | modules.direct_apply:_download_patch:258 - 补丁下载出错: 404 Client Error: Not Found for url: https://sourceforge.net/p/mcj/fig2dev/ci/da8992f44b84a337b4edaa67fc8b36b55eaef696/diff/?diff_format=u
2025-06-03 23:44:43.774 | INFO     | modules.direct_apply:_download_patch:261 - 尝试从本地仓库生成补丁
2025-06-03 23:44:43.776 | INFO     | patch_utils:generate_patch_from_git:428 - 尝试从本地仓库生成补丁: da8992f44b84a337b4edaa67fc8b36b55eaef696
2025-06-03 23:44:43.784 | INFO     | patch_utils:generate_patch_from_git:451 - 成功从本地仓库生成补丁: workspace/mcj/fig2dev/da8992/patches/upstream_da8992.patch
2025-06-03 23:44:43.785 | INFO     | modules.direct_apply:_download_patch:269 - 成功从本地仓库生成补丁: workspace/mcj/fig2dev/da8992/patches/upstream_da8992.patch
2025-06-03 23:44:43.785 | INFO     | modules.direct_apply:execute:62 - 此时upstream_patch_path存在状态: True
2025-06-03 23:44:43.786 | INFO     | modules.direct_apply:execute:63 - 下载补丁成功: /home/elpsy/workspace/sow/patch-backport/workspace/mcj/fig2dev/da8992/patches/upstream_da8992.patch
2025-06-03 23:44:43.792 | ERROR    | modules.direct_apply:_prepare_test_branch:396 - 准备测试分支失败: error: pathspec '3.2.8.b-1' did not match any file(s) known to git

2025-06-03 23:44:43.793 | ERROR    | modules.direct_apply:execute:103 - 直接应用过程发生错误: DirectApplyModule._cleanup_test_branch() missing 1 required positional argument: 'branch_name'
2025-06-03 23:44:43.795 | ERROR    | modules.direct_apply:execute:105 - 错误堆栈: Traceback (most recent call last):
  File "/home/elpsy/workspace/sow/patch-backport/modules/direct_apply.py", line 346, in _prepare_test_branch
    subprocess.run(
  File "/home/elpsy/tools/miniconda3/envs/sow/lib/python3.12/subprocess.py", line 571, in run
    raise CalledProcessError(retcode, process.args,
subprocess.CalledProcessError: Command '['git', 'checkout', '3.2.8.b-1']' returned non-zero exit status 1.

During handling of the above exception, another exception occurred:

Traceback (most recent call last):
  File "/home/elpsy/workspace/sow/patch-backport/modules/direct_apply.py", line 66, in execute
    branch_name = self._prepare_test_branch(context)
                  ^^^^^^^^^^^^^^^^^^^^^^^^^^^^^^^^^^
  File "/home/elpsy/workspace/sow/patch-backport/modules/direct_apply.py", line 398, in _prepare_test_branch
    self._cleanup_test_branch(branch_name)
TypeError: DirectApplyModule._cleanup_test_branch() missing 1 required positional argument: 'branch_name'

2025-06-03 23:44:43.795 | INFO     | core.adaptation_pipeline:process_patch:106 - 执行模块: chunk_analyzer
2025-06-03 23:44:43.796 | INFO     | modules.chunk_analyzer:execute:52 - 开始分析补丁: /home/elpsy/workspace/sow/patch-backport/workspace/mcj/fig2dev/da8992/patches/upstream_da8992.patch
2025-06-03 23:44:43.796 | INFO     | modules.chunk_analyzer:_split_patch_into_chunks:175 - 开始分解补丁文件: /home/elpsy/workspace/sow/patch-backport/workspace/mcj/fig2dev/da8992/patches/upstream_da8992.patch
2025-06-03 23:44:43.796 | INFO     | modules.chunk_analyzer:_split_patch_into_chunks:180 - 补丁文件包含 28 行内容
2025-06-03 23:44:43.797 | INFO     | modules.chunk_analyzer:_split_patch_into_chunks:195 - 发现修改文件: fig2dev/object.h
2025-06-03 23:44:43.797 | INFO     | modules.chunk_analyzer:_split_patch_into_chunks:246 - 发现修改块: fig2dev/object.h @@ -57,12 +57,13 @@ (modification)
2025-06-03 23:44:43.797 | INFO     | modules.chunk_analyzer:_split_patch_into_chunks:266 - 补丁分解完成，共找到 1 个修改块
2025-06-03 23:44:43.798 | INFO     | modules.chunk_analyzer:execute:56 - 补丁被分解为 1 个块
2025-06-03 23:44:43.800 | INFO     | modules.chunk_analyzer:_create_chunk_patches:285 - 从原始补丁提取头部信息: /home/elpsy/workspace/sow/patch-backport/workspace/mcj/fig2dev/da8992/patches/upstream_da8992.patch
2025-06-03 23:44:43.800 | INFO     | modules.chunk_analyzer:_create_chunk_patches:311 - 创建块补丁文件: /home/elpsy/workspace/sow/patch-backport/workspace/mcj/fig2dev/da8992/chunk_patches/chunk_001_20250603_234443.patch (修改文件: fig2dev/object.h)
2025-06-03 23:44:43.800 | INFO     | modules.chunk_analyzer:execute:60 - 已为 1 个块创建单独的补丁文件
2025-06-03 23:44:43.801 | INFO     | modules.chunk_analyzer:execute:62 - 第 1 个补丁文件为：
2025-06-03 23:44:43.801 | INFO     | modules.chunk_analyzer:execute:66 - commit da8992f44b84a337b4edaa67fc8b36b55eaef696
Author: Thomas Loimer <thomas.loimer@tuwien.ac.at>
Date:   Wed Jan 22 23:18:54 2025 +0100

    Reject huge pattern lengths, ticket #185
    
    Reject patterned lines, e.g., dashed lines, where the
    pattern length exceeds 80 inches.

diff --git a/fig2dev/object.h b/fig2dev/object.h
index 29f5a62..7f83939 100644
--- a/fig2dev/object.h
+++ b/fig2dev/object.h
@@ -57,12 +57,13 @@ typedef struct f_comment {
 	struct f_comment	*next;
 } F_comment;
 
+#define	STYLE_VAL_MAX	6400.0	/* dash length 80 inches, that is enough */
 #define COMMON_PROPERTIES(o)						\
 	o->style < SOLID_LINE || o->style > DASH_3_DOTS_LINE ||		\
 	o->thickness < 0 || o->depth < 0 || o->depth > 999 ||		\
 	o->fill_style < UNFILLED ||					\
 	o->fill_style >= NUMSHADES + NUMTINTS + NUMPATTERNS ||		\
-	o->style_val < 0.0
+	o->style_val < 0.0 || o->style_val > STYLE_VAL_MAX
 
 typedef struct f_ellipse {
 	int			type;

2025-06-03 23:44:43.801 | INFO     | modules.chunk_analyzer:_apply_chunk_patches:347 - 尝试应用第 1/1 个块补丁: chunk_001_20250603_234443.patch
2025-06-03 23:44:43.810 | WARNING  | modules.chunk_analyzer:_apply_chunk_patches:375 - 块补丁 chunk_001_20250603_234443.patch 可以反向应用，可能已经被应用过
2025-06-03 23:44:43.810 | INFO     | modules.chunk_analyzer:_apply_chunk_patches:389 - 块补丁应用统计信息:
2025-06-03 23:44:43.811 | INFO     | modules.chunk_analyzer:_apply_chunk_patches:390 - - 总块数: 1
2025-06-03 23:44:43.811 | INFO     | modules.chunk_analyzer:_apply_chunk_patches:391 - - 无冲突块数: 1
2025-06-03 23:44:43.811 | INFO     | modules.chunk_analyzer:_apply_chunk_patches:392 - - 适配失败块数: 0
2025-06-03 23:44:43.811 | INFO     | modules.chunk_analyzer:execute:70 - 成功应用了 1 个块补丁，总共 1 个
2025-06-03 23:44:43.811 | INFO     | modules.chunk_analyzer:execute:82 - 所有块补丁都已成功应用，无需创建剩余补丁
2025-06-03 23:44:43.812 | INFO     | modules.chunk_analyzer:execute:108 - 所有补丁块应用成功，标记为完全成功
2025-06-03 23:44:43.812 | INFO     | modules.chunk_analyzer:execute:114 - 补丁分块分析完成，耗时: 0.02秒
2025-06-03 23:44:43.815 | INFO     | modules.base_module:_save_metrics:143 - 评测指标已保存到: workspace/mcj/fig2dev/da8992/evaluations/chunk_analyzer/metrics_da8992_20250603_234443.json
2025-06-03 23:44:43.819 | INFO     | modules.chunk_analyzer:_generate_additional_html_sections:855 - 找到当前评估会话目录: workspace/mcj/fig2dev/da8992/evaluations/chunk_analyzer/details_da8992_20250603_234443
2025-06-03 23:44:43.819 | INFO     | modules.chunk_analyzer:_get_patch_content:1089 - 使用当前会话评估目录: workspace/mcj/fig2dev/da8992/evaluations/chunk_analyzer/details_da8992_20250603_234443
2025-06-03 23:44:43.820 | WARNING  | modules.chunk_analyzer:_get_patch_content:1145 - 补丁目录不存在: workspace/mcj/fig2dev/da8992/evaluations/chunk_analyzer/details_da8992_20250603_234443/patches
2025-06-03 23:44:43.821 | INFO     | modules.chunk_analyzer:_get_patch_content:1150 - 成功创建补丁目录: workspace/mcj/fig2dev/da8992/evaluations/chunk_analyzer/details_da8992_20250603_234443/patches
2025-06-03 23:44:43.822 | INFO     | modules.chunk_analyzer:_get_patch_content:1168 - 已将原始补丁内容保存到: workspace/mcj/fig2dev/da8992/evaluations/chunk_analyzer/details_da8992_20250603_234443/patches/original_patch.txt
2025-06-03 23:44:43.822 | INFO     | modules.chunk_analyzer:_get_patch_content:1089 - 使用当前会话评估目录: workspace/mcj/fig2dev/da8992/evaluations/chunk_analyzer/details_da8992_20250603_234443
2025-06-03 23:44:43.824 | INFO     | modules.chunk_analyzer:_get_patch_content:1273 - 已将补丁块内容保存到: workspace/mcj/fig2dev/da8992/evaluations/chunk_analyzer/details_da8992_20250603_234443/patches/applied_chunk_1.txt
2025-06-03 23:44:43.824 | INFO     | modules.chunk_analyzer:_get_patch_content:1282 - 已将合并的补丁块内容保存到: workspace/mcj/fig2dev/da8992/evaluations/chunk_analyzer/details_da8992_20250603_234443/patches/all_applied_chunks.txt
2025-06-03 23:44:43.824 | INFO     | modules.chunk_analyzer:_get_patch_content:1286 - 从context获取应用成功的补丁内容
2025-06-03 23:44:43.825 | INFO     | modules.chunk_analyzer:_get_patch_content:1089 - 使用当前会话评估目录: workspace/mcj/fig2dev/da8992/evaluations/chunk_analyzer/details_da8992_20250603_234443
2025-06-03 23:44:43.825 | WARNING  | modules.chunk_analyzer:_get_patch_content:1344 - 未找到剩余补丁文件
2025-06-03 23:44:43.826 | INFO     | modules.base_module:_save_evaluation_info:198 - 美观易读的评估信息已保存到: workspace/mcj/fig2dev/da8992/evaluations/chunk_analyzer/details_da8992_20250603_234443
2025-06-03 23:44:43.828 | INFO     | core.adaptation_pipeline:process_patch:99 - 块分析器已成功应用所有块，跳过模块: LLMAdapterModule
2025-06-03 23:44:43.828 | INFO     | core.adaptation_pipeline:process_patch:99 - 块分析器已成功应用所有块，跳过模块: PatchAdapterModule
2025-06-03 23:44:43.829 | INFO     | core.adaptation_pipeline:process_patch:128 - 补丁处理完成，耗时: 0.73秒
2025-06-03 23:44:43.829 | INFO     | __main__:_merge_patches:1064 - 开始合并补丁...
2025-06-03 23:44:43.829 | INFO     | __main__:_merge_patches:1099 - chunk_results2:
2025-06-03 23:44:43.830 | INFO     | __main__:_merge_patches:1101 - chunk_patches: [PosixPath('/home/elpsy/workspace/sow/patch-backport/workspace/mcj/fig2dev/da8992/chunk_patches/chunk_001_20250603_234443.patch')]
2025-06-03 23:44:43.830 | INFO     | __main__:_merge_patches:1103 - Chunk分析器应用了 1/1 个chunks
2025-06-03 23:44:43.830 | INFO     | __main__:_merge_patches:1107 - 所有chunks都已成功应用，跳过patch_adapter
2025-06-03 23:44:43.831 | INFO     | __main__:_merge_patches:1112 - 使用唯一的chunk补丁: /home/elpsy/workspace/sow/patch-backport/workspace/mcj/fig2dev/da8992/chunk_patches/chunk_001_20250603_234443.patch
2025-06-03 23:44:43.831 | INFO     | __main__:_process_mode1:390 - 成功合并补丁到: /home/elpsy/workspace/sow/patch-backport/workspace/mcj/fig2dev/da8992/chunk_patches/chunk_001_20250603_234443.patch
2025-06-03 23:44:43.833 | INFO     | __main__:_save_results:738 - 已复制最终补丁到结果目录: results/fig2dev_3.2.8.b-1_da8992_20250603_234443/chunk_001_20250603_234443.patch
2025-06-03 23:44:43.834 | INFO     | __main__:_save_results:876 - 结果已保存到: results/fig2dev_3.2.8.b-1_da8992_20250603_234443/result.json
2025-06-03 23:44:43.834 | INFO     | __main__:_print_summary:918 - context.patch_adapter_result: []
2025-06-03 23:44:43.834 | INFO     | __main__:_print_summary:941 - ==================================================
2025-06-03 23:44:43.834 | INFO     | __main__:_print_summary:942 - 处理摘要 - 提交: da8992
2025-06-03 23:44:43.835 | INFO     | __main__:_print_summary:943 - 适配状态: 适配失败 (方法: failed)
2025-06-03 23:44:43.835 | INFO     | __main__:_print_summary:948 - 块分析统计:
2025-06-03 23:44:43.835 | INFO     | __main__:_print_summary:949 - - 总块数: 1
2025-06-03 23:44:43.835 | INFO     | __main__:_print_summary:950 - - 无冲突块数: 1
2025-06-03 23:44:43.836 | INFO     | __main__:_print_summary:951 - - 成功适配块数: 0
2025-06-03 23:44:43.836 | INFO     | __main__:_print_summary:952 - - 适配失败块数: 0
2025-06-03 23:44:43.836 | INFO     | __main__:_print_summary:953 - - 编译失败块数: 0
2025-06-03 23:44:43.836 | INFO     | __main__:_print_summary:957 - 总执行时间: 0.74秒
2025-06-03 23:44:43.837 | INFO     | __main__:_print_summary:962 - ==================================================
2025-06-03 23:44:43.837 | INFO     | __main__:run:338 - 处理完成
2025-06-03 23:44:43.840 | INFO     | __main__:clean_config:1874 - 清理配置文件: /home/elpsy/.config/port-patch/new_inputs.yaml
