2025-02-27 06:17:03.551 | INFO     | __main__:_setup_logger:109 - 日志文件: logs/backport_20250227_061703.log
2025-02-27 06:17:03.552 | INFO     | __main__:run:113 - 开始执行 模式2
2025-02-27 06:17:03.553 | INFO     | __main__:_get_upstream_commits:219 - commits_file:workspace/gregkh/linux/cache/commits.json
2025-02-27 06:17:03.553 | INFO     | __main__:_get_upstream_commits:220 - use_cached_commits:True
2025-02-27 06:17:03.553 | INFO     | __main__:_get_upstream_commits:223 - 从缓存文件加载commits信息
2025-02-27 06:17:03.556 | INFO     | __main__:_process_mode2:171 - 找到 297 个上游提交
2025-02-27 06:17:03.556 | INFO     | core.adaptation_pipeline:_load_modules:55 - 已加载模块: direct_apply
2025-02-27 06:17:03.557 | INFO     | __main__:_process_mode2:182 - 处理提交 1/297: 07137e
2025-02-27 06:17:03.557 | INFO     | core.adaptation_pipeline:process_patch:67 - 开始处理补丁: 07137e925fa951646325762bda6bd2503dfe64c6
2025-02-27 06:17:03.558 | INFO     | core.adaptation_pipeline:process_patch:76 - 执行模块: direct_apply
2025-02-27 06:17:03.559 | INFO     | modules.direct_apply:_download_patch:177 - 下载补丁: https://github.com/gregkh/linux/commit/07137e925fa951646325762bda6bd2503dfe64c6.patch
2025-02-27 06:17:03.560 | INFO     | patch_utils:download_patch:99 - 使用Commit API下载patch: https://api.github.com/repos/gregkh/linux/commits/07137e925fa951646325762bda6bd2503dfe64c6.patch
2025-02-27 06:17:04.614 | ERROR    | patch_utils:download_patch:123 - 下载patch失败: 422 Client Error: Unprocessable Entity for url: https://api.github.com/repos/gregkh/linux/commits/07137e925fa951646325762bda6bd2503dfe64c6.patch
2025-02-27 06:17:04.614 | INFO     | patch_utils:download_patch:126 - 尝试直接下载patch文件...
2025-02-27 06:17:05.587 | ERROR    | patch_utils:download_patch:143 - 直接下载patch也失败: 404 Client Error: Not Found for url: https://github.com/gregkh/linux/commit/07137e925fa951646325762bda6bd2503dfe64c6.patch.patch
2025-02-27 06:17:05.591 | ERROR    | modules.direct_apply:_download_patch:184 - 补丁下载失败: https://github.com/gregkh/linux/commit/07137e925fa951646325762bda6bd2503dfe64c6.patch
2025-02-27 06:17:05.592 | ERROR    | modules.direct_apply:execute:93 - 直接应用过程发生错误: 下载补丁失败
2025-02-27 06:17:05.593 | ERROR    | modules.direct_apply:execute:95 - 错误堆栈: Traceback (most recent call last):
  File "/home/elpsy/workspace/sow/patch-backport/modules/direct_apply.py", line 57, in execute
    raise ValueError("下载补丁失败")
ValueError: 下载补丁失败

2025-02-27 06:17:05.594 | INFO     | modules.base_module:_save_metrics:115 - 评测指标已保存到: workspace/gregkh_linux/07137e/evaluations/direct_apply/metrics_07137e_20250227_061705.json
2025-02-27 06:17:05.594 | INFO     | core.adaptation_pipeline:process_patch:98 - 补丁处理完成，耗时: 2.04秒
2025-02-27 06:17:05.598 | INFO     | __main__:_save_results:392 - 结果已保存到: results/linux-6.12.y_07137e_20250227_061705/result.json
2025-02-27 06:17:05.599 | INFO     | __main__:_print_summary:411 - ==================================================
2025-02-27 06:17:05.600 | INFO     | __main__:_print_summary:412 - 处理摘要 - 提交: 07137e
2025-02-27 06:17:05.600 | INFO     | __main__:_print_summary:413 - 结果: 处理失败
2025-02-27 06:17:05.600 | INFO     | __main__:_print_summary:418 - ==================================================
2025-02-27 06:17:05.601 | INFO     | __main__:_process_mode2:182 - 处理提交 2/297: b0fce5
2025-02-27 06:17:05.601 | INFO     | core.adaptation_pipeline:process_patch:67 - 开始处理补丁: b0fce54b8c0d8e5f2b4c243c803c5996e73baee8
2025-02-27 06:17:05.601 | INFO     | core.adaptation_pipeline:process_patch:76 - 执行模块: direct_apply
2025-02-27 06:17:05.603 | INFO     | modules.direct_apply:_download_patch:177 - 下载补丁: https://github.com/gregkh/linux/commit/b0fce54b8c0d8e5f2b4c243c803c5996e73baee8.patch
2025-02-27 06:17:05.604 | INFO     | patch_utils:download_patch:99 - 使用Commit API下载patch: https://api.github.com/repos/gregkh/linux/commits/b0fce54b8c0d8e5f2b4c243c803c5996e73baee8.patch
2025-02-27 06:17:06.655 | ERROR    | patch_utils:download_patch:123 - 下载patch失败: 422 Client Error: Unprocessable Entity for url: https://api.github.com/repos/gregkh/linux/commits/b0fce54b8c0d8e5f2b4c243c803c5996e73baee8.patch
2025-02-27 06:17:06.655 | INFO     | patch_utils:download_patch:126 - 尝试直接下载patch文件...
2025-02-27 06:17:07.618 | ERROR    | patch_utils:download_patch:143 - 直接下载patch也失败: 404 Client Error: Not Found for url: https://github.com/gregkh/linux/commit/b0fce54b8c0d8e5f2b4c243c803c5996e73baee8.patch.patch
2025-02-27 06:17:07.621 | ERROR    | modules.direct_apply:_download_patch:184 - 补丁下载失败: https://github.com/gregkh/linux/commit/b0fce54b8c0d8e5f2b4c243c803c5996e73baee8.patch
2025-02-27 06:17:07.623 | ERROR    | modules.direct_apply:execute:93 - 直接应用过程发生错误: 下载补丁失败
2025-02-27 06:17:07.624 | ERROR    | modules.direct_apply:execute:95 - 错误堆栈: Traceback (most recent call last):
  File "/home/elpsy/workspace/sow/patch-backport/modules/direct_apply.py", line 57, in execute
    raise ValueError("下载补丁失败")
ValueError: 下载补丁失败

2025-02-27 06:17:07.627 | INFO     | modules.base_module:_save_metrics:115 - 评测指标已保存到: workspace/gregkh_linux/b0fce5/evaluations/direct_apply/metrics_b0fce5_20250227_061707.json
2025-02-27 06:17:07.627 | INFO     | core.adaptation_pipeline:process_patch:98 - 补丁处理完成，耗时: 2.03秒
2025-02-27 06:17:07.631 | INFO     | __main__:_save_results:392 - 结果已保存到: results/linux-6.12.y_b0fce5_20250227_061707/result.json
2025-02-27 06:17:07.632 | INFO     | __main__:_print_summary:411 - ==================================================
2025-02-27 06:17:07.632 | INFO     | __main__:_print_summary:412 - 处理摘要 - 提交: b0fce5
2025-02-27 06:17:07.633 | INFO     | __main__:_print_summary:413 - 结果: 处理失败
2025-02-27 06:17:07.634 | INFO     | __main__:_print_summary:418 - ==================================================
2025-02-27 06:17:07.635 | INFO     | __main__:_process_mode2:182 - 处理提交 3/297: 8b9c12
2025-02-27 06:17:07.636 | INFO     | core.adaptation_pipeline:process_patch:67 - 开始处理补丁: 8b9c12757f919157752646faf3821abf2b7d2a64
2025-02-27 06:17:07.637 | INFO     | core.adaptation_pipeline:process_patch:76 - 执行模块: direct_apply
2025-02-27 06:17:07.640 | INFO     | modules.direct_apply:_download_patch:177 - 下载补丁: https://github.com/gregkh/linux/commit/8b9c12757f919157752646faf3821abf2b7d2a64.patch
2025-02-27 06:17:07.641 | INFO     | patch_utils:download_patch:99 - 使用Commit API下载patch: https://api.github.com/repos/gregkh/linux/commits/8b9c12757f919157752646faf3821abf2b7d2a64.patch
2025-02-27 06:17:08.742 | ERROR    | patch_utils:download_patch:123 - 下载patch失败: 422 Client Error: Unprocessable Entity for url: https://api.github.com/repos/gregkh/linux/commits/8b9c12757f919157752646faf3821abf2b7d2a64.patch
2025-02-27 06:17:08.743 | INFO     | patch_utils:download_patch:126 - 尝试直接下载patch文件...
2025-02-27 06:17:09.680 | ERROR    | patch_utils:download_patch:143 - 直接下载patch也失败: 404 Client Error: Not Found for url: https://github.com/gregkh/linux/commit/8b9c12757f919157752646faf3821abf2b7d2a64.patch.patch
2025-02-27 06:17:09.684 | ERROR    | modules.direct_apply:_download_patch:184 - 补丁下载失败: https://github.com/gregkh/linux/commit/8b9c12757f919157752646faf3821abf2b7d2a64.patch
2025-02-27 06:17:09.685 | ERROR    | modules.direct_apply:execute:93 - 直接应用过程发生错误: 下载补丁失败
2025-02-27 06:17:09.686 | ERROR    | modules.direct_apply:execute:95 - 错误堆栈: Traceback (most recent call last):
  File "/home/elpsy/workspace/sow/patch-backport/modules/direct_apply.py", line 57, in execute
    raise ValueError("下载补丁失败")
ValueError: 下载补丁失败

2025-02-27 06:17:09.690 | INFO     | modules.base_module:_save_metrics:115 - 评测指标已保存到: workspace/gregkh_linux/8b9c12/evaluations/direct_apply/metrics_8b9c12_20250227_061709.json
2025-02-27 06:17:09.690 | INFO     | core.adaptation_pipeline:process_patch:98 - 补丁处理完成，耗时: 2.05秒
2025-02-27 06:17:09.692 | INFO     | __main__:_save_results:392 - 结果已保存到: results/linux-6.12.y_8b9c12_20250227_061709/result.json
2025-02-27 06:17:09.692 | INFO     | __main__:_print_summary:411 - ==================================================
2025-02-27 06:17:09.693 | INFO     | __main__:_print_summary:412 - 处理摘要 - 提交: 8b9c12
2025-02-27 06:17:09.693 | INFO     | __main__:_print_summary:413 - 结果: 处理失败
2025-02-27 06:17:09.693 | INFO     | __main__:_print_summary:418 - ==================================================
2025-02-27 06:17:09.694 | INFO     | __main__:_process_mode2:182 - 处理提交 4/297: e52e97
2025-02-27 06:17:09.695 | INFO     | core.adaptation_pipeline:process_patch:67 - 开始处理补丁: e52e97f09fb66fd868260d05bd6b74a9a3db39ee
2025-02-27 06:17:09.695 | INFO     | core.adaptation_pipeline:process_patch:76 - 执行模块: direct_apply
2025-02-27 06:17:09.697 | INFO     | modules.direct_apply:_download_patch:177 - 下载补丁: https://github.com/gregkh/linux/commit/e52e97f09fb66fd868260d05bd6b74a9a3db39ee.patch
2025-02-27 06:17:09.699 | INFO     | patch_utils:download_patch:99 - 使用Commit API下载patch: https://api.github.com/repos/gregkh/linux/commits/e52e97f09fb66fd868260d05bd6b74a9a3db39ee.patch
2025-02-27 06:17:10.755 | ERROR    | patch_utils:download_patch:123 - 下载patch失败: 422 Client Error: Unprocessable Entity for url: https://api.github.com/repos/gregkh/linux/commits/e52e97f09fb66fd868260d05bd6b74a9a3db39ee.patch
2025-02-27 06:17:10.755 | INFO     | patch_utils:download_patch:126 - 尝试直接下载patch文件...
2025-02-27 06:17:11.718 | ERROR    | patch_utils:download_patch:143 - 直接下载patch也失败: 404 Client Error: Not Found for url: https://github.com/gregkh/linux/commit/e52e97f09fb66fd868260d05bd6b74a9a3db39ee.patch.patch
2025-02-27 06:17:11.721 | ERROR    | modules.direct_apply:_download_patch:184 - 补丁下载失败: https://github.com/gregkh/linux/commit/e52e97f09fb66fd868260d05bd6b74a9a3db39ee.patch
2025-02-27 06:17:11.722 | ERROR    | modules.direct_apply:execute:93 - 直接应用过程发生错误: 下载补丁失败
2025-02-27 06:17:11.722 | ERROR    | modules.direct_apply:execute:95 - 错误堆栈: Traceback (most recent call last):
  File "/home/elpsy/workspace/sow/patch-backport/modules/direct_apply.py", line 57, in execute
    raise ValueError("下载补丁失败")
ValueError: 下载补丁失败

2025-02-27 06:17:11.725 | INFO     | modules.base_module:_save_metrics:115 - 评测指标已保存到: workspace/gregkh_linux/e52e97/evaluations/direct_apply/metrics_e52e97_20250227_061711.json
2025-02-27 06:17:11.725 | INFO     | core.adaptation_pipeline:process_patch:98 - 补丁处理完成，耗时: 2.03秒
2025-02-27 06:17:11.727 | INFO     | __main__:_save_results:392 - 结果已保存到: results/linux-6.12.y_e52e97_20250227_061711/result.json
2025-02-27 06:17:11.727 | INFO     | __main__:_print_summary:411 - ==================================================
2025-02-27 06:17:11.727 | INFO     | __main__:_print_summary:412 - 处理摘要 - 提交: e52e97
2025-02-27 06:17:11.728 | INFO     | __main__:_print_summary:413 - 结果: 处理失败
2025-02-27 06:17:11.728 | INFO     | __main__:_print_summary:418 - ==================================================
2025-02-27 06:17:11.728 | INFO     | __main__:_process_mode2:182 - 处理提交 5/297: 5eb987
2025-02-27 06:17:11.729 | INFO     | core.adaptation_pipeline:process_patch:67 - 开始处理补丁: 5eb987105357cb7cfa7cf3b1e2f66d5c0977e412
2025-02-27 06:17:11.729 | INFO     | core.adaptation_pipeline:process_patch:76 - 执行模块: direct_apply
2025-02-27 06:17:11.731 | INFO     | modules.direct_apply:_download_patch:177 - 下载补丁: https://github.com/gregkh/linux/commit/5eb987105357cb7cfa7cf3b1e2f66d5c0977e412.patch
2025-02-27 06:17:11.731 | INFO     | patch_utils:download_patch:99 - 使用Commit API下载patch: https://api.github.com/repos/gregkh/linux/commits/5eb987105357cb7cfa7cf3b1e2f66d5c0977e412.patch
2025-02-27 06:17:12.744 | ERROR    | patch_utils:download_patch:123 - 下载patch失败: 422 Client Error: Unprocessable Entity for url: https://api.github.com/repos/gregkh/linux/commits/5eb987105357cb7cfa7cf3b1e2f66d5c0977e412.patch
2025-02-27 06:17:12.744 | INFO     | patch_utils:download_patch:126 - 尝试直接下载patch文件...
2025-02-27 06:17:13.691 | ERROR    | patch_utils:download_patch:143 - 直接下载patch也失败: 404 Client Error: Not Found for url: https://github.com/gregkh/linux/commit/5eb987105357cb7cfa7cf3b1e2f66d5c0977e412.patch.patch
2025-02-27 06:17:13.694 | ERROR    | modules.direct_apply:_download_patch:184 - 补丁下载失败: https://github.com/gregkh/linux/commit/5eb987105357cb7cfa7cf3b1e2f66d5c0977e412.patch
2025-02-27 06:17:13.695 | ERROR    | modules.direct_apply:execute:93 - 直接应用过程发生错误: 下载补丁失败
2025-02-27 06:17:13.696 | ERROR    | modules.direct_apply:execute:95 - 错误堆栈: Traceback (most recent call last):
  File "/home/elpsy/workspace/sow/patch-backport/modules/direct_apply.py", line 57, in execute
    raise ValueError("下载补丁失败")
ValueError: 下载补丁失败

2025-02-27 06:17:13.699 | INFO     | modules.base_module:_save_metrics:115 - 评测指标已保存到: workspace/gregkh_linux/5eb987/evaluations/direct_apply/metrics_5eb987_20250227_061713.json
2025-02-27 06:17:13.699 | INFO     | core.adaptation_pipeline:process_patch:98 - 补丁处理完成，耗时: 1.97秒
2025-02-27 06:17:13.701 | INFO     | __main__:_save_results:392 - 结果已保存到: results/linux-6.12.y_5eb987_20250227_061713/result.json
2025-02-27 06:17:13.702 | INFO     | __main__:_print_summary:411 - ==================================================
2025-02-27 06:17:13.702 | INFO     | __main__:_print_summary:412 - 处理摘要 - 提交: 5eb987
2025-02-27 06:17:13.702 | INFO     | __main__:_print_summary:413 - 结果: 处理失败
2025-02-27 06:17:13.703 | INFO     | __main__:_print_summary:418 - ==================================================
2025-02-27 06:17:13.703 | INFO     | __main__:run:122 - 处理完成
