2025-06-12 16:53:46.449 | INFO     | __main__:_setup_logger:325 - 日志文件: logs/backport_20250612_165346.log
2025-06-12 16:53:46.450 | INFO     | __main__:run:329 - 开始执行 模式1
2025-06-12 16:53:46.450 | INFO     | __main__:_process_mode1:351 - 处理补丁: https://github.com/linux/kernel-torvalds/commit/929c81ade6355b87097a2a4886c10750e68626cf.patch
2025-06-12 16:53:46.450 | INFO     | core.adaptation_pipeline:_load_modules:66 - 已加载模块: direct_apply
2025-06-12 16:53:46.451 | INFO     | core.adaptation_pipeline:_load_modules:66 - 已加载模块: chunk_analyzer
2025-06-12 16:53:46.452 | INFO     | core.adaptation_pipeline:_load_modules:66 - 已加载模块: llm_adapter
2025-06-12 16:53:46.453 | INFO     | core.adaptation_pipeline:_load_modules:66 - 已加载模块: patch_adapter
2025-06-12 16:53:46.453 | INFO     | __main__:_process_mode1:358 - 目标版本: ['v6.12-rc7']
2025-06-12 16:53:46.453 | INFO     | __main__:_process_mode1:365 - 开始处理版本: v6.12-rc7
2025-06-12 16:53:46.454 | INFO     | core.adaptation_pipeline:process_patch:85 - 开始处理补丁: 929c81ade6355b87097a2a4886c10750e68626cf.patch
2025-06-12 16:53:46.454 | INFO     | core.adaptation_pipeline:process_patch:106 - 执行模块: direct_apply
2025-06-12 16:53:46.454 | INFO     | modules.direct_apply:_download_patch:240 - 上游补丁文件已存在: workspace/linux/kernel-torvalds/929c81/patches/upstream_929c81.patch
2025-06-12 16:53:46.455 | INFO     | modules.direct_apply:execute:62 - 此时upstream_patch_path存在状态: True
2025-06-12 16:53:46.455 | INFO     | modules.direct_apply:execute:63 - 下载补丁成功: /home/elpsy/workspace/sow/patch-backport/workspace/linux/kernel-torvalds/929c81/patches/upstream_929c81.patch
2025-06-12 16:53:46.694 | INFO     | modules.direct_apply:_prepare_test_branch:375 - 创建测试分支: test_patch_v6.12-rc7
2025-06-12 16:53:47.417 | ERROR    | modules.direct_apply:_apply_patch:315 - 补丁应用失败: error: patch failed: drivers/video/fbdev/core/fbmem.c:544
error: drivers/video/fbdev/core/fbmem.c: patch does not apply
error: patch failed: include/linux/fb.h:601
error: include/linux/fb.h: patch does not apply
hint: Use 'git am --show-current-patch' to see the failed patch

2025-06-12 16:53:47.844 | INFO     | modules.direct_apply:_cleanup_test_branch:467 - 清理测试分支: test_patch_v6.12-rc7
2025-06-12 16:53:47.845 | INFO     | core.adaptation_pipeline:process_patch:106 - 执行模块: chunk_analyzer
2025-06-12 16:53:47.845 | INFO     | modules.chunk_analyzer:execute:52 - 开始分析补丁: /home/elpsy/workspace/sow/patch-backport/workspace/linux/kernel-torvalds/929c81/patches/upstream_929c81.patch
2025-06-12 16:53:47.845 | INFO     | modules.chunk_analyzer:_split_patch_into_chunks:178 - 开始分解补丁文件: /home/elpsy/workspace/sow/patch-backport/workspace/linux/kernel-torvalds/929c81/patches/upstream_929c81.patch
2025-06-12 16:53:47.846 | INFO     | modules.chunk_analyzer:_split_patch_into_chunks:183 - 补丁文件包含 71 行内容
2025-06-12 16:53:47.846 | INFO     | modules.chunk_analyzer:_split_patch_into_chunks:198 - 发现修改文件: drivers/video/fbdev/core/fbmem.c
2025-06-12 16:53:47.847 | INFO     | modules.chunk_analyzer:_split_patch_into_chunks:249 - 发现修改块: drivers/video/fbdev/core/fbmem.c @@ -544,6 +544,36 @@ (modification)
2025-06-12 16:53:47.847 | INFO     | modules.chunk_analyzer:_split_patch_into_chunks:198 - 发现修改文件: include/linux/fb.h
2025-06-12 16:53:47.847 | INFO     | modules.chunk_analyzer:_split_patch_into_chunks:249 - 发现修改块: include/linux/fb.h @@ -601,6 +601,7 @@ (modification)
2025-06-12 16:53:47.847 | INFO     | modules.chunk_analyzer:_split_patch_into_chunks:269 - 补丁分解完成，共找到 2 个修改块
2025-06-12 16:53:47.847 | INFO     | modules.chunk_analyzer:execute:56 - 补丁被分解为 2 个块
2025-06-12 16:53:47.848 | INFO     | modules.chunk_analyzer:_create_chunk_patches:288 - 从原始补丁提取头部信息: /home/elpsy/workspace/sow/patch-backport/workspace/linux/kernel-torvalds/929c81/patches/upstream_929c81.patch
2025-06-12 16:53:47.848 | INFO     | modules.chunk_analyzer:_create_chunk_patches:314 - 创建块补丁文件: /home/elpsy/workspace/sow/patch-backport/workspace/linux/kernel-torvalds/929c81/chunk_patches/chunk_001_20250612_165347.patch (修改文件: drivers/video/fbdev/core/fbmem.c)
2025-06-12 16:53:47.849 | INFO     | modules.chunk_analyzer:_create_chunk_patches:314 - 创建块补丁文件: /home/elpsy/workspace/sow/patch-backport/workspace/linux/kernel-torvalds/929c81/chunk_patches/chunk_002_20250612_165347.patch (修改文件: include/linux/fb.h)
2025-06-12 16:53:47.849 | INFO     | modules.chunk_analyzer:execute:60 - 已为 2 个块创建单独的补丁文件
2025-06-12 16:53:47.849 | INFO     | modules.chunk_analyzer:execute:62 - 第 1 个补丁文件为：
2025-06-12 16:53:47.850 | INFO     | modules.chunk_analyzer:execute:66 - From 929c81ade6355b87097a2a4886c10750e68626cf Mon Sep 17 00:00:00 2001
From: =?UTF-8?q?Thomas=20Wei=C3=9Fschuh?= <linux@weissschuh.net>
Date: Fri, 30 Aug 2024 11:45:57 +0200
Subject: [PATCH] fbdev: Introduce devm_register_framebuffer()
MIME-Version: 1.0
Content-Type: text/plain; charset=UTF-8
Content-Transfer-Encoding: 8bit

Introduce a device-managed variant of register_framebuffer() which
automatically unregisters the framebuffer on device destruction.
This can simplify the error handling and resource management in drivers.

Signed-off-by: Thomas Weißschuh <linux@weissschuh.net>
Signed-off-by: Helge Deller <deller@gmx.de>

diff --git a/drivers/video/fbdev/core/fbmem.c b/drivers/video/fbdev/core/fbmem.c
index 4c4ad0a86a50..3c568cff2913 100644
--- a/drivers/video/fbdev/core/fbmem.c
+++ b/drivers/video/fbdev/core/fbmem.c
@@ -544,6 +544,36 @@ unregister_framebuffer(struct fb_info *fb_info)
 }
 EXPORT_SYMBOL(unregister_framebuffer);
 
+static void devm_unregister_framebuffer(void *data)
+{
+	struct fb_info *info = data;
+
+	unregister_framebuffer(info);
+}
+
+/**
+ *	devm_register_framebuffer - resource-managed frame buffer device registration
+ *	@dev: device the framebuffer belongs to
+ *	@fb_info: frame buffer info structure
+ *
+ *	Registers a frame buffer device @fb_info to device @dev.
+ *
+ *	Returns negative errno on error, or zero for success.
+ *
+ */
+int
+devm_register_framebuffer(struct device *dev, struct fb_info *fb_info)
+{
+	int ret;
+
+	ret = register_framebuffer(fb_info);
+	if (ret)
+		return ret;
+
+	return devm_add_action_or_reset(dev, devm_unregister_framebuffer, fb_info);
+}
+EXPORT_SYMBOL(devm_register_framebuffer);
+
 /**
  *	fb_set_suspend - low level driver signals suspend
  *	@info: framebuffer affected

2025-06-12 16:53:47.850 | INFO     | modules.chunk_analyzer:execute:62 - 第 2 个补丁文件为：
2025-06-12 16:53:47.850 | INFO     | modules.chunk_analyzer:execute:66 - From 929c81ade6355b87097a2a4886c10750e68626cf Mon Sep 17 00:00:00 2001
From: =?UTF-8?q?Thomas=20Wei=C3=9Fschuh?= <linux@weissschuh.net>
Date: Fri, 30 Aug 2024 11:45:57 +0200
Subject: [PATCH] fbdev: Introduce devm_register_framebuffer()
MIME-Version: 1.0
Content-Type: text/plain; charset=UTF-8
Content-Transfer-Encoding: 8bit

Introduce a device-managed variant of register_framebuffer() which
automatically unregisters the framebuffer on device destruction.
This can simplify the error handling and resource management in drivers.

Signed-off-by: Thomas Weißschuh <linux@weissschuh.net>
Signed-off-by: Helge Deller <deller@gmx.de>

diff --git a/include/linux/fb.h b/include/linux/fb.h
index db7d97b10964..abf6643ebcaf 100644
--- a/include/linux/fb.h
+++ b/include/linux/fb.h
@@ -601,6 +601,7 @@ extern ssize_t fb_sys_write(struct fb_info *info, const char __user *buf,
 /* fbmem.c */
 extern int register_framebuffer(struct fb_info *fb_info);
 extern void unregister_framebuffer(struct fb_info *fb_info);
+extern int devm_register_framebuffer(struct device *dev, struct fb_info *fb_info);
 extern char* fb_get_buffer_offset(struct fb_info *info, struct fb_pixmap *buf, u32 size);
 extern void fb_pad_unaligned_buffer(u8 *dst, u32 d_pitch, u8 *src, u32 idx,
 				u32 height, u32 shift_high, u32 shift_low, u32 mod);
-- 
2.25.1


2025-06-12 16:53:47.851 | INFO     | modules.chunk_analyzer:_apply_chunk_patches:357 - 切换到目标版本: v6.12-rc7
2025-06-12 16:53:47.992 | INFO     | modules.chunk_analyzer:_apply_chunk_patches:369 - 创建测试分支: test_chunk_apply_d4e042b4
2025-06-12 16:53:48.419 | INFO     | modules.chunk_analyzer:_apply_chunk_patches:388 - 尝试应用第 1/2 个块补丁: chunk_001_20250612_165347.patch
2025-06-12 16:53:48.426 | WARNING  | modules.chunk_analyzer:_apply_chunk_patches:416 - 块补丁 chunk_001_20250612_165347.patch 可以反向应用，可能已经被应用过
2025-06-12 16:53:48.426 | INFO     | modules.chunk_analyzer:_apply_chunk_patches:388 - 尝试应用第 2/2 个块补丁: chunk_002_20250612_165347.patch
2025-06-12 16:53:48.434 | WARNING  | modules.chunk_analyzer:_apply_chunk_patches:416 - 块补丁 chunk_002_20250612_165347.patch 可以反向应用，可能已经被应用过
2025-06-12 16:53:48.434 | INFO     | modules.chunk_analyzer:_apply_chunk_patches:430 - 块补丁应用统计信息:
2025-06-12 16:53:48.435 | INFO     | modules.chunk_analyzer:_apply_chunk_patches:431 - - 总块数: 2
2025-06-12 16:53:48.435 | INFO     | modules.chunk_analyzer:_apply_chunk_patches:432 - - 无冲突块数: 2
2025-06-12 16:53:48.435 | INFO     | modules.chunk_analyzer:_apply_chunk_patches:433 - - 适配失败块数: 0
2025-06-12 16:53:48.436 | INFO     | modules.chunk_analyzer:_apply_chunk_patches:438 - 切换回目标版本: v6.12-rc7
2025-06-12 16:53:48.589 | INFO     | modules.chunk_analyzer:_apply_chunk_patches:446 - 删除测试分支: test_chunk_apply_d4e042b4
2025-06-12 16:53:48.593 | INFO     | modules.chunk_analyzer:execute:70 - 成功应用了 2 个块补丁，总共 2 个
2025-06-12 16:53:48.594 | INFO     | modules.chunk_analyzer:execute:82 - 所有块补丁都已成功应用，无需创建剩余补丁
2025-06-12 16:53:48.595 | INFO     | modules.chunk_analyzer:execute:111 - 所有补丁块应用成功，标记为完全成功，后续模块可跳过
2025-06-12 16:53:48.595 | INFO     | modules.chunk_analyzer:execute:117 - 补丁分块分析完成，耗时: 0.75秒
2025-06-12 16:53:48.596 | INFO     | modules.base_module:_save_metrics:143 - 评测指标已保存到: workspace/linux/kernel-torvalds/929c81/evaluations/chunk_analyzer/metrics_929c81_20250612_165348.json
2025-06-12 16:53:48.597 | INFO     | modules.chunk_analyzer:_generate_additional_html_sections:917 - 找到当前评估会话目录: workspace/linux/kernel-torvalds/929c81/evaluations/chunk_analyzer/details_929c81_20250612_165348
2025-06-12 16:53:48.597 | INFO     | modules.chunk_analyzer:_get_patch_content:1151 - 使用当前会话评估目录: workspace/linux/kernel-torvalds/929c81/evaluations/chunk_analyzer/details_929c81_20250612_165348
2025-06-12 16:53:48.598 | WARNING  | modules.chunk_analyzer:_get_patch_content:1207 - 补丁目录不存在: workspace/linux/kernel-torvalds/929c81/evaluations/chunk_analyzer/details_929c81_20250612_165348/patches
2025-06-12 16:53:48.598 | INFO     | modules.chunk_analyzer:_get_patch_content:1212 - 成功创建补丁目录: workspace/linux/kernel-torvalds/929c81/evaluations/chunk_analyzer/details_929c81_20250612_165348/patches
2025-06-12 16:53:48.598 | INFO     | modules.chunk_analyzer:_get_patch_content:1230 - 已将原始补丁内容保存到: workspace/linux/kernel-torvalds/929c81/evaluations/chunk_analyzer/details_929c81_20250612_165348/patches/original_patch.txt
2025-06-12 16:53:48.599 | INFO     | modules.chunk_analyzer:_get_patch_content:1151 - 使用当前会话评估目录: workspace/linux/kernel-torvalds/929c81/evaluations/chunk_analyzer/details_929c81_20250612_165348
2025-06-12 16:53:48.599 | INFO     | modules.chunk_analyzer:_get_patch_content:1335 - 已将补丁块内容保存到: workspace/linux/kernel-torvalds/929c81/evaluations/chunk_analyzer/details_929c81_20250612_165348/patches/applied_chunk_1.txt
2025-06-12 16:53:48.600 | INFO     | modules.chunk_analyzer:_get_patch_content:1335 - 已将补丁块内容保存到: workspace/linux/kernel-torvalds/929c81/evaluations/chunk_analyzer/details_929c81_20250612_165348/patches/applied_chunk_2.txt
2025-06-12 16:53:48.600 | INFO     | modules.chunk_analyzer:_get_patch_content:1344 - 已将合并的补丁块内容保存到: workspace/linux/kernel-torvalds/929c81/evaluations/chunk_analyzer/details_929c81_20250612_165348/patches/all_applied_chunks.txt
2025-06-12 16:53:48.600 | INFO     | modules.chunk_analyzer:_get_patch_content:1348 - 从context获取应用成功的补丁内容
2025-06-12 16:53:48.600 | INFO     | modules.chunk_analyzer:_get_patch_content:1151 - 使用当前会话评估目录: workspace/linux/kernel-torvalds/929c81/evaluations/chunk_analyzer/details_929c81_20250612_165348
2025-06-12 16:53:48.601 | WARNING  | modules.chunk_analyzer:_get_patch_content:1406 - 未找到剩余补丁文件
2025-06-12 16:53:48.601 | INFO     | modules.base_module:_save_evaluation_info:198 - 美观易读的评估信息已保存到: workspace/linux/kernel-torvalds/929c81/evaluations/chunk_analyzer/details_929c81_20250612_165348
2025-06-12 16:53:48.603 | INFO     | core.adaptation_pipeline:process_patch:99 - 块分析器已成功应用所有块，跳过模块: LLMAdapterModule
2025-06-12 16:53:48.603 | INFO     | core.adaptation_pipeline:process_patch:99 - 块分析器已成功应用所有块，跳过模块: PatchAdapterModule
2025-06-12 16:53:48.603 | INFO     | core.adaptation_pipeline:process_patch:128 - 补丁处理完成，耗时: 2.15秒
2025-06-12 16:53:48.604 | INFO     | __main__:_merge_patches:1101 - 开始合并补丁...
2025-06-12 16:53:48.604 | INFO     | __main__:_merge_patches:1136 - chunk_results2:
2025-06-12 16:53:48.604 | INFO     | __main__:_merge_patches:1138 - chunk_patches: [PosixPath('/home/elpsy/workspace/sow/patch-backport/workspace/linux/kernel-torvalds/929c81/chunk_patches/chunk_001_20250612_165347.patch'), PosixPath('/home/elpsy/workspace/sow/patch-backport/workspace/linux/kernel-torvalds/929c81/chunk_patches/chunk_002_20250612_165347.patch')]
2025-06-12 16:53:48.605 | INFO     | __main__:_merge_patches:1140 - Chunk分析器应用了 2/2 个chunks
2025-06-12 16:53:48.605 | INFO     | __main__:_merge_patches:1144 - 所有chunks都已成功应用，跳过patch_adapter
2025-06-12 16:53:48.605 | INFO     | __main__:_combine_patch_files:1269 - 创建临时测试分支: patch_merge_c85f2202
2025-06-12 16:53:49.310 | INFO     | __main__:_combine_patch_files:1303 - 应用补丁: /home/elpsy/workspace/sow/patch-backport/workspace/linux/kernel-torvalds/929c81/chunk_patches/chunk_001_20250612_165347.patch
2025-06-12 16:53:49.310 | INFO     | __main__:_combine_patch_files:1306 - 执行命令: git apply --ignore-whitespace /home/elpsy/workspace/sow/patch-backport/workspace/linux/kernel-torvalds/929c81/chunk_patches/chunk_001_20250612_165347.patch
2025-06-12 16:53:49.314 | INFO     | __main__:_combine_patch_files:1318 - 应用补丁失败，返回码: 1
2025-06-12 16:53:49.314 | INFO     | __main__:_combine_patch_files:1320 - 错误输出: error: patch failed: drivers/video/fbdev/core/fbmem.c:544
error: drivers/video/fbdev/core/fbmem.c: patch does not apply

2025-06-12 16:53:49.315 | WARNING  | __main__:_combine_patch_files:1323 - 应用补丁 /home/elpsy/workspace/sow/patch-backport/workspace/linux/kernel-torvalds/929c81/chunk_patches/chunk_001_20250612_165347.patch 失败: error: patch failed: drivers/video/fbdev/core/fbmem.c:544
error: drivers/video/fbdev/core/fbmem.c: patch does not apply

2025-06-12 16:53:49.435 | INFO     | __main__:_combine_patch_files:1303 - 应用补丁: /home/elpsy/workspace/sow/patch-backport/workspace/linux/kernel-torvalds/929c81/chunk_patches/chunk_002_20250612_165347.patch
2025-06-12 16:53:49.436 | INFO     | __main__:_combine_patch_files:1306 - 执行命令: git apply --ignore-whitespace /home/elpsy/workspace/sow/patch-backport/workspace/linux/kernel-torvalds/929c81/chunk_patches/chunk_002_20250612_165347.patch
2025-06-12 16:53:49.441 | INFO     | __main__:_combine_patch_files:1318 - 应用补丁失败，返回码: 1
2025-06-12 16:53:49.441 | INFO     | __main__:_combine_patch_files:1320 - 错误输出: error: patch failed: include/linux/fb.h:601
error: include/linux/fb.h: patch does not apply

2025-06-12 16:53:49.442 | WARNING  | __main__:_combine_patch_files:1323 - 应用补丁 /home/elpsy/workspace/sow/patch-backport/workspace/linux/kernel-torvalds/929c81/chunk_patches/chunk_002_20250612_165347.patch 失败: error: patch failed: include/linux/fb.h:601
error: include/linux/fb.h: patch does not apply

2025-06-12 16:53:49.644 | WARNING  | __main__:_combine_patch_files:1361 - 合并后没有任何更改
2025-06-12 16:53:49.645 | INFO     | __main__:_combine_patch_files:1439 - 清理临时分支: patch_merge_c85f2202
2025-06-12 16:53:49.846 | ERROR    | __main__:_merge_patches:1158 - 合并chunk补丁失败，使用第一个补丁作为后备方案
2025-06-12 16:53:49.847 | INFO     | __main__:_process_mode1:392 - 成功合并补丁到: /home/elpsy/workspace/sow/patch-backport/workspace/linux/kernel-torvalds/929c81/chunk_patches/chunk_001_20250612_165347.patch
2025-06-12 16:53:49.848 | INFO     | __main__:_save_results:758 - 已复制最终补丁到结果目录: results/kernel-torvalds_v6.12-rc7_929c81_20250612_165349/chunk_001_20250612_165347.patch
2025-06-12 16:53:49.850 | INFO     | __main__:_save_results:896 - 结果已保存到: results/kernel-torvalds_v6.12-rc7_929c81_20250612_165349/result.json
2025-06-12 16:53:49.850 | INFO     | __main__:_print_summary:938 - context.patch_adapter_result: []
2025-06-12 16:53:49.851 | INFO     | __main__:_print_summary:965 - ==================================================
2025-06-12 16:53:49.851 | INFO     | __main__:_print_summary:966 - 处理摘要 - 提交: 929c81
2025-06-12 16:53:49.851 | INFO     | __main__:_print_summary:967 - 适配状态: 适配成功 (方法: chunk_analyzer)
2025-06-12 16:53:49.852 | INFO     | __main__:_print_summary:982 - 块分析统计:
2025-06-12 16:53:49.852 | INFO     | __main__:_print_summary:983 - - 总块数: 2
2025-06-12 16:53:49.852 | INFO     | __main__:_print_summary:984 - - 冲突块数: 0
2025-06-12 16:53:49.852 | INFO     | __main__:_print_summary:985 - - 成功适配块数: 0
2025-06-12 16:53:49.853 | INFO     | __main__:_print_summary:986 - - 适配失败块数: 0
2025-06-12 16:53:49.853 | INFO     | __main__:_print_summary:987 - - 编译失败块数: 0
2025-06-12 16:53:49.853 | INFO     | __main__:_print_summary:991 - 总执行时间: 2.15秒
2025-06-12 16:53:49.854 | INFO     | __main__:_print_summary:996 - ==================================================
2025-06-12 16:53:49.854 | INFO     | __main__:run:335 - 处理完成
2025-06-12 16:53:49.854 | INFO     | __main__:process_single_commit:2159 - ============================================================
2025-06-12 16:53:49.854 | INFO     | __main__:process_single_commit:2160 - 单个commit处理完成: 929c81ade6355b87097a2a4886c10750e68626cf
2025-06-12 16:53:49.855 | INFO     | __main__:process_single_commit:2161 - ============================================================
2025-06-12 16:53:49.857 | INFO     | __main__:clean_config:2121 - 清理配置文件: /home/elpsy/.config/port-patch/new_inputs.yaml
