2025-06-03 17:26:44.203 | INFO     | __main__:_setup_logger:325 - 日志文件: logs/backport_20250603_172644.log
2025-06-03 17:26:44.203 | INFO     | __main__:run:329 - 开始执行 模式1
2025-06-03 17:26:44.203 | INFO     | __main__:_process_mode1:349 - 处理补丁: https://sourceforge.net/p/sox/code/ci/b7883ae1398499daaa926ae6621f088f0f531ed8/
2025-06-03 17:26:44.204 | INFO     | core.adaptation_pipeline:_load_modules:65 - 已加载模块: direct_apply
2025-06-03 17:26:44.205 | INFO     | core.adaptation_pipeline:_load_modules:65 - 已加载模块: chunk_analyzer
2025-06-03 17:26:44.205 | INFO     | core.adaptation_pipeline:_load_modules:65 - 已加载模块: llm_adapter
2025-06-03 17:26:44.206 | INFO     | core.adaptation_pipeline:_load_modules:65 - 已加载模块: patch_adapter
2025-06-03 17:26:44.206 | INFO     | __main__:_process_mode1:356 - 目标版本: ['sox-14.4.2']
2025-06-03 17:26:44.207 | INFO     | __main__:_process_mode1:363 - 开始处理版本: sox-14.4.2
2025-06-03 17:26:44.207 | INFO     | core.adaptation_pipeline:process_patch:82 - 开始处理补丁: b7883ae1398499daaa926ae6621f088f0f531ed8
2025-06-03 17:26:44.207 | INFO     | core.adaptation_pipeline:process_patch:103 - 执行模块: direct_apply
2025-06-03 17:26:44.208 | INFO     | modules.direct_apply:_download_patch:245 - 上游补丁文件不存在，下载补丁
2025-06-03 17:26:44.209 | INFO     | patch_utils:_download_sourceforge_patch:305 - 解析SourceForge URL: 项目(Project)=sox, 仓库(Repo)=code, 提交(Commit)=b7883ae1398499daaa926ae6621f088f0f531ed8
2025-06-03 17:26:44.210 | INFO     | patch_utils:_download_sourceforge_patch:306 - 基础Commit URL (Base Commit URL): https://sourceforge.net/p/sox/code/ci/b7883ae1398499daaa926ae6621f088f0f531ed8
2025-06-03 17:26:44.210 | INFO     | patch_utils:_download_sourceforge_patch:311 - 尝试从以下URL下载diff (Attempting to download diff from): https://sourceforge.net/p/sox/code/ci/b7883ae1398499daaa926ae6621f088f0f531ed8/diff/?diff_format=u
2025-06-03 17:26:51.365 | ERROR    | patch_utils:_download_sourceforge_patch:336 - 下载SourceForge补丁时发生HTTP错误 (HTTP error while downloading SourceForge patch): 404 Not Found from https://sourceforge.net/p/sox/code/ci/b7883ae1398499daaa926ae6621f088f0f531ed8/diff/?diff_format=u
2025-06-03 17:26:51.366 | WARNING  | modules.direct_apply:_download_patch:258 - 补丁下载出错: 404 Client Error: Not Found for url: https://sourceforge.net/p/sox/code/ci/b7883ae1398499daaa926ae6621f088f0f531ed8/diff/?diff_format=u
2025-06-03 17:26:51.368 | INFO     | modules.direct_apply:_download_patch:261 - 尝试从本地仓库生成补丁
2025-06-03 17:26:51.369 | INFO     | patch_utils:generate_patch_from_git:428 - 尝试从本地仓库生成补丁: b7883ae1398499daaa926ae6621f088f0f531ed8
2025-06-03 17:26:51.375 | INFO     | patch_utils:generate_patch_from_git:451 - 成功从本地仓库生成补丁: workspace/sox/code/b7883a/patches/upstream_b7883a.patch
2025-06-03 17:26:51.376 | INFO     | modules.direct_apply:_download_patch:269 - 成功从本地仓库生成补丁: workspace/sox/code/b7883a/patches/upstream_b7883a.patch
2025-06-03 17:26:51.376 | INFO     | modules.direct_apply:execute:62 - 此时upstream_patch_path存在状态: True
2025-06-03 17:26:51.377 | INFO     | modules.direct_apply:execute:63 - 下载补丁成功: /home/elpsy/workspace/sow/patch-backport/workspace/sox/code/b7883a/patches/upstream_b7883a.patch
2025-06-03 17:26:51.389 | INFO     | modules.direct_apply:_prepare_test_branch:363 - 删除已存在的测试分支: test_patch_sox-14.4.2
2025-06-03 17:26:51.395 | INFO     | modules.direct_apply:_prepare_test_branch:376 - 创建测试分支: test_patch_sox-14.4.2
2025-06-03 17:26:51.410 | ERROR    | modules.direct_apply:_apply_patch:316 - 补丁应用失败: Patch format detection failed.

2025-06-03 17:26:51.418 | WARNING  | modules.direct_apply:_cleanup_test_branch:470 - 清理分支时发生错误: error: pathspec '4.0.14' did not match any file(s) known to git

2025-06-03 17:26:51.419 | INFO     | core.adaptation_pipeline:process_patch:103 - 执行模块: chunk_analyzer
2025-06-03 17:26:51.419 | INFO     | modules.chunk_analyzer:execute:52 - 开始分析补丁: /home/elpsy/workspace/sow/patch-backport/workspace/sox/code/b7883a/patches/upstream_b7883a.patch
2025-06-03 17:26:51.419 | INFO     | modules.chunk_analyzer:_split_patch_into_chunks:175 - 开始分解补丁文件: /home/elpsy/workspace/sow/patch-backport/workspace/sox/code/b7883a/patches/upstream_b7883a.patch
2025-06-03 17:26:51.420 | INFO     | modules.chunk_analyzer:_split_patch_into_chunks:180 - 补丁文件包含 86 行内容
2025-06-03 17:26:51.420 | INFO     | modules.chunk_analyzer:_split_patch_into_chunks:195 - 发现修改文件: src/fft4g.c
2025-06-03 17:26:51.421 | INFO     | modules.chunk_analyzer:_split_patch_into_chunks:246 - 发现修改块: src/fft4g.c @@ -322,6 +322,9 @@ (modification)
2025-06-03 17:26:51.421 | INFO     | modules.chunk_analyzer:_split_patch_into_chunks:246 - 发现修改块: src/fft4g.c @@ -344,6 +347,9 @@ (modification)
2025-06-03 17:26:51.421 | INFO     | modules.chunk_analyzer:_split_patch_into_chunks:246 - 发现修改块: src/fft4g.c @@ -384,6 +390,9 @@ (modification)
2025-06-03 17:26:51.422 | INFO     | modules.chunk_analyzer:_split_patch_into_chunks:246 - 发现修改块: src/fft4g.c @@ -435,6 +444,9 @@ (modification)
2025-06-03 17:26:51.422 | INFO     | modules.chunk_analyzer:_split_patch_into_chunks:246 - 发现修改块: src/fft4g.c @@ -486,6 +498,9 @@ (modification)
2025-06-03 17:26:51.423 | INFO     | modules.chunk_analyzer:_split_patch_into_chunks:246 - 发现修改块: src/fft4g.c @@ -576,6 +591,9 @@ (modification)
2025-06-03 17:26:51.423 | INFO     | modules.chunk_analyzer:_split_patch_into_chunks:195 - 发现修改文件: src/fft4g.h
2025-06-03 17:26:51.423 | INFO     | modules.chunk_analyzer:_split_patch_into_chunks:246 - 发现修改块: src/fft4g.h @@ -13,6 +13,8 @@ (modification)
2025-06-03 17:26:51.424 | INFO     | modules.chunk_analyzer:_split_patch_into_chunks:266 - 补丁分解完成，共找到 7 个修改块
2025-06-03 17:26:51.424 | INFO     | modules.chunk_analyzer:execute:56 - 补丁被分解为 7 个块
2025-06-03 17:26:51.425 | INFO     | modules.chunk_analyzer:_create_chunk_patches:285 - 从原始补丁提取头部信息: /home/elpsy/workspace/sow/patch-backport/workspace/sox/code/b7883a/patches/upstream_b7883a.patch
2025-06-03 17:26:51.426 | INFO     | modules.chunk_analyzer:_create_chunk_patches:311 - 创建块补丁文件: /home/elpsy/workspace/sow/patch-backport/workspace/sox/code/b7883a/chunk_patches/chunk_001_20250603_172651.patch (修改文件: src/fft4g.c)
2025-06-03 17:26:51.427 | INFO     | modules.chunk_analyzer:_create_chunk_patches:311 - 创建块补丁文件: /home/elpsy/workspace/sow/patch-backport/workspace/sox/code/b7883a/chunk_patches/chunk_002_20250603_172651.patch (修改文件: src/fft4g.c)
2025-06-03 17:26:51.427 | INFO     | modules.chunk_analyzer:_create_chunk_patches:311 - 创建块补丁文件: /home/elpsy/workspace/sow/patch-backport/workspace/sox/code/b7883a/chunk_patches/chunk_003_20250603_172651.patch (修改文件: src/fft4g.c)
2025-06-03 17:26:51.428 | INFO     | modules.chunk_analyzer:_create_chunk_patches:311 - 创建块补丁文件: /home/elpsy/workspace/sow/patch-backport/workspace/sox/code/b7883a/chunk_patches/chunk_004_20250603_172651.patch (修改文件: src/fft4g.c)
2025-06-03 17:26:51.428 | INFO     | modules.chunk_analyzer:_create_chunk_patches:311 - 创建块补丁文件: /home/elpsy/workspace/sow/patch-backport/workspace/sox/code/b7883a/chunk_patches/chunk_005_20250603_172651.patch (修改文件: src/fft4g.c)
2025-06-03 17:26:51.429 | INFO     | modules.chunk_analyzer:_create_chunk_patches:311 - 创建块补丁文件: /home/elpsy/workspace/sow/patch-backport/workspace/sox/code/b7883a/chunk_patches/chunk_006_20250603_172651.patch (修改文件: src/fft4g.c)
2025-06-03 17:26:51.430 | INFO     | modules.chunk_analyzer:_create_chunk_patches:311 - 创建块补丁文件: /home/elpsy/workspace/sow/patch-backport/workspace/sox/code/b7883a/chunk_patches/chunk_007_20250603_172651.patch (修改文件: src/fft4g.h)
2025-06-03 17:26:51.430 | INFO     | modules.chunk_analyzer:execute:60 - 已为 7 个块创建单独的补丁文件
2025-06-03 17:26:51.430 | INFO     | modules.chunk_analyzer:execute:62 - 第 1 个补丁文件为：
2025-06-03 17:26:51.431 | INFO     | modules.chunk_analyzer:execute:66 - commit b7883ae1398499daaa926ae6621f088f0f531ed8
Author: Mans Rullgard <mans@mansr.com>
Date:   Wed Apr 24 16:56:42 2019 +0100

    fft4g: bail if size too large (CVE-2019-8356)
    
    Prevent overflowing of fixed-size buffers in bitrv2() and bitrv2conj()
    if the transform size is too large.

diff --git a/src/fft4g.c b/src/fft4g.c
index 38a8bcc0..88a2a7ec 100644
--- a/src/fft4g.c
+++ b/src/fft4g.c
@@ -322,6 +322,9 @@ static void rftfsub(int n, double *a, int nc, double const *c);
 
 void cdft(int n, int isgn, double *a, int *ip, double *w)
 {
+    if (n > FFT4G_MAX_SIZE)
+        return;
+
     if (n > (ip[0] << 2)) {
         makewt(n >> 2, ip, w);
     }

2025-06-03 17:26:51.431 | INFO     | modules.chunk_analyzer:execute:62 - 第 2 个补丁文件为：
2025-06-03 17:26:51.431 | INFO     | modules.chunk_analyzer:execute:66 - commit b7883ae1398499daaa926ae6621f088f0f531ed8
Author: Mans Rullgard <mans@mansr.com>
Date:   Wed Apr 24 16:56:42 2019 +0100

    fft4g: bail if size too large (CVE-2019-8356)
    
    Prevent overflowing of fixed-size buffers in bitrv2() and bitrv2conj()
    if the transform size is too large.

diff --git a/src/fft4g.c b/src/fft4g.c
index 38a8bcc0..88a2a7ec 100644
--- a/src/fft4g.c
+++ b/src/fft4g.c
@@ -344,6 +347,9 @@ void rdft(int n, int isgn, double *a, int *ip, double *w)
     int nw, nc;
     double xi;
     
+    if (n > FFT4G_MAX_SIZE)
+        return;
+
     nw = ip[0];
     if (n > (nw << 2)) {
         nw = n >> 2;

2025-06-03 17:26:51.432 | INFO     | modules.chunk_analyzer:execute:62 - 第 3 个补丁文件为：
2025-06-03 17:26:51.432 | INFO     | modules.chunk_analyzer:execute:66 - commit b7883ae1398499daaa926ae6621f088f0f531ed8
Author: Mans Rullgard <mans@mansr.com>
Date:   Wed Apr 24 16:56:42 2019 +0100

    fft4g: bail if size too large (CVE-2019-8356)
    
    Prevent overflowing of fixed-size buffers in bitrv2() and bitrv2conj()
    if the transform size is too large.

diff --git a/src/fft4g.c b/src/fft4g.c
index 38a8bcc0..88a2a7ec 100644
--- a/src/fft4g.c
+++ b/src/fft4g.c
@@ -384,6 +390,9 @@ void ddct(int n, int isgn, double *a, int *ip, double *w)
     int j, nw, nc;
     double xr;
     
+    if (n > FFT4G_MAX_SIZE)
+        return;
+
     nw = ip[0];
     if (n > (nw << 2)) {
         nw = n >> 2;

2025-06-03 17:26:51.432 | INFO     | modules.chunk_analyzer:execute:62 - 第 4 个补丁文件为：
2025-06-03 17:26:51.432 | INFO     | modules.chunk_analyzer:execute:66 - commit b7883ae1398499daaa926ae6621f088f0f531ed8
Author: Mans Rullgard <mans@mansr.com>
Date:   Wed Apr 24 16:56:42 2019 +0100

    fft4g: bail if size too large (CVE-2019-8356)
    
    Prevent overflowing of fixed-size buffers in bitrv2() and bitrv2conj()
    if the transform size is too large.

diff --git a/src/fft4g.c b/src/fft4g.c
index 38a8bcc0..88a2a7ec 100644
--- a/src/fft4g.c
+++ b/src/fft4g.c
@@ -435,6 +444,9 @@ void ddst(int n, int isgn, double *a, int *ip, double *w)
     int j, nw, nc;
     double xr;
     
+    if (n > FFT4G_MAX_SIZE)
+        return;
+
     nw = ip[0];
     if (n > (nw << 2)) {
         nw = n >> 2;

2025-06-03 17:26:51.433 | INFO     | modules.chunk_analyzer:execute:62 - 第 5 个补丁文件为：
2025-06-03 17:26:51.433 | INFO     | modules.chunk_analyzer:execute:66 - commit b7883ae1398499daaa926ae6621f088f0f531ed8
Author: Mans Rullgard <mans@mansr.com>
Date:   Wed Apr 24 16:56:42 2019 +0100

    fft4g: bail if size too large (CVE-2019-8356)
    
    Prevent overflowing of fixed-size buffers in bitrv2() and bitrv2conj()
    if the transform size is too large.

diff --git a/src/fft4g.c b/src/fft4g.c
index 38a8bcc0..88a2a7ec 100644
--- a/src/fft4g.c
+++ b/src/fft4g.c
@@ -486,6 +498,9 @@ void dfct(int n, double *a, double *t, int *ip, double *w)
     int j, k, l, m, mh, nw, nc;
     double xr, xi, yr, yi;
     
+    if (n > FFT4G_MAX_SIZE)
+        return;
+
     nw = ip[0];
     if (n > (nw << 3)) {
         nw = n >> 3;

2025-06-03 17:26:51.433 | INFO     | modules.chunk_analyzer:execute:62 - 第 6 个补丁文件为：
2025-06-03 17:26:51.434 | INFO     | modules.chunk_analyzer:execute:66 - commit b7883ae1398499daaa926ae6621f088f0f531ed8
Author: Mans Rullgard <mans@mansr.com>
Date:   Wed Apr 24 16:56:42 2019 +0100

    fft4g: bail if size too large (CVE-2019-8356)
    
    Prevent overflowing of fixed-size buffers in bitrv2() and bitrv2conj()
    if the transform size is too large.

diff --git a/src/fft4g.c b/src/fft4g.c
index 38a8bcc0..88a2a7ec 100644
--- a/src/fft4g.c
+++ b/src/fft4g.c
@@ -576,6 +591,9 @@ void dfst(int n, double *a, double *t, int *ip, double *w)
     int j, k, l, m, mh, nw, nc;
     double xr, xi, yr, yi;
     
+    if (n > FFT4G_MAX_SIZE)
+        return;
+
     nw = ip[0];
     if (n > (nw << 3)) {
         nw = n >> 3;

2025-06-03 17:26:51.434 | INFO     | modules.chunk_analyzer:execute:62 - 第 7 个补丁文件为：
2025-06-03 17:26:51.434 | INFO     | modules.chunk_analyzer:execute:66 - commit b7883ae1398499daaa926ae6621f088f0f531ed8
Author: Mans Rullgard <mans@mansr.com>
Date:   Wed Apr 24 16:56:42 2019 +0100

    fft4g: bail if size too large (CVE-2019-8356)
    
    Prevent overflowing of fixed-size buffers in bitrv2() and bitrv2conj()
    if the transform size is too large.

diff --git a/src/fft4g.h b/src/fft4g.h
index 2b8051ca..95ee3413 100644
--- a/src/fft4g.h
+++ b/src/fft4g.h
@@ -13,6 +13,8 @@
  * Inc., 51 Franklin Street, Fifth Floor, Boston, MA  02110-1301  USA
  */
 
+#define FFT4G_MAX_SIZE 262144
+
 void lsx_cdft(int, int, double *, int *, double *);
 void lsx_rdft(int, int, double *, int *, double *);
 void lsx_ddct(int, int, double *, int *, double *);

2025-06-03 17:26:51.435 | INFO     | modules.chunk_analyzer:_apply_chunk_patches:347 - 尝试应用第 1/7 个块补丁: chunk_001_20250603_172651.patch
2025-06-03 17:26:51.438 | INFO     | modules.chunk_analyzer:_apply_chunk_patches:360 - 成功应用块补丁: chunk_001_20250603_172651.patch
2025-06-03 17:26:51.438 | INFO     | modules.chunk_analyzer:_apply_chunk_patches:347 - 尝试应用第 2/7 个块补丁: chunk_002_20250603_172651.patch
2025-06-03 17:26:51.442 | INFO     | modules.chunk_analyzer:_apply_chunk_patches:360 - 成功应用块补丁: chunk_002_20250603_172651.patch
2025-06-03 17:26:51.442 | INFO     | modules.chunk_analyzer:_apply_chunk_patches:347 - 尝试应用第 3/7 个块补丁: chunk_003_20250603_172651.patch
2025-06-03 17:26:51.448 | INFO     | modules.chunk_analyzer:_apply_chunk_patches:360 - 成功应用块补丁: chunk_003_20250603_172651.patch
2025-06-03 17:26:51.448 | INFO     | modules.chunk_analyzer:_apply_chunk_patches:347 - 尝试应用第 4/7 个块补丁: chunk_004_20250603_172651.patch
2025-06-03 17:26:51.452 | INFO     | modules.chunk_analyzer:_apply_chunk_patches:360 - 成功应用块补丁: chunk_004_20250603_172651.patch
2025-06-03 17:26:51.453 | INFO     | modules.chunk_analyzer:_apply_chunk_patches:347 - 尝试应用第 5/7 个块补丁: chunk_005_20250603_172651.patch
2025-06-03 17:26:51.456 | INFO     | modules.chunk_analyzer:_apply_chunk_patches:360 - 成功应用块补丁: chunk_005_20250603_172651.patch
2025-06-03 17:26:51.456 | INFO     | modules.chunk_analyzer:_apply_chunk_patches:347 - 尝试应用第 6/7 个块补丁: chunk_006_20250603_172651.patch
2025-06-03 17:26:51.461 | INFO     | modules.chunk_analyzer:_apply_chunk_patches:360 - 成功应用块补丁: chunk_006_20250603_172651.patch
2025-06-03 17:26:51.461 | INFO     | modules.chunk_analyzer:_apply_chunk_patches:347 - 尝试应用第 7/7 个块补丁: chunk_007_20250603_172651.patch
2025-06-03 17:26:51.465 | INFO     | modules.chunk_analyzer:_apply_chunk_patches:360 - 成功应用块补丁: chunk_007_20250603_172651.patch
2025-06-03 17:26:51.465 | INFO     | modules.chunk_analyzer:_apply_chunk_patches:389 - 块补丁应用统计信息:
2025-06-03 17:26:51.466 | INFO     | modules.chunk_analyzer:_apply_chunk_patches:390 - - 总块数: 7
2025-06-03 17:26:51.466 | INFO     | modules.chunk_analyzer:_apply_chunk_patches:391 - - 无冲突块数: 7
2025-06-03 17:26:51.466 | INFO     | modules.chunk_analyzer:_apply_chunk_patches:392 - - 适配失败块数: 0
2025-06-03 17:26:51.466 | INFO     | modules.chunk_analyzer:execute:70 - 成功应用了 7 个块补丁，总共 7 个
2025-06-03 17:26:51.467 | INFO     | modules.chunk_analyzer:execute:82 - 所有块补丁都已成功应用，无需创建剩余补丁
2025-06-03 17:26:51.468 | INFO     | modules.chunk_analyzer:execute:108 - 所有补丁块应用成功，标记为完全成功
2025-06-03 17:26:51.468 | INFO     | modules.chunk_analyzer:execute:114 - 补丁分块分析完成，耗时: 0.05秒
2025-06-03 17:26:51.469 | INFO     | modules.base_module:_save_metrics:143 - 评测指标已保存到: workspace/sox/code/b7883a/evaluations/chunk_analyzer/metrics_b7883a_20250603_172651.json
2025-06-03 17:26:51.470 | INFO     | modules.chunk_analyzer:_generate_additional_html_sections:855 - 找到当前评估会话目录: workspace/sox/code/b7883a/evaluations/chunk_analyzer/details_b7883a_20250603_172651
2025-06-03 17:26:51.471 | INFO     | modules.chunk_analyzer:_get_patch_content:1089 - 使用当前会话评估目录: workspace/sox/code/b7883a/evaluations/chunk_analyzer/details_b7883a_20250603_172651
2025-06-03 17:26:51.471 | WARNING  | modules.chunk_analyzer:_get_patch_content:1145 - 补丁目录不存在: workspace/sox/code/b7883a/evaluations/chunk_analyzer/details_b7883a_20250603_172651/patches
2025-06-03 17:26:51.471 | INFO     | modules.chunk_analyzer:_get_patch_content:1150 - 成功创建补丁目录: workspace/sox/code/b7883a/evaluations/chunk_analyzer/details_b7883a_20250603_172651/patches
2025-06-03 17:26:51.472 | INFO     | modules.chunk_analyzer:_get_patch_content:1168 - 已将原始补丁内容保存到: workspace/sox/code/b7883a/evaluations/chunk_analyzer/details_b7883a_20250603_172651/patches/original_patch.txt
2025-06-03 17:26:51.472 | INFO     | modules.chunk_analyzer:_get_patch_content:1089 - 使用当前会话评估目录: workspace/sox/code/b7883a/evaluations/chunk_analyzer/details_b7883a_20250603_172651
2025-06-03 17:26:51.473 | INFO     | modules.chunk_analyzer:_get_patch_content:1273 - 已将补丁块内容保存到: workspace/sox/code/b7883a/evaluations/chunk_analyzer/details_b7883a_20250603_172651/patches/applied_chunk_1.txt
2025-06-03 17:26:51.473 | INFO     | modules.chunk_analyzer:_get_patch_content:1273 - 已将补丁块内容保存到: workspace/sox/code/b7883a/evaluations/chunk_analyzer/details_b7883a_20250603_172651/patches/applied_chunk_2.txt
2025-06-03 17:26:51.473 | INFO     | modules.chunk_analyzer:_get_patch_content:1273 - 已将补丁块内容保存到: workspace/sox/code/b7883a/evaluations/chunk_analyzer/details_b7883a_20250603_172651/patches/applied_chunk_3.txt
2025-06-03 17:26:51.474 | INFO     | modules.chunk_analyzer:_get_patch_content:1273 - 已将补丁块内容保存到: workspace/sox/code/b7883a/evaluations/chunk_analyzer/details_b7883a_20250603_172651/patches/applied_chunk_4.txt
2025-06-03 17:26:51.474 | INFO     | modules.chunk_analyzer:_get_patch_content:1273 - 已将补丁块内容保存到: workspace/sox/code/b7883a/evaluations/chunk_analyzer/details_b7883a_20250603_172651/patches/applied_chunk_5.txt
2025-06-03 17:26:51.475 | INFO     | modules.chunk_analyzer:_get_patch_content:1273 - 已将补丁块内容保存到: workspace/sox/code/b7883a/evaluations/chunk_analyzer/details_b7883a_20250603_172651/patches/applied_chunk_6.txt
2025-06-03 17:26:51.475 | INFO     | modules.chunk_analyzer:_get_patch_content:1273 - 已将补丁块内容保存到: workspace/sox/code/b7883a/evaluations/chunk_analyzer/details_b7883a_20250603_172651/patches/applied_chunk_7.txt
2025-06-03 17:26:51.476 | INFO     | modules.chunk_analyzer:_get_patch_content:1282 - 已将合并的补丁块内容保存到: workspace/sox/code/b7883a/evaluations/chunk_analyzer/details_b7883a_20250603_172651/patches/all_applied_chunks.txt
2025-06-03 17:26:51.477 | INFO     | modules.chunk_analyzer:_get_patch_content:1286 - 从context获取应用成功的补丁内容
2025-06-03 17:26:51.477 | INFO     | modules.chunk_analyzer:_get_patch_content:1089 - 使用当前会话评估目录: workspace/sox/code/b7883a/evaluations/chunk_analyzer/details_b7883a_20250603_172651
2025-06-03 17:26:51.477 | WARNING  | modules.chunk_analyzer:_get_patch_content:1344 - 未找到剩余补丁文件
2025-06-03 17:26:51.478 | INFO     | modules.base_module:_save_evaluation_info:198 - 美观易读的评估信息已保存到: workspace/sox/code/b7883a/evaluations/chunk_analyzer/details_b7883a_20250603_172651
2025-06-03 17:26:51.481 | INFO     | core.adaptation_pipeline:process_patch:96 - 块分析器已成功应用所有块，跳过模块: LLMAdapterModule
2025-06-03 17:26:51.481 | INFO     | core.adaptation_pipeline:process_patch:96 - 块分析器已成功应用所有块，跳过模块: PatchAdapterModule
2025-06-03 17:26:51.482 | INFO     | core.adaptation_pipeline:process_patch:125 - 补丁处理完成，耗时: 7.27秒
2025-06-03 17:26:51.482 | INFO     | __main__:_merge_patches:1064 - 开始合并补丁...
2025-06-03 17:26:51.482 | INFO     | __main__:_merge_patches:1099 - chunk_results2:
2025-06-03 17:26:51.483 | INFO     | __main__:_merge_patches:1101 - chunk_patches: [PosixPath('/home/elpsy/workspace/sow/patch-backport/workspace/sox/code/b7883a/chunk_patches/chunk_001_20250603_172651.patch'), PosixPath('/home/elpsy/workspace/sow/patch-backport/workspace/sox/code/b7883a/chunk_patches/chunk_002_20250603_172651.patch'), PosixPath('/home/elpsy/workspace/sow/patch-backport/workspace/sox/code/b7883a/chunk_patches/chunk_003_20250603_172651.patch'), PosixPath('/home/elpsy/workspace/sow/patch-backport/workspace/sox/code/b7883a/chunk_patches/chunk_004_20250603_172651.patch'), PosixPath('/home/elpsy/workspace/sow/patch-backport/workspace/sox/code/b7883a/chunk_patches/chunk_005_20250603_172651.patch'), PosixPath('/home/elpsy/workspace/sow/patch-backport/workspace/sox/code/b7883a/chunk_patches/chunk_006_20250603_172651.patch'), PosixPath('/home/elpsy/workspace/sow/patch-backport/workspace/sox/code/b7883a/chunk_patches/chunk_007_20250603_172651.patch')]
2025-06-03 17:26:51.483 | INFO     | __main__:_merge_patches:1103 - Chunk分析器应用了 7/7 个chunks
2025-06-03 17:26:51.484 | INFO     | __main__:_merge_patches:1107 - 所有chunks都已成功应用，跳过patch_adapter
2025-06-03 17:26:51.484 | INFO     | __main__:_combine_patch_files:1232 - 创建临时测试分支: patch_merge_bd3df089
2025-06-03 17:26:51.502 | INFO     | __main__:_combine_patch_files:1266 - 应用补丁: /home/elpsy/workspace/sow/patch-backport/workspace/sox/code/b7883a/chunk_patches/chunk_001_20250603_172651.patch
2025-06-03 17:26:51.502 | INFO     | __main__:_combine_patch_files:1269 - 执行命令: git apply --ignore-whitespace /home/elpsy/workspace/sow/patch-backport/workspace/sox/code/b7883a/chunk_patches/chunk_001_20250603_172651.patch
2025-06-03 17:26:51.505 | INFO     | __main__:_combine_patch_files:1279 - 成功应用补丁: /home/elpsy/workspace/sow/patch-backport/workspace/sox/code/b7883a/chunk_patches/chunk_001_20250603_172651.patch
2025-06-03 17:26:51.506 | INFO     | __main__:_combine_patch_files:1266 - 应用补丁: /home/elpsy/workspace/sow/patch-backport/workspace/sox/code/b7883a/chunk_patches/chunk_002_20250603_172651.patch
2025-06-03 17:26:51.506 | INFO     | __main__:_combine_patch_files:1269 - 执行命令: git apply --ignore-whitespace /home/elpsy/workspace/sow/patch-backport/workspace/sox/code/b7883a/chunk_patches/chunk_002_20250603_172651.patch
2025-06-03 17:26:51.510 | INFO     | __main__:_combine_patch_files:1279 - 成功应用补丁: /home/elpsy/workspace/sow/patch-backport/workspace/sox/code/b7883a/chunk_patches/chunk_002_20250603_172651.patch
2025-06-03 17:26:51.510 | INFO     | __main__:_combine_patch_files:1266 - 应用补丁: /home/elpsy/workspace/sow/patch-backport/workspace/sox/code/b7883a/chunk_patches/chunk_003_20250603_172651.patch
2025-06-03 17:26:51.510 | INFO     | __main__:_combine_patch_files:1269 - 执行命令: git apply --ignore-whitespace /home/elpsy/workspace/sow/patch-backport/workspace/sox/code/b7883a/chunk_patches/chunk_003_20250603_172651.patch
2025-06-03 17:26:51.514 | INFO     | __main__:_combine_patch_files:1279 - 成功应用补丁: /home/elpsy/workspace/sow/patch-backport/workspace/sox/code/b7883a/chunk_patches/chunk_003_20250603_172651.patch
2025-06-03 17:26:51.514 | INFO     | __main__:_combine_patch_files:1266 - 应用补丁: /home/elpsy/workspace/sow/patch-backport/workspace/sox/code/b7883a/chunk_patches/chunk_004_20250603_172651.patch
2025-06-03 17:26:51.514 | INFO     | __main__:_combine_patch_files:1269 - 执行命令: git apply --ignore-whitespace /home/elpsy/workspace/sow/patch-backport/workspace/sox/code/b7883a/chunk_patches/chunk_004_20250603_172651.patch
2025-06-03 17:26:51.517 | INFO     | __main__:_combine_patch_files:1279 - 成功应用补丁: /home/elpsy/workspace/sow/patch-backport/workspace/sox/code/b7883a/chunk_patches/chunk_004_20250603_172651.patch
2025-06-03 17:26:51.518 | INFO     | __main__:_combine_patch_files:1266 - 应用补丁: /home/elpsy/workspace/sow/patch-backport/workspace/sox/code/b7883a/chunk_patches/chunk_005_20250603_172651.patch
2025-06-03 17:26:51.518 | INFO     | __main__:_combine_patch_files:1269 - 执行命令: git apply --ignore-whitespace /home/elpsy/workspace/sow/patch-backport/workspace/sox/code/b7883a/chunk_patches/chunk_005_20250603_172651.patch
2025-06-03 17:26:51.522 | INFO     | __main__:_combine_patch_files:1279 - 成功应用补丁: /home/elpsy/workspace/sow/patch-backport/workspace/sox/code/b7883a/chunk_patches/chunk_005_20250603_172651.patch
2025-06-03 17:26:51.522 | INFO     | __main__:_combine_patch_files:1266 - 应用补丁: /home/elpsy/workspace/sow/patch-backport/workspace/sox/code/b7883a/chunk_patches/chunk_006_20250603_172651.patch
2025-06-03 17:26:51.523 | INFO     | __main__:_combine_patch_files:1269 - 执行命令: git apply --ignore-whitespace /home/elpsy/workspace/sow/patch-backport/workspace/sox/code/b7883a/chunk_patches/chunk_006_20250603_172651.patch
2025-06-03 17:26:51.526 | INFO     | __main__:_combine_patch_files:1279 - 成功应用补丁: /home/elpsy/workspace/sow/patch-backport/workspace/sox/code/b7883a/chunk_patches/chunk_006_20250603_172651.patch
2025-06-03 17:26:51.527 | INFO     | __main__:_combine_patch_files:1266 - 应用补丁: /home/elpsy/workspace/sow/patch-backport/workspace/sox/code/b7883a/chunk_patches/chunk_007_20250603_172651.patch
2025-06-03 17:26:51.527 | INFO     | __main__:_combine_patch_files:1269 - 执行命令: git apply --ignore-whitespace /home/elpsy/workspace/sow/patch-backport/workspace/sox/code/b7883a/chunk_patches/chunk_007_20250603_172651.patch
2025-06-03 17:26:51.530 | INFO     | __main__:_combine_patch_files:1279 - 成功应用补丁: /home/elpsy/workspace/sow/patch-backport/workspace/sox/code/b7883a/chunk_patches/chunk_007_20250603_172651.patch
2025-06-03 17:26:51.549 | INFO     | __main__:_combine_patch_files:1345 - 执行命令: git format-patch -1 HEAD --stdout > temp_patch_merge/merged.patch
2025-06-03 17:26:51.554 | INFO     | __main__:_combine_patch_files:1387 - 成功生成合并补丁: temp_patch_merge/merged.patch (大小: 2465 字节)
2025-06-03 17:26:51.555 | INFO     | __main__:_combine_patch_files:1402 - 清理临时分支: patch_merge_bd3df089
2025-06-03 17:26:51.564 | INFO     | __main__:_merge_patches:1129 - 合并了 7 个chunk补丁到: workspace/sox/code/b7883a/patches/merged_sox-14.4.2.patch
2025-06-03 17:26:51.565 | INFO     | __main__:_process_mode1:390 - 成功合并补丁到: workspace/sox/code/b7883a/patches/merged_sox-14.4.2.patch
2025-06-03 17:26:51.565 | INFO     | __main__:_save_results:738 - 已复制最终补丁到结果目录: results/code_sox-14.4.2_b7883a_20250603_172651/merged_sox-14.4.2.patch
2025-06-03 17:26:51.566 | INFO     | __main__:_save_results:876 - 结果已保存到: results/code_sox-14.4.2_b7883a_20250603_172651/result.json
2025-06-03 17:26:51.567 | INFO     | __main__:_print_summary:918 - context.patch_adapter_result: []
2025-06-03 17:26:51.567 | INFO     | __main__:_print_summary:941 - ==================================================
2025-06-03 17:26:51.567 | INFO     | __main__:_print_summary:942 - 处理摘要 - 提交: b7883a
2025-06-03 17:26:51.567 | INFO     | __main__:_print_summary:943 - 适配状态: 适配失败 (方法: failed)
2025-06-03 17:26:51.567 | INFO     | __main__:_print_summary:948 - 块分析统计:
2025-06-03 17:26:51.568 | INFO     | __main__:_print_summary:949 - - 总块数: 7
2025-06-03 17:26:51.568 | INFO     | __main__:_print_summary:950 - - 无冲突块数: 7
2025-06-03 17:26:51.568 | INFO     | __main__:_print_summary:951 - - 成功适配块数: 0
2025-06-03 17:26:51.568 | INFO     | __main__:_print_summary:952 - - 适配失败块数: 0
2025-06-03 17:26:51.568 | INFO     | __main__:_print_summary:953 - - 编译失败块数: 0
2025-06-03 17:26:51.569 | INFO     | __main__:_print_summary:957 - 总执行时间: 7.27秒
2025-06-03 17:26:51.569 | INFO     | __main__:_print_summary:962 - ==================================================
2025-06-03 17:26:51.569 | INFO     | __main__:run:338 - 处理完成
2025-06-03 17:26:51.570 | INFO     | __main__:process_multiple_commits:1681 - 处理第 5/5 个commit: 2ce02fea7b350de9ddfbcf542ba4dd59a8ab255b
2025-06-03 17:26:51.573 | INFO     | __main__:extract_commit_info:1756 - Commit 2ce02fea7b350de9ddfbcf542ba4dd59a8ab255b 存在于仓库中
