2025-06-12 16:07:23.451 | INFO     | __main__:_setup_logger:325 - 日志文件: logs/backport_20250612_160723.log
2025-06-12 16:07:23.452 | INFO     | __main__:run:329 - 开始执行 模式1
2025-06-12 16:07:23.452 | INFO     | __main__:_process_mode1:351 - 处理补丁: https://github.com/linux/kernel-torvalds/commit/b662d858131da9a8a14e68661656989b14dbf113.patch
2025-06-12 16:07:23.453 | INFO     | core.adaptation_pipeline:_load_modules:66 - 已加载模块: direct_apply
2025-06-12 16:07:23.454 | INFO     | core.adaptation_pipeline:_load_modules:66 - 已加载模块: chunk_analyzer
2025-06-12 16:07:23.456 | INFO     | core.adaptation_pipeline:_load_modules:66 - 已加载模块: llm_adapter
2025-06-12 16:07:23.456 | INFO     | core.adaptation_pipeline:_load_modules:66 - 已加载模块: patch_adapter
2025-06-12 16:07:23.457 | INFO     | __main__:_process_mode1:358 - 目标版本: ['v6.12-rc7']
2025-06-12 16:07:23.458 | INFO     | __main__:_process_mode1:365 - 开始处理版本: v6.12-rc7
2025-06-12 16:07:23.461 | INFO     | core.adaptation_pipeline:process_patch:85 - 开始处理补丁: b662d858131da9a8a14e68661656989b14dbf113.patch
2025-06-12 16:07:23.461 | INFO     | core.adaptation_pipeline:process_patch:106 - 执行模块: direct_apply
2025-06-12 16:07:23.463 | INFO     | modules.direct_apply:_download_patch:245 - 上游补丁文件不存在，下载补丁
2025-06-12 16:07:23.465 | INFO     | patch_utils:_download_github_patch:232 - GitHub patch URL parts: ['https:', '', 'github.com', 'linux', 'kernel-torvalds', 'commit', 'b662d858131da9a8a14e68661656989b14dbf113.patch']
2025-06-12 16:07:23.465 | INFO     | patch_utils:_download_github_patch:240 - 使用GitHub Commit API下载patch: https://api.github.com/repos/linux/kernel-torvalds/commits/b662d858131da9a8a14e68661656989b14dbf113
2025-06-12 16:07:24.369 | ERROR    | patch_utils:_download_github_patch:260 - 使用GitHub API下载patch失败: 404 Client Error: Not Found for url: https://api.github.com/repos/linux/kernel-torvalds/commits/b662d858131da9a8a14e68661656989b14dbf113
2025-06-12 16:07:24.369 | INFO     | patch_utils:_download_direct_patch:396 - 直接下载补丁文件: https://github.com/linux/kernel-torvalds/commit/b662d858131da9a8a14e68661656989b14dbf113.patch
2025-06-12 16:07:30.849 | ERROR    | patch_utils:_download_direct_patch:427 - 直接下载patch失败: Exceeded 30 redirects.
2025-06-12 16:07:30.850 | WARNING  | modules.direct_apply:_download_patch:258 - 补丁下载出错: 无法下载补丁: https://github.com/linux/kernel-torvalds/commit/b662d858131da9a8a14e68661656989b14dbf113.patch - Exceeded 30 redirects.
2025-06-12 16:07:30.853 | INFO     | modules.direct_apply:_download_patch:261 - 尝试从本地仓库生成补丁
2025-06-12 16:07:30.854 | INFO     | patch_utils:generate_patch_from_git:452 - 尝试从本地仓库生成补丁: b662d858131da9a8a14e68661656989b14dbf113.patch
2025-06-12 16:07:30.867 | INFO     | patch_utils:generate_patch_from_git:483 - 成功从本地仓库生成补丁: workspace/linux/kernel-torvalds/b662d8/patches/upstream_b662d8.patch
2025-06-12 16:07:30.867 | INFO     | modules.direct_apply:_download_patch:269 - 成功从本地仓库生成补丁: workspace/linux/kernel-torvalds/b662d8/patches/upstream_b662d8.patch
2025-06-12 16:07:30.868 | INFO     | modules.direct_apply:execute:62 - 此时upstream_patch_path存在状态: True
2025-06-12 16:07:30.868 | INFO     | modules.direct_apply:execute:63 - 下载补丁成功: /home/elpsy/workspace/sow/patch-backport/workspace/linux/kernel-torvalds/b662d8/patches/upstream_b662d8.patch
2025-06-12 16:07:31.031 | INFO     | modules.direct_apply:_prepare_test_branch:375 - 创建测试分支: test_patch_v6.12-rc7
2025-06-12 16:07:31.687 | INFO     | modules.direct_apply:_apply_patch:311 - 补丁应用成功: /home/elpsy/workspace/sow/patch-backport/workspace/linux/kernel-torvalds/b662d8/patches/upstream_b662d8.patch
2025-06-12 16:07:31.732 | INFO     | modules.direct_apply:_move_to_cache:131 - 源目录: workspace/linux/kernel-torvalds/b662d8
2025-06-12 16:07:31.733 | INFO     | modules.direct_apply:_move_to_cache:139 - 目标目录: workspace/linux/kernel-torvalds_cache
2025-06-12 16:07:31.733 | INFO     | modules.direct_apply:_move_to_cache:150 - 已将成功的commit文件夹移动到缓存: workspace/linux/kernel-torvalds_cache
2025-06-12 16:07:31.888 | INFO     | modules.direct_apply:_cleanup_test_branch:467 - 清理测试分支: test_patch_v6.12-rc7
2025-06-12 16:07:31.889 | INFO     | modules.base_module:_save_metrics:143 - 评测指标已保存到: workspace/linux/kernel-torvalds/b662d8/evaluations/direct_apply/metrics_b662d8_20250612_160731.json
2025-06-12 16:07:31.889 | INFO     | core.adaptation_pipeline:process_patch:94 - 直接应用成功，跳过模块: ChunkAnalyzerModule
2025-06-12 16:07:31.890 | INFO     | core.adaptation_pipeline:process_patch:94 - 直接应用成功，跳过模块: LLMAdapterModule
2025-06-12 16:07:31.890 | INFO     | core.adaptation_pipeline:process_patch:94 - 直接应用成功，跳过模块: PatchAdapterModule
2025-06-12 16:07:31.890 | INFO     | core.adaptation_pipeline:process_patch:128 - 补丁处理完成，耗时: 8.43秒
2025-06-12 16:07:31.890 | INFO     | __main__:_merge_patches:1087 - 开始合并补丁...
2025-06-12 16:07:31.891 | WARNING  | __main__:_merge_patches:1095 - 没有找到任何可合并的补丁结果
2025-06-12 16:07:31.892 | ERROR    | __main__:_save_results:758 - 复制补丁文件时出错: [Errno 2] No such file or directory: '/home/elpsy/workspace/sow/patch-backport/workspace/linux/kernel-torvalds/b662d8/patches/upstream_b662d8.patch'
2025-06-12 16:07:31.892 | INFO     | __main__:_save_results:889 - 结果已保存到: results/kernel-torvalds_v6.12-rc7_b662d8_20250612_160731/result.json
2025-06-12 16:07:31.893 | INFO     | __main__:_print_summary:931 - context.patch_adapter_result: []
2025-06-12 16:07:31.893 | INFO     | __main__:_print_summary:954 - ==================================================
2025-06-12 16:07:31.893 | INFO     | __main__:_print_summary:955 - 处理摘要 - 提交: b662d8
2025-06-12 16:07:31.893 | INFO     | __main__:_print_summary:956 - 适配状态: 无需适配 (直接应用成功) (方法: direct_apply)
2025-06-12 16:07:31.894 | INFO     | __main__:_print_summary:971 - 块分析统计:
2025-06-12 16:07:31.894 | INFO     | __main__:_print_summary:972 - - 总块数: 0
2025-06-12 16:07:31.894 | INFO     | __main__:_print_summary:973 - - 冲突块数: 0
2025-06-12 16:07:31.894 | INFO     | __main__:_print_summary:974 - - 成功适配块数: 0
2025-06-12 16:07:31.895 | INFO     | __main__:_print_summary:975 - - 适配失败块数: 0
2025-06-12 16:07:31.895 | INFO     | __main__:_print_summary:976 - - 编译失败块数: 0
2025-06-12 16:07:31.895 | INFO     | __main__:_print_summary:980 - 总执行时间: 8.43秒
2025-06-12 16:07:31.895 | INFO     | __main__:_print_summary:985 - ==================================================
2025-06-12 16:07:31.895 | INFO     | __main__:run:335 - 处理完成
2025-06-12 16:07:31.896 | INFO     | __main__:process_multiple_commits:1941 - 
============================================================
2025-06-12 16:07:31.896 | INFO     | __main__:process_multiple_commits:1942 - 完成处理 5 个commit
2025-06-12 16:07:31.896 | INFO     | __main__:process_multiple_commits:1943 - 总耗时: 105.01秒
2025-06-12 16:07:31.897 | INFO     | __main__:process_multiple_commits:1944 - 成功数量: 4/5 (80.00%)
2025-06-12 16:07:31.897 | INFO     | __main__:process_multiple_commits:1945 - ============================================================
2025-06-12 16:07:31.897 | INFO     | __main__:_print_mode1_statistics:1572 - ============================================================
2025-06-12 16:07:31.897 | INFO     | __main__:_print_mode1_statistics:1573 - 模式1处理统计 - 多个commit
2025-06-12 16:07:31.898 | INFO     | __main__:_print_mode1_statistics:1574 - ============================================================
2025-06-12 16:07:31.898 | INFO     | __main__:_print_mode1_statistics:1575 - 总提交数: 5
2025-06-12 16:07:31.898 | INFO     | __main__:_print_mode1_statistics:1576 - 成功处理数: 4
2025-06-12 16:07:31.898 | INFO     | __main__:_print_mode1_statistics:1577 - 直接应用成功: 3
2025-06-12 16:07:31.898 | INFO     | __main__:_print_mode1_statistics:1578 - 需要适配数量: 2
2025-06-12 16:07:31.899 | INFO     | __main__:_print_mode1_statistics:1579 - 适配成功数量: 1
2025-06-12 16:07:31.899 | INFO     | __main__:_print_mode1_statistics:1580 - 适配失败数量: 1
2025-06-12 16:07:31.899 | INFO     | __main__:_print_mode1_statistics:1581 - 总体成功率: 80.00%
2025-06-12 16:07:31.899 | INFO     | __main__:_print_mode1_statistics:1582 - 适配成功率: 50.00%
2025-06-12 16:07:31.899 | INFO     | __main__:_print_mode1_statistics:1586 - 
提交详情:
2025-06-12 16:07:31.900 | INFO     | __main__:_print_mode1_statistics:1591 -   - c84e12: 成功 (方法: direct_apply, 耗时: 8.18秒)
2025-06-12 16:07:31.900 | INFO     | __main__:_print_mode1_statistics:1591 -   - ca76bb: 成功 (方法: direct_apply, 耗时: 8.16秒)
2025-06-12 16:07:31.900 | INFO     | __main__:_print_mode1_statistics:1591 -   - f70681: 失败 (方法: 无, 耗时: 22.48秒)
2025-06-12 16:07:31.900 | INFO     | __main__:_print_mode1_statistics:1591 -   - 68a3a6: 成功 (方法: patch_adapter, 耗时: 56.23秒)
2025-06-12 16:07:31.901 | INFO     | __main__:_print_mode1_statistics:1591 -   - b662d8: 成功 (方法: direct_apply, 耗时: 8.43秒)
2025-06-12 16:07:31.901 | INFO     | __main__:_print_mode1_statistics:1594 - 
失败的提交:
2025-06-12 16:07:31.901 | INFO     | __main__:_print_mode1_statistics:1596 -   - f70681: None
2025-06-12 16:07:31.901 | INFO     | __main__:_print_mode1_statistics:1598 - ============================================================
2025-06-12 16:07:31.902 | INFO     | __main__:_print_mode1_statistics:1633 - 统计结果已保存到: statistics/kernel-torvalds_mode1_multi_commits_stats_20250612_160731.json
2025-06-12 16:07:31.905 | INFO     | __main__:clean_config:2107 - 清理配置文件: /home/elpsy/.config/port-patch/new_inputs.yaml
