2025-03-14 13:03:20.213 | INFO     | __main__:_setup_logger:109 - 日志文件: logs/backport_20250314_130320.log
2025-03-14 13:03:20.213 | INFO     | __main__:run:113 - 开始执行 模式2
2025-03-14 13:03:20.213 | INFO     | __main__:_get_commits_list:248 - commits_file:workspace/gregkh/linux_cache/branch_linux-6.12.y_commits.json
2025-03-14 13:03:20.214 | INFO     | __main__:_get_commits_list:249 - use_cached_commits:True
2025-03-14 13:03:20.214 | INFO     | __main__:_get_commits_list:252 - 从缓存文件加载commits信息
2025-03-14 13:03:20.216 | INFO     | __main__:_process_mode2:171 - 找到 296 个上游提交
2025-03-14 13:03:20.216 | INFO     | core.adaptation_pipeline:_load_modules:56 - 已加载模块: direct_apply
2025-03-14 13:03:20.217 | INFO     | core.adaptation_pipeline:_load_modules:56 - 已加载模块: chunk_analyzer
2025-03-14 13:03:20.217 | INFO     | core.adaptation_pipeline:_load_modules:56 - 已加载模块: llm_adapter
2025-03-14 13:03:20.218 | INFO     | core.adaptation_pipeline:_load_modules:56 - 已加载模块: patch_adapter
2025-03-14 13:03:20.218 | INFO     | core.adaptation_pipeline:_load_modules:56 - 已加载模块: compiler
2025-03-14 13:03:20.218 | INFO     | __main__:_process_mode2:193 - 处理提交 66/5: ab027c
2025-03-14 13:03:20.219 | INFO     | core.adaptation_pipeline:process_patch:68 - 开始处理补丁: ab027c488fc4a1fff0a5b712d4bdb2d2d324e8f8
2025-03-14 13:03:20.220 | INFO     | core.adaptation_pipeline:process_patch:83 - 执行模块: direct_apply
2025-03-14 13:03:20.249 | INFO     | modules.direct_apply:execute:51 - 从缓存中获取到直接应用结果: {'error': None, 'message': '补丁直接应用成功', 'patch_path': '/home/elpsy/workspace/sow/patch-backport/workspace/gregkh/linux/ab027c/patches/upstream_ab027c.patch', 'success': True, 'timestamp': '2025-03-13T20:56:27.682342'}
2025-03-14 13:03:20.250 | INFO     | core.adaptation_pipeline:process_patch:77 - 直接应用成功，跳过模块: ChunkAnalyzerModule
2025-03-14 13:03:20.250 | INFO     | core.adaptation_pipeline:process_patch:77 - 直接应用成功，跳过模块: LLMAdapterModule
2025-03-14 13:03:20.250 | INFO     | core.adaptation_pipeline:process_patch:77 - 直接应用成功，跳过模块: PatchAdapterModule
2025-03-14 13:03:20.250 | INFO     | core.adaptation_pipeline:process_patch:77 - 直接应用成功，跳过模块: CompilerModule
2025-03-14 13:03:20.251 | INFO     | core.adaptation_pipeline:process_patch:105 - 补丁处理完成，耗时: 0.03秒
2025-03-14 13:03:20.252 | INFO     | __main__:_save_results:430 - 结果已保存到: results/linux-6.12.y_ab027c_20250314_130320/result.json
2025-03-14 13:03:20.252 | INFO     | __main__:_print_summary:440 - context.patch_adapter_result: []
2025-03-14 13:03:20.252 | INFO     | __main__:_print_summary:461 - ==================================================
2025-03-14 13:03:20.252 | INFO     | __main__:_print_summary:462 - 处理摘要 - 提交: ab027c
2025-03-14 13:03:20.252 | INFO     | __main__:_print_summary:463 - 结果: 直接应用成功 (方法: direct_apply)
2025-03-14 13:03:20.253 | INFO     | __main__:_print_summary:468 - ==================================================
2025-03-14 13:03:20.253 | ERROR    | __main__:run:125 - 执行过程发生错误: 'NoneType' object has no attribute 'get'
2025-03-14 13:03:20.254 | ERROR    | __main__:run:126 - 错误堆栈: Traceback (most recent call last):
  File "/home/elpsy/workspace/sow/patch-backport/main.py", line 120, in run
    self._process_mode2()
  File "/home/elpsy/workspace/sow/patch-backport/main.py", line 215, in _process_mode2
    llm_success = bool(context.llm_output.get('apply_result') and context.llm_output.get('apply_result').get('success'))
                       ^^^^^^^^^^^^^^^^^^^^^^
AttributeError: 'NoneType' object has no attribute 'get'

