2025-06-12 17:27:18.962 | INFO     | __main__:_setup_logger:325 - 日志文件: logs/backport_20250612_172718.log
2025-06-12 17:27:18.962 | INFO     | __main__:run:329 - 开始执行 模式1
2025-06-12 17:27:18.963 | INFO     | __main__:_process_mode1:351 - 处理补丁: https://github.com/linux/kernel-torvalds/commit/f70681e9e6066ab7b102e6b46a336a8ed67812ae.patch
2025-06-12 17:27:18.964 | INFO     | core.adaptation_pipeline:_load_modules:66 - 已加载模块: direct_apply
2025-06-12 17:27:18.964 | INFO     | core.adaptation_pipeline:_load_modules:66 - 已加载模块: chunk_analyzer
2025-06-12 17:27:18.966 | INFO     | core.adaptation_pipeline:_load_modules:66 - 已加载模块: llm_adapter
2025-06-12 17:27:18.966 | INFO     | core.adaptation_pipeline:_load_modules:66 - 已加载模块: patch_adapter
2025-06-12 17:27:18.966 | INFO     | __main__:_process_mode1:358 - 目标版本: ['v6.12-rc7']
2025-06-12 17:27:18.966 | INFO     | __main__:_process_mode1:365 - 开始处理版本: v6.12-rc7
2025-06-12 17:27:18.967 | INFO     | core.adaptation_pipeline:process_patch:85 - 开始处理补丁: f70681e9e6066ab7b102e6b46a336a8ed67812ae.patch
2025-06-12 17:27:18.967 | INFO     | core.adaptation_pipeline:process_patch:106 - 执行模块: direct_apply
2025-06-12 17:27:18.968 | INFO     | modules.direct_apply:_download_patch:248 - 上游补丁文件已存在: workspace/linux/kernel-torvalds/f70681/patches/upstream_f70681.patch
2025-06-12 17:27:18.968 | INFO     | modules.direct_apply:execute:62 - 此时upstream_patch_path存在状态: True
2025-06-12 17:27:18.968 | INFO     | modules.direct_apply:execute:63 - 下载补丁成功: /home/elpsy/workspace/sow/patch-backport/workspace/linux/kernel-torvalds/f70681/patches/upstream_f70681.patch
2025-06-12 17:27:19.152 | INFO     | modules.direct_apply:_prepare_test_branch:400 - 创建测试分支: test_patch_v6.12-rc7
2025-06-12 17:27:19.793 | ERROR    | modules.direct_apply:_apply_patch:340 - 补丁应用失败: error: patch failed: fs/libfs.c:496
error: fs/libfs.c: patch does not apply
hint: Use 'git am --show-current-patch' to see the failed patch

2025-06-12 17:27:20.233 | INFO     | modules.direct_apply:_cleanup_test_branch:492 - 清理测试分支: test_patch_v6.12-rc7
2025-06-12 17:27:20.233 | INFO     | core.adaptation_pipeline:process_patch:106 - 执行模块: chunk_analyzer
2025-06-12 17:27:20.233 | INFO     | modules.chunk_analyzer:execute:52 - 开始分析补丁: /home/elpsy/workspace/sow/patch-backport/workspace/linux/kernel-torvalds/f70681/patches/upstream_f70681.patch
2025-06-12 17:27:20.234 | INFO     | modules.chunk_analyzer:_split_patch_into_chunks:178 - 开始分解补丁文件: /home/elpsy/workspace/sow/patch-backport/workspace/linux/kernel-torvalds/f70681/patches/upstream_f70681.patch
2025-06-12 17:27:20.234 | INFO     | modules.chunk_analyzer:_split_patch_into_chunks:183 - 补丁文件包含 60 行内容
2025-06-12 17:27:20.235 | INFO     | modules.chunk_analyzer:_split_patch_into_chunks:198 - 发现修改文件: fs/libfs.c
2025-06-12 17:27:20.235 | INFO     | modules.chunk_analyzer:_split_patch_into_chunks:249 - 发现修改块: fs/libfs.c @@ -496,7 +496,7 @@ (modification)
2025-06-12 17:27:20.235 | INFO     | modules.chunk_analyzer:_split_patch_into_chunks:269 - 补丁分解完成，共找到 1 个修改块
2025-06-12 17:27:20.236 | INFO     | modules.chunk_analyzer:execute:56 - 补丁被分解为 1 个块
2025-06-12 17:27:20.236 | INFO     | modules.chunk_analyzer:_create_chunk_patches:288 - 从原始补丁提取头部信息: /home/elpsy/workspace/sow/patch-backport/workspace/linux/kernel-torvalds/f70681/patches/upstream_f70681.patch
2025-06-12 17:27:20.237 | INFO     | modules.chunk_analyzer:_create_chunk_patches:314 - 创建块补丁文件: /home/elpsy/workspace/sow/patch-backport/workspace/linux/kernel-torvalds/f70681/chunk_patches/chunk_001_20250612_172720.patch (修改文件: fs/libfs.c)
2025-06-12 17:27:20.237 | INFO     | modules.chunk_analyzer:execute:60 - 已为 1 个块创建单独的补丁文件
2025-06-12 17:27:20.237 | INFO     | modules.chunk_analyzer:execute:62 - 第 1 个补丁文件为：
2025-06-12 17:27:20.237 | INFO     | modules.chunk_analyzer:execute:66 - From f70681e9e6066ab7b102e6b46a336a8ed67812ae Mon Sep 17 00:00:00 2001
From: Yongjian Sun <sunyongjian1@huawei.com>
Date: Thu, 20 Mar 2025 11:44:17 +0800
Subject: [PATCH] libfs: Fix duplicate directory entry in offset_dir_lookup

There is an issue in the kernel:

In tmpfs, when using the "ls" command to list the contents
of a directory with a large number of files, glibc performs
the getdents call in multiple rounds. If a concurrent unlink
occurs between these getdents calls, it may lead to duplicate
directory entries in the ls output. One possible reproduction
scenario is as follows:

Create 1026 files and execute ls and rm concurrently:

for i in {1..1026}; do
    echo "This is file $i" > /tmp/dir/file$i
done

ls /tmp/dir				rm /tmp/dir/file4
	->getdents(file1026-file5)
						->unlink(file4)

	->getdents(file5,file3,file2,file1)

It is expected that the second getdents call to return file3
through file1, but instead it returns an extra file5.

The root cause of this problem is in the offset_dir_lookup
function. It uses mas_find to determine the starting position
for the current getdents call. Since mas_find locates the first
position that is greater than or equal to mas->index, when file4
is deleted, it ends up returning file5.

It can be fixed by replacing mas_find with mas_find_rev, which
finds the first position that is less than or equal to mas->index.

Fixes: b9b588f22a0c ("libfs: Use d_children list to iterate simple_offset directories")
Signed-off-by: Yongjian Sun <sunyongjian1@huawei.com>
Link: https://lore.kernel.org/r/20250320034417.555810-1-sunyongjian@huaweicloud.com
Reviewed-by: Chuck Lever <chuck.lever@oracle.com>
Signed-off-by: Christian Brauner <brauner@kernel.org>

diff --git a/fs/libfs.c b/fs/libfs.c
index 8444f5cc4064..dc042a975a56 100644
--- a/fs/libfs.c
+++ b/fs/libfs.c
@@ -496,7 +496,7 @@ offset_dir_lookup(struct dentry *parent, loff_t offset)
 		found = find_positive_dentry(parent, NULL, false);
 	else {
 		rcu_read_lock();
-		child = mas_find(&mas, DIR_OFFSET_MAX);
+		child = mas_find_rev(&mas, DIR_OFFSET_MIN);
 		found = find_positive_dentry(parent, child, false);
 		rcu_read_unlock();
 	}
-- 
2.25.1


2025-06-12 17:27:20.238 | INFO     | modules.chunk_analyzer:_apply_chunk_patches:357 - 切换到目标版本: v6.12-rc7
2025-06-12 17:27:20.383 | INFO     | modules.chunk_analyzer:_apply_chunk_patches:369 - 创建测试分支: test_chunk_apply_f6779332
2025-06-12 17:27:20.818 | INFO     | modules.chunk_analyzer:_apply_chunk_patches:388 - 尝试应用第 1/1 个块补丁: chunk_001_20250612_172720.patch
2025-06-12 17:27:20.826 | WARNING  | modules.chunk_analyzer:_apply_chunk_patches:420 - 块补丁 chunk_001_20250612_172720.patch 应用失败: error: patch failed: fs/libfs.c:496
error: fs/libfs.c: patch does not apply

2025-06-12 17:27:20.826 | INFO     | modules.chunk_analyzer:_apply_chunk_patches:430 - 块补丁应用统计信息:
2025-06-12 17:27:20.827 | INFO     | modules.chunk_analyzer:_apply_chunk_patches:431 - - 总块数: 1
2025-06-12 17:27:20.827 | INFO     | modules.chunk_analyzer:_apply_chunk_patches:432 - - 无冲突块数: 0
2025-06-12 17:27:20.827 | INFO     | modules.chunk_analyzer:_apply_chunk_patches:433 - - 适配失败块数: 1
2025-06-12 17:27:20.827 | INFO     | modules.chunk_analyzer:_apply_chunk_patches:438 - 切换回目标版本: v6.12-rc7
2025-06-12 17:27:20.972 | INFO     | modules.chunk_analyzer:_apply_chunk_patches:446 - 删除测试分支: test_chunk_apply_f6779332
2025-06-12 17:27:20.976 | INFO     | modules.chunk_analyzer:execute:70 - 成功应用了 0 个块补丁，总共 1 个
2025-06-12 17:27:20.977 | INFO     | modules.chunk_analyzer:_create_remaining_patch:527 - 创建剩余块补丁文件: /home/elpsy/workspace/sow/patch-backport/workspace/linux/kernel-torvalds/f70681/chunk_patches/remaining_chunks_20250612_172720.patch
2025-06-12 17:27:20.978 | INFO     | modules.chunk_analyzer:execute:78 - 创建了包含 1 个未应用块的剩余补丁: /home/elpsy/workspace/sow/patch-backport/workspace/linux/kernel-torvalds/f70681/chunk_patches/remaining_chunks_20250612_172720.patch
2025-06-12 17:27:20.979 | INFO     | modules.chunk_analyzer:execute:102 - 已将剩余补丁路径存储到上下文: /home/elpsy/workspace/sow/patch-backport/workspace/linux/kernel-torvalds/f70681/chunk_patches/remaining_chunks_20250612_172720.patch
2025-06-12 17:27:20.979 | INFO     | modules.chunk_analyzer:execute:117 - 补丁分块分析完成，耗时: 0.75秒
2025-06-12 17:27:20.980 | INFO     | modules.base_module:_save_metrics:143 - 评测指标已保存到: workspace/linux/kernel-torvalds/f70681/evaluations/chunk_analyzer/metrics_f70681_20250612_172720.json
2025-06-12 17:27:20.981 | INFO     | modules.chunk_analyzer:_generate_additional_html_sections:917 - 找到当前评估会话目录: workspace/linux/kernel-torvalds/f70681/evaluations/chunk_analyzer/details_f70681_20250612_172720
2025-06-12 17:27:20.982 | INFO     | modules.chunk_analyzer:_get_patch_content:1151 - 使用当前会话评估目录: workspace/linux/kernel-torvalds/f70681/evaluations/chunk_analyzer/details_f70681_20250612_172720
2025-06-12 17:27:20.982 | WARNING  | modules.chunk_analyzer:_get_patch_content:1207 - 补丁目录不存在: workspace/linux/kernel-torvalds/f70681/evaluations/chunk_analyzer/details_f70681_20250612_172720/patches
2025-06-12 17:27:20.982 | INFO     | modules.chunk_analyzer:_get_patch_content:1212 - 成功创建补丁目录: workspace/linux/kernel-torvalds/f70681/evaluations/chunk_analyzer/details_f70681_20250612_172720/patches
2025-06-12 17:27:20.983 | INFO     | modules.chunk_analyzer:_get_patch_content:1230 - 已将原始补丁内容保存到: workspace/linux/kernel-torvalds/f70681/evaluations/chunk_analyzer/details_f70681_20250612_172720/patches/original_patch.txt
2025-06-12 17:27:20.983 | INFO     | modules.chunk_analyzer:_get_patch_content:1151 - 使用当前会话评估目录: workspace/linux/kernel-torvalds/f70681/evaluations/chunk_analyzer/details_f70681_20250612_172720
2025-06-12 17:27:20.984 | WARNING  | modules.chunk_analyzer:_get_patch_content:1351 - 未找到任何应用成功的补丁文件
2025-06-12 17:27:20.984 | INFO     | modules.chunk_analyzer:_get_patch_content:1151 - 使用当前会话评估目录: workspace/linux/kernel-torvalds/f70681/evaluations/chunk_analyzer/details_f70681_20250612_172720
2025-06-12 17:27:20.985 | INFO     | modules.chunk_analyzer:_get_patch_content:1399 - 已将剩余补丁内容保存到: workspace/linux/kernel-torvalds/f70681/evaluations/chunk_analyzer/details_f70681_20250612_172720/patches/remaining_patch.txt
2025-06-12 17:27:20.985 | INFO     | modules.chunk_analyzer:_get_patch_content:1403 - 从context获取剩余补丁内容: /home/elpsy/workspace/sow/patch-backport/workspace/linux/kernel-torvalds/f70681/chunk_patches/remaining_chunks_20250612_172720.patch
2025-06-12 17:27:20.986 | INFO     | modules.base_module:_save_evaluation_info:198 - 美观易读的评估信息已保存到: workspace/linux/kernel-torvalds/f70681/evaluations/chunk_analyzer/details_f70681_20250612_172720
2025-06-12 17:27:20.988 | INFO     | core.adaptation_pipeline:process_patch:106 - 执行模块: llm_adapter
2025-06-12 17:27:20.988 | INFO     | modules.llm_adapter:execute:71 - context.commit.patch_path: /home/elpsy/workspace/sow/patch-backport/workspace/linux/kernel-torvalds/f70681/patches/upstream_f70681.patch
2025-06-12 17:27:20.988 | INFO     | modules.llm_adapter:execute:73 - 使用原始补丁文件: /home/elpsy/workspace/sow/patch-backport/workspace/linux/kernel-torvalds/f70681/patches/upstream_f70681.patch
2025-06-12 17:27:20.988 | INFO     | modules.llm_adapter:_prepare_prompt_data:223 - 使用传统上下文差异
2025-06-12 17:27:20.989 | INFO     | modules.llm_adapter:_call_llm:951 - 使用标准提示模式，使用diff模板: backport-diff
2025-06-12 17:27:21.078 | INFO     | llm_assistant:run:278 - +++++++++++++++++++++++++++++++++++
2025-06-12 17:27:21.565 | INFO     | __main__:clean_config:2181 - 清理配置文件: /home/elpsy/.config/port-patch/new_inputs.yaml
