2025-02-27 15:03:32.526 | INFO     | __main__:_setup_logger:109 - 日志文件: logs/backport_20250227_150332.log
2025-02-27 15:03:32.527 | INFO     | __main__:run:113 - 开始执行 模式2
2025-02-27 15:03:32.528 | INFO     | __main__:_get_upstream_commits:225 - commits_file:workspace/gregkh/linux/cache/commits.json
2025-02-27 15:03:32.528 | INFO     | __main__:_get_upstream_commits:226 - use_cached_commits:True
2025-02-27 15:03:32.529 | INFO     | __main__:_get_upstream_commits:229 - 从缓存文件加载commits信息
2025-02-27 15:03:32.534 | INFO     | __main__:_process_mode2:171 - 找到 297 个上游提交
2025-02-27 15:03:32.536 | INFO     | core.adaptation_pipeline:_load_modules:55 - 已加载模块: direct_apply
2025-02-27 15:03:32.539 | INFO     | core.adaptation_pipeline:_load_modules:55 - 已加载模块: llm_adapter
2025-02-27 15:03:32.539 | INFO     | __main__:_process_mode2:186 - 处理提交 1/1: 07137e92
2025-02-27 15:03:32.540 | INFO     | core.adaptation_pipeline:process_patch:67 - 开始处理补丁: 07137e925fa951646325762bda6bd2503dfe64c6
2025-02-27 15:03:32.540 | INFO     | core.adaptation_pipeline:process_patch:76 - 执行模块: direct_apply
2025-02-27 15:03:32.541 | INFO     | modules.direct_apply:_download_patch:208 - 补丁文件已存在: workspace/gregkh/linux/07137e/patches/upstream_07137e.patch
2025-02-27 15:03:32.871 | INFO     | modules.direct_apply:_prepare_test_branch:322 - 创建测试分支: test_patch_linux-6.12.y
2025-02-27 15:03:33.697 | ERROR    | modules.direct_apply:_apply_patch:262 - 补丁应用失败: error: patch failed: fs/xfs/xfs_trans.c:866
error: fs/xfs/xfs_trans.c: patch does not apply
hint: Use 'git am --show-current-patch' to see the failed patch

2025-02-27 15:03:34.692 | INFO     | modules.direct_apply:_cleanup_test_branch:413 - 清理测试分支: test_patch_linux-6.12.y
2025-02-27 15:03:34.693 | INFO     | modules.base_module:_save_metrics:115 - 评测指标已保存到: workspace/gregkh/linux/07137e/evaluations/direct_apply/metrics_07137e_20250227_150334.json
2025-02-27 15:03:34.694 | INFO     | core.adaptation_pipeline:process_patch:76 - 执行模块: llm_adapter
2025-02-27 15:03:34.698 | INFO     | modules.llm_adapter:_get_context_diff:197 - 修正URL格式，移除.patch后缀: https://github.com/gregkh/linux/commit/07137e925fa951646325762bda6bd2503dfe64c6
2025-02-27 15:03:35.260 | ERROR    | git_operations:get_commit_content:116 - 获取提交内容失败: 422, {"message":"No commit found for SHA: 07137e925fa951646325762bda6bd2503dfe64c6.patch","documentation_url":"https://docs.github.com/rest/commits/commits#get-a-commit","status":"422"}
2025-02-27 15:03:35.826 | ERROR    | git_operations:get_commit_content:116 - 获取提交内容失败: 422, {"message":"No commit found for SHA: 07137e925fa951646325762bda6bd2503dfe64c6.patch","documentation_url":"https://docs.github.com/rest/commits/commits#get-a-commit","status":"422"}
2025-02-27 15:03:35.828 | ERROR    | modules.llm_adapter:_get_context_diff:211 - 执行patch_processor失败: 'parents'
2025-02-27 15:03:35.829 | ERROR    | modules.llm_adapter:_get_context_diff:219 - 获取上下文差异失败: 'str' object has no attribute 'exists'
2025-02-27 15:03:35.833 | ERROR    | modules.llm_adapter:_get_context_diff:221 - 错误堆栈: Traceback (most recent call last):
  File "/home/elpsy/workspace/sow/patch-backport/modules/llm_adapter.py", line 201, in _get_context_diff
    result = patch_processor.run()
             ^^^^^^^^^^^^^^^^^^^^^
  File "/home/elpsy/workspace/sow/patch-backport/patch_processor.py", line 200, in run
    newer_file_contents = self.git_operations.get_file_before_commit(self.commit_info)
                          ^^^^^^^^^^^^^^^^^^^^^^^^^^^^^^^^^^^^^^^^^^^^^^^^^^^^^^^^^^^^
  File "/home/elpsy/workspace/sow/patch-backport/git_operations.py", line 344, in get_file_before_commit
    parent_commit_sha = commit_content['parents'][0]['sha']
                        ~~~~~~~~~~~~~~^^^^^^^^^^^
KeyError: 'parents'

During handling of the above exception, another exception occurred:

Traceback (most recent call last):
  File "/home/elpsy/workspace/sow/patch-backport/modules/llm_adapter.py", line 213, in _get_context_diff
    if hasattr(context.commit, 'patch_path') and context.commit.patch_path.exists():
                                                 ^^^^^^^^^^^^^^^^^^^^^^^^^^^^^^^^
AttributeError: 'str' object has no attribute 'exists'

2025-02-27 15:03:35.866 | INFO     | llm_assistant:run:278 - +++++++++++++++++++++++++++++++++++
