2025-06-12 16:22:24.339 | INFO     | __main__:_setup_logger:325 - 日志文件: logs/backport_20250612_162224.log
2025-06-12 16:22:24.340 | INFO     | __main__:run:329 - 开始执行 模式1
2025-06-12 16:22:24.340 | INFO     | __main__:_process_mode1:351 - 处理补丁: https://github.com/linux/kernel-torvalds/commit/929c81ade6355b87097a2a4886c10750e68626cf.patch
2025-06-12 16:22:24.341 | INFO     | core.adaptation_pipeline:_load_modules:66 - 已加载模块: direct_apply
2025-06-12 16:22:24.341 | INFO     | core.adaptation_pipeline:_load_modules:66 - 已加载模块: chunk_analyzer
2025-06-12 16:22:24.343 | INFO     | core.adaptation_pipeline:_load_modules:66 - 已加载模块: llm_adapter
2025-06-12 16:22:24.343 | INFO     | core.adaptation_pipeline:_load_modules:66 - 已加载模块: patch_adapter
2025-06-12 16:22:24.343 | INFO     | __main__:_process_mode1:358 - 目标版本: ['v6.12-rc7']
2025-06-12 16:22:24.344 | INFO     | __main__:_process_mode1:365 - 开始处理版本: v6.12-rc7
2025-06-12 16:22:24.344 | INFO     | core.adaptation_pipeline:process_patch:85 - 开始处理补丁: 929c81ade6355b87097a2a4886c10750e68626cf.patch
2025-06-12 16:22:24.344 | INFO     | core.adaptation_pipeline:process_patch:106 - 执行模块: direct_apply
2025-06-12 16:22:24.345 | INFO     | modules.direct_apply:_download_patch:240 - 上游补丁文件已存在: workspace/linux/kernel-torvalds/929c81/patches/upstream_929c81.patch
2025-06-12 16:22:24.345 | INFO     | modules.direct_apply:execute:62 - 此时upstream_patch_path存在状态: True
2025-06-12 16:22:24.345 | INFO     | modules.direct_apply:execute:63 - 下载补丁成功: /home/elpsy/workspace/sow/patch-backport/workspace/linux/kernel-torvalds/929c81/patches/upstream_929c81.patch
2025-06-12 16:22:24.548 | INFO     | modules.direct_apply:_prepare_test_branch:375 - 创建测试分支: test_patch_v6.12-rc7
2025-06-12 16:22:25.142 | ERROR    | modules.direct_apply:_apply_patch:315 - 补丁应用失败: error: patch failed: drivers/video/fbdev/core/fbmem.c:544
error: drivers/video/fbdev/core/fbmem.c: patch does not apply
error: patch failed: include/linux/fb.h:601
error: include/linux/fb.h: patch does not apply
hint: Use 'git am --show-current-patch' to see the failed patch

2025-06-12 16:22:25.567 | INFO     | modules.direct_apply:_cleanup_test_branch:467 - 清理测试分支: test_patch_v6.12-rc7
2025-06-12 16:22:25.567 | INFO     | core.adaptation_pipeline:process_patch:106 - 执行模块: chunk_analyzer
2025-06-12 16:22:25.568 | INFO     | modules.chunk_analyzer:execute:52 - 开始分析补丁: /home/elpsy/workspace/sow/patch-backport/workspace/linux/kernel-torvalds/929c81/patches/upstream_929c81.patch
2025-06-12 16:22:25.568 | INFO     | modules.chunk_analyzer:_split_patch_into_chunks:175 - 开始分解补丁文件: /home/elpsy/workspace/sow/patch-backport/workspace/linux/kernel-torvalds/929c81/patches/upstream_929c81.patch
2025-06-12 16:22:25.568 | INFO     | modules.chunk_analyzer:_split_patch_into_chunks:180 - 补丁文件包含 71 行内容
2025-06-12 16:22:25.569 | INFO     | modules.chunk_analyzer:_split_patch_into_chunks:195 - 发现修改文件: drivers/video/fbdev/core/fbmem.c
2025-06-12 16:22:25.569 | INFO     | modules.chunk_analyzer:_split_patch_into_chunks:246 - 发现修改块: drivers/video/fbdev/core/fbmem.c @@ -544,6 +544,36 @@ (modification)
2025-06-12 16:22:25.570 | INFO     | modules.chunk_analyzer:_split_patch_into_chunks:195 - 发现修改文件: include/linux/fb.h
2025-06-12 16:22:25.570 | INFO     | modules.chunk_analyzer:_split_patch_into_chunks:246 - 发现修改块: include/linux/fb.h @@ -601,6 +601,7 @@ (modification)
2025-06-12 16:22:25.570 | INFO     | modules.chunk_analyzer:_split_patch_into_chunks:266 - 补丁分解完成，共找到 2 个修改块
2025-06-12 16:22:25.571 | INFO     | modules.chunk_analyzer:execute:56 - 补丁被分解为 2 个块
2025-06-12 16:22:25.571 | INFO     | modules.chunk_analyzer:_create_chunk_patches:285 - 从原始补丁提取头部信息: /home/elpsy/workspace/sow/patch-backport/workspace/linux/kernel-torvalds/929c81/patches/upstream_929c81.patch
2025-06-12 16:22:25.572 | INFO     | modules.chunk_analyzer:_create_chunk_patches:311 - 创建块补丁文件: /home/elpsy/workspace/sow/patch-backport/workspace/linux/kernel-torvalds/929c81/chunk_patches/chunk_001_20250612_162225.patch (修改文件: drivers/video/fbdev/core/fbmem.c)
2025-06-12 16:22:25.573 | INFO     | modules.chunk_analyzer:_create_chunk_patches:311 - 创建块补丁文件: /home/elpsy/workspace/sow/patch-backport/workspace/linux/kernel-torvalds/929c81/chunk_patches/chunk_002_20250612_162225.patch (修改文件: include/linux/fb.h)
2025-06-12 16:22:25.573 | INFO     | modules.chunk_analyzer:execute:60 - 已为 2 个块创建单独的补丁文件
2025-06-12 16:22:25.574 | INFO     | modules.chunk_analyzer:execute:62 - 第 1 个补丁文件为：
2025-06-12 16:22:25.574 | INFO     | modules.chunk_analyzer:execute:66 - From 929c81ade6355b87097a2a4886c10750e68626cf Mon Sep 17 00:00:00 2001
From: =?UTF-8?q?Thomas=20Wei=C3=9Fschuh?= <linux@weissschuh.net>
Date: Fri, 30 Aug 2024 11:45:57 +0200
Subject: [PATCH] fbdev: Introduce devm_register_framebuffer()
MIME-Version: 1.0
Content-Type: text/plain; charset=UTF-8
Content-Transfer-Encoding: 8bit

Introduce a device-managed variant of register_framebuffer() which
automatically unregisters the framebuffer on device destruction.
This can simplify the error handling and resource management in drivers.

Signed-off-by: Thomas Weißschuh <linux@weissschuh.net>
Signed-off-by: Helge Deller <deller@gmx.de>

diff --git a/drivers/video/fbdev/core/fbmem.c b/drivers/video/fbdev/core/fbmem.c
index 4c4ad0a86a50..3c568cff2913 100644
--- a/drivers/video/fbdev/core/fbmem.c
+++ b/drivers/video/fbdev/core/fbmem.c
@@ -544,6 +544,36 @@ unregister_framebuffer(struct fb_info *fb_info)
 }
 EXPORT_SYMBOL(unregister_framebuffer);
 
+static void devm_unregister_framebuffer(void *data)
+{
+	struct fb_info *info = data;
+
+	unregister_framebuffer(info);
+}
+
+/**
+ *	devm_register_framebuffer - resource-managed frame buffer device registration
+ *	@dev: device the framebuffer belongs to
+ *	@fb_info: frame buffer info structure
+ *
+ *	Registers a frame buffer device @fb_info to device @dev.
+ *
+ *	Returns negative errno on error, or zero for success.
+ *
+ */
+int
+devm_register_framebuffer(struct device *dev, struct fb_info *fb_info)
+{
+	int ret;
+
+	ret = register_framebuffer(fb_info);
+	if (ret)
+		return ret;
+
+	return devm_add_action_or_reset(dev, devm_unregister_framebuffer, fb_info);
+}
+EXPORT_SYMBOL(devm_register_framebuffer);
+
 /**
  *	fb_set_suspend - low level driver signals suspend
  *	@info: framebuffer affected

2025-06-12 16:22:25.574 | INFO     | modules.chunk_analyzer:execute:62 - 第 2 个补丁文件为：
2025-06-12 16:22:25.575 | INFO     | modules.chunk_analyzer:execute:66 - From 929c81ade6355b87097a2a4886c10750e68626cf Mon Sep 17 00:00:00 2001
From: =?UTF-8?q?Thomas=20Wei=C3=9Fschuh?= <linux@weissschuh.net>
Date: Fri, 30 Aug 2024 11:45:57 +0200
Subject: [PATCH] fbdev: Introduce devm_register_framebuffer()
MIME-Version: 1.0
Content-Type: text/plain; charset=UTF-8
Content-Transfer-Encoding: 8bit

Introduce a device-managed variant of register_framebuffer() which
automatically unregisters the framebuffer on device destruction.
This can simplify the error handling and resource management in drivers.

Signed-off-by: Thomas Weißschuh <linux@weissschuh.net>
Signed-off-by: Helge Deller <deller@gmx.de>

diff --git a/include/linux/fb.h b/include/linux/fb.h
index db7d97b10964..abf6643ebcaf 100644
--- a/include/linux/fb.h
+++ b/include/linux/fb.h
@@ -601,6 +601,7 @@ extern ssize_t fb_sys_write(struct fb_info *info, const char __user *buf,
 /* fbmem.c */
 extern int register_framebuffer(struct fb_info *fb_info);
 extern void unregister_framebuffer(struct fb_info *fb_info);
+extern int devm_register_framebuffer(struct device *dev, struct fb_info *fb_info);
 extern char* fb_get_buffer_offset(struct fb_info *info, struct fb_pixmap *buf, u32 size);
 extern void fb_pad_unaligned_buffer(u8 *dst, u32 d_pitch, u8 *src, u32 idx,
 				u32 height, u32 shift_high, u32 shift_low, u32 mod);
-- 
2.25.1


2025-06-12 16:22:25.576 | INFO     | modules.chunk_analyzer:_apply_chunk_patches:347 - 尝试应用第 1/2 个块补丁: chunk_001_20250612_162225.patch
2025-06-12 16:22:25.584 | WARNING  | modules.chunk_analyzer:_apply_chunk_patches:375 - 块补丁 chunk_001_20250612_162225.patch 可以反向应用，可能已经被应用过
2025-06-12 16:22:25.584 | INFO     | modules.chunk_analyzer:_apply_chunk_patches:347 - 尝试应用第 2/2 个块补丁: chunk_002_20250612_162225.patch
2025-06-12 16:22:25.594 | WARNING  | modules.chunk_analyzer:_apply_chunk_patches:375 - 块补丁 chunk_002_20250612_162225.patch 可以反向应用，可能已经被应用过
2025-06-12 16:22:25.594 | INFO     | modules.chunk_analyzer:_apply_chunk_patches:389 - 块补丁应用统计信息:
2025-06-12 16:22:25.594 | INFO     | modules.chunk_analyzer:_apply_chunk_patches:390 - - 总块数: 2
2025-06-12 16:22:25.594 | INFO     | modules.chunk_analyzer:_apply_chunk_patches:391 - - 无冲突块数: 2
2025-06-12 16:22:25.595 | INFO     | modules.chunk_analyzer:_apply_chunk_patches:392 - - 适配失败块数: 0
2025-06-12 16:22:25.595 | INFO     | modules.chunk_analyzer:execute:70 - 成功应用了 2 个块补丁，总共 2 个
2025-06-12 16:22:25.595 | INFO     | modules.chunk_analyzer:execute:82 - 所有块补丁都已成功应用，无需创建剩余补丁
2025-06-12 16:22:25.596 | INFO     | modules.chunk_analyzer:execute:108 - 所有补丁块应用成功，标记为完全成功
2025-06-12 16:22:25.597 | INFO     | modules.chunk_analyzer:execute:114 - 补丁分块分析完成，耗时: 0.03秒
2025-06-12 16:22:25.597 | INFO     | modules.base_module:_save_metrics:143 - 评测指标已保存到: workspace/linux/kernel-torvalds/929c81/evaluations/chunk_analyzer/metrics_929c81_20250612_162225.json
2025-06-12 16:22:25.599 | INFO     | modules.chunk_analyzer:_generate_additional_html_sections:855 - 找到当前评估会话目录: workspace/linux/kernel-torvalds/929c81/evaluations/chunk_analyzer/details_929c81_20250612_162225
2025-06-12 16:22:25.599 | INFO     | modules.chunk_analyzer:_get_patch_content:1089 - 使用当前会话评估目录: workspace/linux/kernel-torvalds/929c81/evaluations/chunk_analyzer/details_929c81_20250612_162225
2025-06-12 16:22:25.600 | WARNING  | modules.chunk_analyzer:_get_patch_content:1145 - 补丁目录不存在: workspace/linux/kernel-torvalds/929c81/evaluations/chunk_analyzer/details_929c81_20250612_162225/patches
2025-06-12 16:22:25.600 | INFO     | modules.chunk_analyzer:_get_patch_content:1150 - 成功创建补丁目录: workspace/linux/kernel-torvalds/929c81/evaluations/chunk_analyzer/details_929c81_20250612_162225/patches
2025-06-12 16:22:25.601 | INFO     | modules.chunk_analyzer:_get_patch_content:1168 - 已将原始补丁内容保存到: workspace/linux/kernel-torvalds/929c81/evaluations/chunk_analyzer/details_929c81_20250612_162225/patches/original_patch.txt
2025-06-12 16:22:25.601 | INFO     | modules.chunk_analyzer:_get_patch_content:1089 - 使用当前会话评估目录: workspace/linux/kernel-torvalds/929c81/evaluations/chunk_analyzer/details_929c81_20250612_162225
2025-06-12 16:22:25.602 | INFO     | modules.chunk_analyzer:_get_patch_content:1273 - 已将补丁块内容保存到: workspace/linux/kernel-torvalds/929c81/evaluations/chunk_analyzer/details_929c81_20250612_162225/patches/applied_chunk_1.txt
2025-06-12 16:22:25.603 | INFO     | modules.chunk_analyzer:_get_patch_content:1273 - 已将补丁块内容保存到: workspace/linux/kernel-torvalds/929c81/evaluations/chunk_analyzer/details_929c81_20250612_162225/patches/applied_chunk_2.txt
2025-06-12 16:22:25.603 | INFO     | modules.chunk_analyzer:_get_patch_content:1282 - 已将合并的补丁块内容保存到: workspace/linux/kernel-torvalds/929c81/evaluations/chunk_analyzer/details_929c81_20250612_162225/patches/all_applied_chunks.txt
2025-06-12 16:22:25.603 | INFO     | modules.chunk_analyzer:_get_patch_content:1286 - 从context获取应用成功的补丁内容
2025-06-12 16:22:25.604 | INFO     | modules.chunk_analyzer:_get_patch_content:1089 - 使用当前会话评估目录: workspace/linux/kernel-torvalds/929c81/evaluations/chunk_analyzer/details_929c81_20250612_162225
2025-06-12 16:22:25.604 | WARNING  | modules.chunk_analyzer:_get_patch_content:1344 - 未找到剩余补丁文件
2025-06-12 16:22:25.605 | INFO     | modules.base_module:_save_evaluation_info:198 - 美观易读的评估信息已保存到: workspace/linux/kernel-torvalds/929c81/evaluations/chunk_analyzer/details_929c81_20250612_162225
2025-06-12 16:22:25.610 | INFO     | core.adaptation_pipeline:process_patch:99 - 块分析器已成功应用所有块，跳过模块: LLMAdapterModule
2025-06-12 16:22:25.611 | INFO     | core.adaptation_pipeline:process_patch:99 - 块分析器已成功应用所有块，跳过模块: PatchAdapterModule
2025-06-12 16:22:25.611 | INFO     | core.adaptation_pipeline:process_patch:128 - 补丁处理完成，耗时: 1.27秒
2025-06-12 16:22:25.611 | INFO     | __main__:_merge_patches:1087 - 开始合并补丁...
2025-06-12 16:22:25.612 | INFO     | __main__:_merge_patches:1122 - chunk_results2:
2025-06-12 16:22:25.613 | INFO     | __main__:_merge_patches:1124 - chunk_patches: [PosixPath('/home/elpsy/workspace/sow/patch-backport/workspace/linux/kernel-torvalds/929c81/chunk_patches/chunk_001_20250612_162225.patch'), PosixPath('/home/elpsy/workspace/sow/patch-backport/workspace/linux/kernel-torvalds/929c81/chunk_patches/chunk_002_20250612_162225.patch')]
2025-06-12 16:22:25.613 | INFO     | __main__:_merge_patches:1126 - Chunk分析器应用了 2/2 个chunks
2025-06-12 16:22:25.613 | INFO     | __main__:_merge_patches:1130 - 所有chunks都已成功应用，跳过patch_adapter
2025-06-12 16:22:25.614 | INFO     | __main__:_combine_patch_files:1255 - 创建临时测试分支: patch_merge_9864939c
2025-06-12 16:22:26.242 | INFO     | __main__:_combine_patch_files:1289 - 应用补丁: /home/elpsy/workspace/sow/patch-backport/workspace/linux/kernel-torvalds/929c81/chunk_patches/chunk_001_20250612_162225.patch
2025-06-12 16:22:26.242 | INFO     | __main__:_combine_patch_files:1292 - 执行命令: git apply --ignore-whitespace /home/elpsy/workspace/sow/patch-backport/workspace/linux/kernel-torvalds/929c81/chunk_patches/chunk_001_20250612_162225.patch
2025-06-12 16:22:26.246 | INFO     | __main__:_combine_patch_files:1304 - 应用补丁失败，返回码: 1
2025-06-12 16:22:26.246 | INFO     | __main__:_combine_patch_files:1306 - 错误输出: error: patch failed: drivers/video/fbdev/core/fbmem.c:544
error: drivers/video/fbdev/core/fbmem.c: patch does not apply

2025-06-12 16:22:26.247 | WARNING  | __main__:_combine_patch_files:1309 - 应用补丁 /home/elpsy/workspace/sow/patch-backport/workspace/linux/kernel-torvalds/929c81/chunk_patches/chunk_001_20250612_162225.patch 失败: error: patch failed: drivers/video/fbdev/core/fbmem.c:544
error: drivers/video/fbdev/core/fbmem.c: patch does not apply

2025-06-12 16:22:26.361 | INFO     | __main__:_combine_patch_files:1289 - 应用补丁: /home/elpsy/workspace/sow/patch-backport/workspace/linux/kernel-torvalds/929c81/chunk_patches/chunk_002_20250612_162225.patch
2025-06-12 16:22:26.361 | INFO     | __main__:_combine_patch_files:1292 - 执行命令: git apply --ignore-whitespace /home/elpsy/workspace/sow/patch-backport/workspace/linux/kernel-torvalds/929c81/chunk_patches/chunk_002_20250612_162225.patch
2025-06-12 16:22:26.365 | INFO     | __main__:_combine_patch_files:1304 - 应用补丁失败，返回码: 1
2025-06-12 16:22:26.365 | INFO     | __main__:_combine_patch_files:1306 - 错误输出: error: patch failed: include/linux/fb.h:601
error: include/linux/fb.h: patch does not apply

2025-06-12 16:22:26.366 | WARNING  | __main__:_combine_patch_files:1309 - 应用补丁 /home/elpsy/workspace/sow/patch-backport/workspace/linux/kernel-torvalds/929c81/chunk_patches/chunk_002_20250612_162225.patch 失败: error: patch failed: include/linux/fb.h:601
error: include/linux/fb.h: patch does not apply

2025-06-12 16:22:26.521 | WARNING  | __main__:_combine_patch_files:1347 - 合并后没有任何更改
2025-06-12 16:22:26.522 | INFO     | __main__:_combine_patch_files:1425 - 清理临时分支: patch_merge_9864939c
2025-06-12 16:22:26.688 | ERROR    | __main__:_merge_patches:1144 - 合并chunk补丁失败，使用第一个补丁作为后备方案
2025-06-12 16:22:26.688 | INFO     | __main__:_process_mode1:392 - 成功合并补丁到: /home/elpsy/workspace/sow/patch-backport/workspace/linux/kernel-torvalds/929c81/chunk_patches/chunk_001_20250612_162225.patch
2025-06-12 16:22:26.689 | INFO     | __main__:_save_results:751 - 已复制最终补丁到结果目录: results/kernel-torvalds_v6.12-rc7_929c81_20250612_162226/chunk_001_20250612_162225.patch
2025-06-12 16:22:26.690 | INFO     | __main__:_save_results:889 - 结果已保存到: results/kernel-torvalds_v6.12-rc7_929c81_20250612_162226/result.json
2025-06-12 16:22:26.691 | INFO     | __main__:_print_summary:931 - context.patch_adapter_result: []
2025-06-12 16:22:26.691 | INFO     | __main__:_print_summary:954 - ==================================================
2025-06-12 16:22:26.691 | INFO     | __main__:_print_summary:955 - 处理摘要 - 提交: 929c81
2025-06-12 16:22:26.691 | INFO     | __main__:_print_summary:956 - 适配状态: 适配失败 (方法: failed)
2025-06-12 16:22:26.692 | INFO     | __main__:_print_summary:971 - 块分析统计:
2025-06-12 16:22:26.692 | INFO     | __main__:_print_summary:972 - - 总块数: 2
2025-06-12 16:22:26.693 | INFO     | __main__:_print_summary:973 - - 冲突块数: 0
2025-06-12 16:22:26.693 | INFO     | __main__:_print_summary:974 - - 成功适配块数: 0
2025-06-12 16:22:26.693 | INFO     | __main__:_print_summary:975 - - 适配失败块数: 0
2025-06-12 16:22:26.693 | INFO     | __main__:_print_summary:976 - - 编译失败块数: 0
2025-06-12 16:22:26.694 | INFO     | __main__:_print_summary:980 - 总执行时间: 1.27秒
2025-06-12 16:22:26.694 | INFO     | __main__:_print_summary:985 - ==================================================
2025-06-12 16:22:26.694 | INFO     | __main__:run:335 - 处理完成
2025-06-12 16:22:26.694 | INFO     | __main__:process_single_commit:2145 - ============================================================
2025-06-12 16:22:26.695 | INFO     | __main__:process_single_commit:2146 - 单个commit处理完成: 929c81ade6355b87097a2a4886c10750e68626cf
2025-06-12 16:22:26.695 | INFO     | __main__:process_single_commit:2147 - ============================================================
2025-06-12 16:22:26.697 | INFO     | __main__:clean_config:2107 - 清理配置文件: /home/elpsy/.config/port-patch/new_inputs.yaml
