2025-06-12 03:25:26.279 | INFO     | __main__:_setup_logger:325 - 日志文件: logs/backport_20250612_032526.log
2025-06-12 03:25:26.280 | INFO     | __main__:process_multiple_commits:1842 - 处理第 1/3 个commit: 356c815756bb28f0528b17e6dde8289fdd4afeb5
2025-06-12 03:25:26.295 | WARNING  | __main__:extract_commit_info:2021 - Commit 356c815756bb28f0528b17e6dde8289fdd4afeb5 不存在于仓库中，尝试下载或生成补丁
2025-06-12 03:25:26.296 | INFO     | patch_utils:generate_patch_from_git:452 - 尝试从本地仓库生成补丁: 356c815756bb28f0528b17e6dde8289fdd4afeb5
2025-06-12 03:25:26.300 | ERROR    | patch_utils:generate_patch_from_git:476 - 从本地仓库生成补丁失败: fatal: bad object 356c815756bb28f0528b17e6dde8289fdd4afeb5

2025-06-12 03:25:26.300 | ERROR    | __main__:extract_commit_info:2096 - 无法获取提交 356c815756bb28f0528b17e6dde8289fdd4afeb5 的补丁
2025-06-12 03:25:26.301 | ERROR    | __main__:process_multiple_commits:1849 - 无法提取commit信息: 356c815756bb28f0528b17e6dde8289fdd4afeb5
2025-06-12 03:25:26.301 | INFO     | __main__:process_multiple_commits:1842 - 处理第 2/3 个commit: 9f43c59bc97c18106849ae42343f5c5299275ebf
2025-06-12 03:25:26.307 | WARNING  | __main__:extract_commit_info:2021 - Commit 9f43c59bc97c18106849ae42343f5c5299275ebf 不存在于仓库中，尝试下载或生成补丁
2025-06-12 03:25:26.307 | INFO     | patch_utils:generate_patch_from_git:452 - 尝试从本地仓库生成补丁: 9f43c59bc97c18106849ae42343f5c5299275ebf
2025-06-12 03:25:26.312 | ERROR    | patch_utils:generate_patch_from_git:476 - 从本地仓库生成补丁失败: fatal: bad object 9f43c59bc97c18106849ae42343f5c5299275ebf

2025-06-12 03:25:26.312 | ERROR    | __main__:extract_commit_info:2096 - 无法获取提交 9f43c59bc97c18106849ae42343f5c5299275ebf 的补丁
2025-06-12 03:25:26.312 | ERROR    | __main__:process_multiple_commits:1849 - 无法提取commit信息: 9f43c59bc97c18106849ae42343f5c5299275ebf
2025-06-12 03:25:26.313 | INFO     | __main__:process_multiple_commits:1842 - 处理第 3/3 个commit: b83cb25cd266cd84a1f74c3c82bf5ba60c79b2f1
2025-06-12 03:25:26.320 | WARNING  | __main__:extract_commit_info:2021 - Commit b83cb25cd266cd84a1f74c3c82bf5ba60c79b2f1 不存在于仓库中，尝试下载或生成补丁
2025-06-12 03:25:26.321 | INFO     | patch_utils:generate_patch_from_git:452 - 尝试从本地仓库生成补丁: b83cb25cd266cd84a1f74c3c82bf5ba60c79b2f1
2025-06-12 03:25:26.324 | ERROR    | patch_utils:generate_patch_from_git:476 - 从本地仓库生成补丁失败: fatal: bad object b83cb25cd266cd84a1f74c3c82bf5ba60c79b2f1

2025-06-12 03:25:26.324 | ERROR    | __main__:extract_commit_info:2096 - 无法获取提交 b83cb25cd266cd84a1f74c3c82bf5ba60c79b2f1 的补丁
2025-06-12 03:25:26.325 | ERROR    | __main__:process_multiple_commits:1849 - 无法提取commit信息: b83cb25cd266cd84a1f74c3c82bf5ba60c79b2f1
2025-06-12 03:25:26.325 | INFO     | __main__:process_multiple_commits:1941 - 
============================================================
2025-06-12 03:25:26.325 | INFO     | __main__:process_multiple_commits:1942 - 完成处理 3 个commit
2025-06-12 03:25:26.326 | INFO     | __main__:process_multiple_commits:1943 - 总耗时: 0.05秒
2025-06-12 03:25:26.326 | INFO     | __main__:process_multiple_commits:1944 - 成功数量: 0/3 (0.00%)
2025-06-12 03:25:26.326 | INFO     | __main__:process_multiple_commits:1945 - ============================================================
2025-06-12 03:25:26.329 | INFO     | __main__:clean_config:2107 - 清理配置文件: /home/elpsy/.config/port-patch/new_inputs.yaml
