2025-02-27 06:37:50.429 | INFO     | __main__:_setup_logger:109 - 日志文件: logs/backport_20250227_063750.log
2025-02-27 06:37:50.429 | INFO     | __main__:run:113 - 开始执行 模式2
2025-02-27 06:37:50.430 | INFO     | __main__:_get_upstream_commits:219 - commits_file:workspace/gregkh/linux/cache/commits.json
2025-02-27 06:37:50.430 | INFO     | __main__:_get_upstream_commits:220 - use_cached_commits:True
2025-02-27 06:37:50.430 | INFO     | __main__:_get_upstream_commits:223 - 从缓存文件加载commits信息
2025-02-27 06:37:50.438 | INFO     | __main__:_process_mode2:171 - 找到 297 个上游提交
2025-02-27 06:37:50.438 | INFO     | core.adaptation_pipeline:_load_modules:55 - 已加载模块: direct_apply
2025-02-27 06:37:50.438 | INFO     | __main__:_process_mode2:182 - 处理提交 1/297: 07137e
2025-02-27 06:37:50.439 | INFO     | core.adaptation_pipeline:process_patch:67 - 开始处理补丁: 07137e925fa951646325762bda6bd2503dfe64c6
2025-02-27 06:37:50.439 | INFO     | core.adaptation_pipeline:process_patch:76 - 执行模块: direct_apply
2025-02-27 06:37:50.444 | INFO     | modules.direct_apply:_download_patch:177 - 下载补丁: https://github.com/gregkh/linux/commit/07137e925fa951646325762bda6bd2503dfe64c6.patch
2025-02-27 06:37:50.445 | ERROR    | patch_utils:download_patch:149 - 处理过程中出错: name 'self' is not defined
2025-02-27 06:37:50.446 | ERROR    | modules.direct_apply:_download_patch:184 - 补丁下载失败: https://github.com/gregkh/linux/commit/07137e925fa951646325762bda6bd2503dfe64c6.patch
2025-02-27 06:37:50.446 | ERROR    | modules.direct_apply:execute:93 - 直接应用过程发生错误: 下载补丁失败
2025-02-27 06:37:50.447 | ERROR    | modules.direct_apply:execute:95 - 错误堆栈: Traceback (most recent call last):
  File "/home/elpsy/workspace/sow/patch-backport/modules/direct_apply.py", line 57, in execute
    raise ValueError("下载补丁失败")
ValueError: 下载补丁失败

2025-02-27 06:37:50.449 | INFO     | modules.base_module:_save_metrics:115 - 评测指标已保存到: workspace/gregkh/linux/07137e/evaluations/direct_apply/metrics_07137e_20250227_063750.json
2025-02-27 06:37:50.450 | INFO     | core.adaptation_pipeline:process_patch:98 - 补丁处理完成，耗时: 0.01秒
2025-02-27 06:37:50.451 | INFO     | __main__:_save_results:392 - 结果已保存到: results/linux-6.12.y_07137e_20250227_063750/result.json
2025-02-27 06:37:50.451 | INFO     | __main__:_print_summary:411 - ==================================================
2025-02-27 06:37:50.452 | INFO     | __main__:_print_summary:412 - 处理摘要 - 提交: 07137e
2025-02-27 06:37:50.452 | INFO     | __main__:_print_summary:413 - 结果: 处理失败
2025-02-27 06:37:50.452 | INFO     | __main__:_print_summary:418 - ==================================================
2025-02-27 06:37:50.453 | INFO     | __main__:_process_mode2:182 - 处理提交 2/297: b0fce5
2025-02-27 06:37:50.453 | INFO     | core.adaptation_pipeline:process_patch:67 - 开始处理补丁: b0fce54b8c0d8e5f2b4c243c803c5996e73baee8
2025-02-27 06:37:50.453 | INFO     | core.adaptation_pipeline:process_patch:76 - 执行模块: direct_apply
2025-02-27 06:37:50.456 | INFO     | modules.direct_apply:_download_patch:177 - 下载补丁: https://github.com/gregkh/linux/commit/b0fce54b8c0d8e5f2b4c243c803c5996e73baee8.patch
2025-02-27 06:37:50.457 | ERROR    | patch_utils:download_patch:149 - 处理过程中出错: name 'self' is not defined
2025-02-27 06:37:50.458 | ERROR    | modules.direct_apply:_download_patch:184 - 补丁下载失败: https://github.com/gregkh/linux/commit/b0fce54b8c0d8e5f2b4c243c803c5996e73baee8.patch
2025-02-27 06:37:50.458 | ERROR    | modules.direct_apply:execute:93 - 直接应用过程发生错误: 下载补丁失败
2025-02-27 06:37:50.459 | ERROR    | modules.direct_apply:execute:95 - 错误堆栈: Traceback (most recent call last):
  File "/home/elpsy/workspace/sow/patch-backport/modules/direct_apply.py", line 57, in execute
    raise ValueError("下载补丁失败")
ValueError: 下载补丁失败

2025-02-27 06:37:50.460 | INFO     | modules.base_module:_save_metrics:115 - 评测指标已保存到: workspace/gregkh/linux/b0fce5/evaluations/direct_apply/metrics_b0fce5_20250227_063750.json
2025-02-27 06:37:50.460 | INFO     | core.adaptation_pipeline:process_patch:98 - 补丁处理完成，耗时: 0.01秒
2025-02-27 06:37:50.462 | INFO     | __main__:_save_results:392 - 结果已保存到: results/linux-6.12.y_b0fce5_20250227_063750/result.json
2025-02-27 06:37:50.463 | INFO     | __main__:_print_summary:411 - ==================================================
2025-02-27 06:37:50.463 | INFO     | __main__:_print_summary:412 - 处理摘要 - 提交: b0fce5
2025-02-27 06:37:50.463 | INFO     | __main__:_print_summary:413 - 结果: 处理失败
2025-02-27 06:37:50.464 | INFO     | __main__:_print_summary:418 - ==================================================
2025-02-27 06:37:50.464 | INFO     | __main__:_process_mode2:182 - 处理提交 3/297: 8b9c12
2025-02-27 06:37:50.465 | INFO     | core.adaptation_pipeline:process_patch:67 - 开始处理补丁: 8b9c12757f919157752646faf3821abf2b7d2a64
2025-02-27 06:37:50.465 | INFO     | core.adaptation_pipeline:process_patch:76 - 执行模块: direct_apply
2025-02-27 06:37:50.467 | INFO     | modules.direct_apply:_download_patch:177 - 下载补丁: https://github.com/gregkh/linux/commit/8b9c12757f919157752646faf3821abf2b7d2a64.patch
2025-02-27 06:37:50.468 | ERROR    | patch_utils:download_patch:149 - 处理过程中出错: name 'self' is not defined
2025-02-27 06:37:50.468 | ERROR    | modules.direct_apply:_download_patch:184 - 补丁下载失败: https://github.com/gregkh/linux/commit/8b9c12757f919157752646faf3821abf2b7d2a64.patch
2025-02-27 06:37:50.469 | ERROR    | modules.direct_apply:execute:93 - 直接应用过程发生错误: 下载补丁失败
2025-02-27 06:37:50.469 | ERROR    | modules.direct_apply:execute:95 - 错误堆栈: Traceback (most recent call last):
  File "/home/elpsy/workspace/sow/patch-backport/modules/direct_apply.py", line 57, in execute
    raise ValueError("下载补丁失败")
ValueError: 下载补丁失败

2025-02-27 06:37:50.472 | INFO     | modules.base_module:_save_metrics:115 - 评测指标已保存到: workspace/gregkh/linux/8b9c12/evaluations/direct_apply/metrics_8b9c12_20250227_063750.json
2025-02-27 06:37:50.472 | INFO     | core.adaptation_pipeline:process_patch:98 - 补丁处理完成，耗时: 0.01秒
2025-02-27 06:37:50.473 | INFO     | __main__:_save_results:392 - 结果已保存到: results/linux-6.12.y_8b9c12_20250227_063750/result.json
2025-02-27 06:37:50.473 | INFO     | __main__:_print_summary:411 - ==================================================
2025-02-27 06:37:50.474 | INFO     | __main__:_print_summary:412 - 处理摘要 - 提交: 8b9c12
2025-02-27 06:37:50.474 | INFO     | __main__:_print_summary:413 - 结果: 处理失败
2025-02-27 06:37:50.474 | INFO     | __main__:_print_summary:418 - ==================================================
2025-02-27 06:37:50.474 | INFO     | __main__:_process_mode2:182 - 处理提交 4/297: e52e97
2025-02-27 06:37:50.475 | INFO     | core.adaptation_pipeline:process_patch:67 - 开始处理补丁: e52e97f09fb66fd868260d05bd6b74a9a3db39ee
2025-02-27 06:37:50.475 | INFO     | core.adaptation_pipeline:process_patch:76 - 执行模块: direct_apply
2025-02-27 06:37:50.476 | INFO     | modules.direct_apply:_download_patch:177 - 下载补丁: https://github.com/gregkh/linux/commit/e52e97f09fb66fd868260d05bd6b74a9a3db39ee.patch
2025-02-27 06:37:50.477 | ERROR    | patch_utils:download_patch:149 - 处理过程中出错: name 'self' is not defined
2025-02-27 06:37:50.477 | ERROR    | modules.direct_apply:_download_patch:184 - 补丁下载失败: https://github.com/gregkh/linux/commit/e52e97f09fb66fd868260d05bd6b74a9a3db39ee.patch
2025-02-27 06:37:50.478 | ERROR    | modules.direct_apply:execute:93 - 直接应用过程发生错误: 下载补丁失败
2025-02-27 06:37:50.478 | ERROR    | modules.direct_apply:execute:95 - 错误堆栈: Traceback (most recent call last):
  File "/home/elpsy/workspace/sow/patch-backport/modules/direct_apply.py", line 57, in execute
    raise ValueError("下载补丁失败")
ValueError: 下载补丁失败

2025-02-27 06:37:50.479 | INFO     | modules.base_module:_save_metrics:115 - 评测指标已保存到: workspace/gregkh/linux/e52e97/evaluations/direct_apply/metrics_e52e97_20250227_063750.json
2025-02-27 06:37:50.479 | INFO     | core.adaptation_pipeline:process_patch:98 - 补丁处理完成，耗时: 0.00秒
2025-02-27 06:37:50.481 | INFO     | __main__:_save_results:392 - 结果已保存到: results/linux-6.12.y_e52e97_20250227_063750/result.json
2025-02-27 06:37:50.481 | INFO     | __main__:_print_summary:411 - ==================================================
2025-02-27 06:37:50.481 | INFO     | __main__:_print_summary:412 - 处理摘要 - 提交: e52e97
2025-02-27 06:37:50.481 | INFO     | __main__:_print_summary:413 - 结果: 处理失败
2025-02-27 06:37:50.482 | INFO     | __main__:_print_summary:418 - ==================================================
2025-02-27 06:37:50.482 | INFO     | __main__:_process_mode2:182 - 处理提交 5/297: 5eb987
2025-02-27 06:37:50.482 | INFO     | core.adaptation_pipeline:process_patch:67 - 开始处理补丁: 5eb987105357cb7cfa7cf3b1e2f66d5c0977e412
2025-02-27 06:37:50.483 | INFO     | core.adaptation_pipeline:process_patch:76 - 执行模块: direct_apply
2025-02-27 06:37:50.485 | INFO     | modules.direct_apply:_download_patch:177 - 下载补丁: https://github.com/gregkh/linux/commit/5eb987105357cb7cfa7cf3b1e2f66d5c0977e412.patch
2025-02-27 06:37:50.487 | ERROR    | patch_utils:download_patch:149 - 处理过程中出错: name 'self' is not defined
2025-02-27 06:37:50.487 | ERROR    | modules.direct_apply:_download_patch:184 - 补丁下载失败: https://github.com/gregkh/linux/commit/5eb987105357cb7cfa7cf3b1e2f66d5c0977e412.patch
2025-02-27 06:37:50.488 | ERROR    | modules.direct_apply:execute:93 - 直接应用过程发生错误: 下载补丁失败
2025-02-27 06:37:50.488 | ERROR    | modules.direct_apply:execute:95 - 错误堆栈: Traceback (most recent call last):
  File "/home/elpsy/workspace/sow/patch-backport/modules/direct_apply.py", line 57, in execute
    raise ValueError("下载补丁失败")
ValueError: 下载补丁失败

2025-02-27 06:37:50.493 | INFO     | modules.base_module:_save_metrics:115 - 评测指标已保存到: workspace/gregkh/linux/5eb987/evaluations/direct_apply/metrics_5eb987_20250227_063750.json
2025-02-27 06:37:50.493 | INFO     | core.adaptation_pipeline:process_patch:98 - 补丁处理完成，耗时: 0.01秒
2025-02-27 06:37:50.497 | INFO     | __main__:_save_results:392 - 结果已保存到: results/linux-6.12.y_5eb987_20250227_063750/result.json
2025-02-27 06:37:50.497 | INFO     | __main__:_print_summary:411 - ==================================================
2025-02-27 06:37:50.498 | INFO     | __main__:_print_summary:412 - 处理摘要 - 提交: 5eb987
2025-02-27 06:37:50.498 | INFO     | __main__:_print_summary:413 - 结果: 处理失败
2025-02-27 06:37:50.499 | INFO     | __main__:_print_summary:418 - ==================================================
2025-02-27 06:37:50.499 | INFO     | __main__:run:122 - 处理完成
