2025-02-27 14:57:13.456 | INFO     | __main__:_setup_logger:109 - 日志文件: logs/backport_20250227_145713.log
2025-02-27 14:57:13.457 | INFO     | __main__:run:113 - 开始执行 模式2
2025-02-27 14:57:13.457 | INFO     | __main__:_get_upstream_commits:225 - commits_file:workspace/gregkh/linux/cache/commits.json
2025-02-27 14:57:13.458 | INFO     | __main__:_get_upstream_commits:226 - use_cached_commits:True
2025-02-27 14:57:13.459 | INFO     | __main__:_get_upstream_commits:229 - 从缓存文件加载commits信息
2025-02-27 14:57:13.461 | INFO     | __main__:_process_mode2:171 - 找到 297 个上游提交
2025-02-27 14:57:13.462 | INFO     | core.adaptation_pipeline:_load_modules:55 - 已加载模块: direct_apply
2025-02-27 14:57:13.463 | INFO     | core.adaptation_pipeline:_load_modules:55 - 已加载模块: llm_adapter
2025-02-27 14:57:13.463 | INFO     | __main__:_process_mode2:186 - 处理提交 1/1: 07137e92
2025-02-27 14:57:13.464 | INFO     | core.adaptation_pipeline:process_patch:67 - 开始处理补丁: 07137e925fa951646325762bda6bd2503dfe64c6
2025-02-27 14:57:13.464 | INFO     | core.adaptation_pipeline:process_patch:76 - 执行模块: direct_apply
2025-02-27 14:57:13.465 | INFO     | modules.direct_apply:_download_patch:208 - 补丁文件已存在: workspace/gregkh/linux/07137e/patches/upstream_07137e.patch
2025-02-27 14:57:13.758 | INFO     | modules.direct_apply:_prepare_test_branch:322 - 创建测试分支: test_patch_linux-6.12.y
2025-02-27 14:57:14.420 | ERROR    | modules.direct_apply:_apply_patch:262 - 补丁应用失败: error: patch failed: fs/xfs/xfs_trans.c:866
error: fs/xfs/xfs_trans.c: patch does not apply
hint: Use 'git am --show-current-patch' to see the failed patch

2025-02-27 14:57:15.016 | INFO     | modules.direct_apply:_cleanup_test_branch:413 - 清理测试分支: test_patch_linux-6.12.y
2025-02-27 14:57:15.017 | INFO     | modules.base_module:_save_metrics:115 - 评测指标已保存到: workspace/gregkh/linux/07137e/evaluations/direct_apply/metrics_07137e_20250227_145715.json
2025-02-27 14:57:15.017 | INFO     | core.adaptation_pipeline:process_patch:76 - 执行模块: llm_adapter
2025-02-27 14:57:15.018 | ERROR    | modules.llm_adapter:_get_context_diff:205 - 获取上下文差异失败: 'Mode2Config' object has no attribute 'url'
2025-02-27 14:57:15.021 | ERROR    | modules.llm_adapter:_get_context_diff:207 - 错误堆栈: Traceback (most recent call last):
  File "/home/elpsy/workspace/sow/patch-backport/modules/llm_adapter.py", line 191, in _get_context_diff
    patch_processor = PatchProcessor(context)
                      ^^^^^^^^^^^^^^^^^^^^^^^
  File "/home/elpsy/workspace/sow/patch-backport/patch_processor.py", line 30, in __init__
    self.url = context.config.url
               ^^^^^^^^^^^^^^^^^^
  File "/home/elpsy/tools/miniconda3/envs/sow/lib/python3.12/site-packages/pydantic/main.py", line 828, in __getattr__
    raise AttributeError(f'{type(self).__name__!r} object has no attribute {item!r}')
AttributeError: 'Mode2Config' object has no attribute 'url'

2025-02-27 14:57:15.058 | INFO     | llm_assistant:run:278 - +++++++++++++++++++++++++++++++++++
