2025-04-24 18:13:57.483 | INFO     | __main__:_setup_logger:271 - 日志文件: logs/backport_20250424_181357.log
2025-04-24 18:13:57.483 | INFO     | __main__:run:275 - 开始执行 模式1
2025-04-24 18:13:57.484 | INFO     | __main__:_process_mode1:318 - 处理补丁: https://github.com/rails/rails/commit/fb493bebae1a9b83e494fe7edbf01f6167d606fd
2025-04-24 18:13:57.484 | INFO     | core.adaptation_pipeline:_load_modules:65 - 已加载模块: direct_apply
2025-04-24 18:13:57.485 | INFO     | core.adaptation_pipeline:_load_modules:65 - 已加载模块: chunk_analyzer
2025-04-24 18:13:57.487 | INFO     | core.adaptation_pipeline:_load_modules:65 - 已加载模块: llm_adapter
2025-04-24 18:13:57.487 | INFO     | core.adaptation_pipeline:_load_modules:65 - 已加载模块: patch_adapter
2025-04-24 18:13:57.487 | INFO     | __main__:_process_mode1:325 - 目标版本: ['v5.2.7']
2025-04-24 18:13:57.488 | INFO     | __main__:_process_mode1:332 - 开始处理版本: v5.2.7
2025-04-24 18:13:57.488 | INFO     | core.adaptation_pipeline:process_patch:82 - 开始处理补丁: fb493bebae1a9b83e494fe7edbf01f6167d606fd
2025-04-24 18:13:57.489 | INFO     | core.adaptation_pipeline:process_patch:103 - 执行模块: direct_apply
2025-04-24 18:13:57.490 | INFO     | modules.direct_apply:execute:51 - 从缓存中获取到直接应用结果: {'error': "error: actionpack/lib/action_dispatch/http/filter_parameters.rb: does not exist in index\nhint: Use 'git am --show-current-patch' to see the failed patch\n", 'message': '补丁应用失败', 'patch_path': '/home/elpsy/workspace/sow/patch-backport/workspace/rails/rails/fb493b/patches/upstream_fb493b.patch', 'success': False, 'timestamp': '2025-03-19T07:43:59.050397'}
2025-04-24 18:13:57.491 | INFO     | core.adaptation_pipeline:process_patch:103 - 执行模块: chunk_analyzer
2025-04-24 18:13:57.491 | INFO     | modules.chunk_analyzer:execute:52 - 开始分析补丁: /home/elpsy/workspace/sow/patch-backport/workspace/rails/rails/fb493b/patches/upstream_fb493b.patch
2025-04-24 18:13:57.491 | INFO     | modules.chunk_analyzer:_split_patch_into_chunks:175 - 开始分解补丁文件: /home/elpsy/workspace/sow/patch-backport/workspace/rails/rails/fb493b/patches/upstream_fb493b.patch
2025-04-24 18:13:57.492 | INFO     | modules.chunk_analyzer:_split_patch_into_chunks:180 - 补丁文件包含 38 行内容
2025-04-24 18:13:57.493 | INFO     | modules.chunk_analyzer:_split_patch_into_chunks:195 - 发现修改文件: actionpack/lib/action_dispatch/http/filter_parameters.rb
2025-04-24 18:13:57.494 | INFO     | modules.chunk_analyzer:_split_patch_into_chunks:246 - 发现修改块: actionpack/lib/action_dispatch/http/filter_parameters.rb @@ -73,12 +73,17 @@ (modification)
2025-04-24 18:13:57.494 | INFO     | modules.chunk_analyzer:_split_patch_into_chunks:266 - 补丁分解完成，共找到 1 个修改块
2025-04-24 18:13:57.494 | INFO     | modules.chunk_analyzer:execute:56 - 补丁被分解为 1 个块
2025-04-24 18:13:57.495 | INFO     | modules.chunk_analyzer:_create_chunk_patches:285 - 从原始补丁提取头部信息: /home/elpsy/workspace/sow/patch-backport/workspace/rails/rails/fb493b/patches/upstream_fb493b.patch
2025-04-24 18:13:57.496 | INFO     | modules.chunk_analyzer:_create_chunk_patches:311 - 创建块补丁文件: /home/elpsy/workspace/sow/patch-backport/workspace/rails/rails/fb493b/chunk_patches/chunk_001_20250424_181357.patch (修改文件: actionpack/lib/action_dispatch/http/filter_parameters.rb)
2025-04-24 18:13:57.497 | INFO     | modules.chunk_analyzer:execute:60 - 已为 1 个块创建单独的补丁文件
2025-04-24 18:13:57.497 | INFO     | modules.chunk_analyzer:execute:62 - 第 1 个补丁文件为：
2025-04-24 18:13:57.497 | INFO     | modules.chunk_analyzer:execute:66 - From fb493bebae1a9b83e494fe7edbf01f6167d606fd Mon Sep 17 00:00:00 2001
From: John Hawthorn <john@hawthorn.email>
Date: Thu, 10 Oct 2024 20:41:33 -0700
Subject: [PATCH] Avoid backtracking in filtered_query_string

Thanks scyoon for the patch

CVE-2024-41128
---
 .../lib/action_dispatch/http/filter_parameters.rb   | 13 +++++++++----
 1 file changed, 9 insertions(+), 4 deletions(-)

diff --git a/actionpack/lib/action_dispatch/http/filter_parameters.rb b/actionpack/lib/action_dispatch/http/filter_parameters.rb
index 7ad1ba3e0eb0e..b02f0d6f85341 100644
--- a/actionpack/lib/action_dispatch/http/filter_parameters.rb
+++ b/actionpack/lib/action_dispatch/http/filter_parameters.rb
@@ -73,12 +73,17 @@ def parameter_filter_for(filters) # :doc:
         ActiveSupport::ParameterFilter.new(filters)
       end
 
-      KV_RE   = "[^&;=]+"
-      PAIR_RE = %r{(#{KV_RE})=(#{KV_RE})}
       def filtered_query_string # :doc:
-        query_string.gsub(PAIR_RE) do |_|
-          parameter_filter.filter($1 => $2).first.join("=")
+        parts = query_string.split(/([&;])/)
+        filtered_parts = parts.map do |part|
+          if part.include?("=")
+            key, value = part.split("=", 2)
+            parameter_filter.filter(key => value).first.join("=")
+          else
+            part
+          end
         end
+        filtered_parts.join("")
       end
     end
   end

2025-04-24 18:13:57.498 | INFO     | modules.chunk_analyzer:_run_git_command:1339 - 运行git命令: rev-parse --abbrev-ref HEAD
2025-04-24 18:13:57.502 | INFO     | modules.chunk_analyzer:_apply_chunk_patches:329 - 当前分支: HEAD
2025-04-24 18:13:57.503 | INFO     | modules.chunk_analyzer:_apply_chunk_patches:338 - 当前分支不是目标版本，切换到目标版本: v5.2.7
2025-04-24 18:13:57.503 | INFO     | modules.chunk_analyzer:_run_git_command:1339 - 运行git命令: checkout v5.2.7
2025-04-24 18:13:57.650 | INFO     | modules.chunk_analyzer:_run_git_command:1339 - 运行git命令: checkout -b chunk_test_20250424_181357_a22802
2025-04-24 18:13:57.656 | INFO     | modules.chunk_analyzer:_apply_chunk_patches:358 - 创建测试分支: chunk_test_20250424_181357_a22802
2025-04-24 18:13:57.657 | INFO     | modules.chunk_analyzer:_apply_chunk_patches:364 - 尝试应用补丁块: /home/elpsy/workspace/sow/patch-backport/workspace/rails/rails/fb493b/chunk_patches/chunk_001_20250424_181357.patch
2025-04-24 18:13:57.657 | INFO     | modules.chunk_analyzer:_apply_chunk_patches:368 - 方法1: 尝试 git apply --ignore-space-change
2025-04-24 18:13:57.657 | INFO     | modules.chunk_analyzer:_run_git_command:1339 - 运行git命令: apply --ignore-space-change --ignore-whitespace /home/elpsy/workspace/sow/patch-backport/workspace/rails/rails/fb493b/chunk_patches/chunk_001_20250424_181357.patch
2025-04-24 18:13:57.661 | ERROR    | modules.chunk_analyzer:_run_git_command:1350 - Git命令执行失败: error: patch failed: actionpack/lib/action_dispatch/http/filter_parameters.rb:73
error: actionpack/lib/action_dispatch/http/filter_parameters.rb: patch does not apply

2025-04-24 18:13:57.662 | INFO     | modules.chunk_analyzer:_apply_chunk_patches:380 - 方法1失败: Command '['git', 'apply', '--ignore-space-change', '--ignore-whitespace', '/home/elpsy/workspace/sow/patch-backport/workspace/rails/rails/fb493b/chunk_patches/chunk_001_20250424_181357.patch']' returned non-zero exit status 1.
2025-04-24 18:13:57.662 | INFO     | modules.chunk_analyzer:_run_git_command:1339 - 运行git命令: reset --hard
2025-04-24 18:13:57.759 | INFO     | modules.chunk_analyzer:_apply_chunk_patches:386 - 方法2: 尝试 git apply --reject
2025-04-24 18:13:57.759 | INFO     | modules.chunk_analyzer:_run_git_command:1339 - 运行git命令: apply --reject --ignore-whitespace --ignore-space-change /home/elpsy/workspace/sow/patch-backport/workspace/rails/rails/fb493b/chunk_patches/chunk_001_20250424_181357.patch
2025-04-24 18:13:57.766 | ERROR    | modules.chunk_analyzer:_run_git_command:1350 - Git命令执行失败: Checking patch actionpack/lib/action_dispatch/http/filter_parameters.rb...
error: while searching for:
        ActiveSupport::ParameterFilter.new(filters)
      end

      KV_RE   = "[^&;=]+"
      PAIR_RE = %r{(#{KV_RE})=(#{KV_RE})}
      def filtered_query_string # :doc:
        query_string.gsub(PAIR_RE) do |_|
          parameter_filter.filter($1 => $2).first.join("=")
        end
      end
    end
  end

error: patch failed: actionpack/lib/action_dispatch/http/filter_parameters.rb:73
Applying patch actionpack/lib/action_dispatch/http/filter_parameters.rb with 1 reject...
Rejected hunk #1.

2025-04-24 18:13:57.767 | INFO     | modules.chunk_analyzer:_apply_chunk_patches:409 - 方法2失败: Command '['git', 'apply', '--reject', '--ignore-whitespace', '--ignore-space-change', '/home/elpsy/workspace/sow/patch-backport/workspace/rails/rails/fb493b/chunk_patches/chunk_001_20250424_181357.patch']' returned non-zero exit status 1.
2025-04-24 18:13:57.767 | INFO     | modules.chunk_analyzer:_run_git_command:1339 - 运行git命令: reset --hard
2025-04-24 18:13:57.794 | INFO     | modules.chunk_analyzer:_apply_chunk_patches:415 - 方法3: 尝试 git am --3way
2025-04-24 18:13:57.869 | INFO     | modules.chunk_analyzer:_apply_chunk_patches:426 - 成功应用块补丁(方法3): chunk_001_20250424_181357.patch
2025-04-24 18:13:57.870 | INFO     | modules.chunk_analyzer:_apply_chunk_patches:1252 - 切换回目标版本分支: v5.2.7
2025-04-24 18:13:57.870 | INFO     | modules.chunk_analyzer:_run_git_command:1339 - 运行git命令: checkout v5.2.7
2025-04-24 18:13:57.887 | INFO     | modules.chunk_analyzer:_apply_chunk_patches:1256 - 清理临时分支: chunk_test_20250424_181357_a22802
2025-04-24 18:13:57.888 | INFO     | modules.chunk_analyzer:_run_git_command:1339 - 运行git命令: branch -D chunk_test_20250424_181357_a22802
2025-04-24 18:13:57.892 | INFO     | modules.chunk_analyzer:execute:70 - 成功应用了 1 个块补丁，总共 1 个
2025-04-24 18:13:57.892 | INFO     | modules.chunk_analyzer:execute:82 - 所有块补丁都已成功应用，无需创建剩余补丁
2025-04-24 18:13:57.894 | INFO     | modules.chunk_analyzer:execute:108 - 所有补丁块应用成功，标记为完全成功
2025-04-24 18:13:57.894 | INFO     | modules.chunk_analyzer:execute:114 - 补丁分块分析完成，耗时: 0.40秒
2025-04-24 18:13:57.895 | INFO     | modules.base_module:_save_metrics:143 - 评测指标已保存到: workspace/rails/rails/fb493b/evaluations/chunk_analyzer/metrics_fb493b_20250424_181357.json
2025-04-24 18:13:57.897 | INFO     | modules.chunk_analyzer:_generate_additional_html_sections:1723 - 找到当前评估会话目录: workspace/rails/rails/fb493b/evaluations/chunk_analyzer/details_fb493b_20250424_181357
2025-04-24 18:13:57.898 | INFO     | modules.chunk_analyzer:_get_patch_content:1957 - 使用当前会话评估目录: workspace/rails/rails/fb493b/evaluations/chunk_analyzer/details_fb493b_20250424_181357
2025-04-24 18:13:57.898 | WARNING  | modules.chunk_analyzer:_get_patch_content:2013 - 补丁目录不存在: workspace/rails/rails/fb493b/evaluations/chunk_analyzer/details_fb493b_20250424_181357/patches
2025-04-24 18:13:57.899 | INFO     | modules.chunk_analyzer:_get_patch_content:2018 - 成功创建补丁目录: workspace/rails/rails/fb493b/evaluations/chunk_analyzer/details_fb493b_20250424_181357/patches
2025-04-24 18:13:57.900 | INFO     | modules.chunk_analyzer:_get_patch_content:2036 - 已将原始补丁内容保存到: workspace/rails/rails/fb493b/evaluations/chunk_analyzer/details_fb493b_20250424_181357/patches/original_patch.txt
2025-04-24 18:13:57.900 | INFO     | modules.chunk_analyzer:_get_patch_content:1957 - 使用当前会话评估目录: workspace/rails/rails/fb493b/evaluations/chunk_analyzer/details_fb493b_20250424_181357
2025-04-24 18:13:57.902 | INFO     | modules.chunk_analyzer:_get_patch_content:2141 - 已将补丁块内容保存到: workspace/rails/rails/fb493b/evaluations/chunk_analyzer/details_fb493b_20250424_181357/patches/applied_chunk_1.txt
2025-04-24 18:13:57.902 | INFO     | modules.chunk_analyzer:_get_patch_content:2150 - 已将合并的补丁块内容保存到: workspace/rails/rails/fb493b/evaluations/chunk_analyzer/details_fb493b_20250424_181357/patches/all_applied_chunks.txt
2025-04-24 18:13:57.903 | INFO     | modules.chunk_analyzer:_get_patch_content:2154 - 从context获取应用成功的补丁内容
2025-04-24 18:13:57.903 | INFO     | modules.chunk_analyzer:_get_patch_content:1957 - 使用当前会话评估目录: workspace/rails/rails/fb493b/evaluations/chunk_analyzer/details_fb493b_20250424_181357
2025-04-24 18:13:57.904 | WARNING  | modules.chunk_analyzer:_get_patch_content:2212 - 未找到剩余补丁文件
2025-04-24 18:13:57.904 | INFO     | modules.base_module:_save_evaluation_info:198 - 美观易读的评估信息已保存到: workspace/rails/rails/fb493b/evaluations/chunk_analyzer/details_fb493b_20250424_181357
2025-04-24 18:13:57.906 | INFO     | core.adaptation_pipeline:process_patch:96 - 块分析器已成功应用所有块，跳过模块: LLMAdapterModule
2025-04-24 18:13:57.907 | INFO     | core.adaptation_pipeline:process_patch:96 - 块分析器已成功应用所有块，跳过模块: PatchAdapterModule
2025-04-24 18:13:57.907 | INFO     | core.adaptation_pipeline:process_patch:125 - 补丁处理完成，耗时: 0.42秒
2025-04-24 18:13:57.907 | INFO     | __main__:_merge_patches:832 - 开始合并补丁...
2025-04-24 18:13:57.908 | INFO     | __main__:_merge_patches:866 - Chunk分析器应用了 1/1 个chunks
2025-04-24 18:13:57.908 | INFO     | __main__:_merge_patches:870 - 所有chunks都已成功应用，跳过patch_adapter
2025-04-24 18:13:57.908 | WARNING  | __main__:_merge_patches:955 - 没有找到可合并的补丁
2025-04-24 18:13:57.910 | INFO     | __main__:_save_results:638 - 已复制最终补丁到结果目录: results/v5.2.7_fb493b_20250424_181357/upstream_fb493b.patch
2025-04-24 18:13:57.911 | INFO     | __main__:_save_results:692 - 结果已保存到: results/v5.2.7_fb493b_20250424_181357/result.json
2025-04-24 18:13:57.911 | INFO     | __main__:_print_summary:702 - context.patch_adapter_result: []
2025-04-24 18:13:57.912 | INFO     | __main__:_print_summary:723 - ==================================================
2025-04-24 18:13:57.912 | INFO     | __main__:_print_summary:724 - 处理摘要 - 提交: fb493b
2025-04-24 18:13:57.912 | INFO     | __main__:_print_summary:725 - 结果: 处理失败 (方法: failed)
2025-04-24 18:13:57.912 | INFO     | __main__:_print_summary:730 - ==================================================
2025-04-24 18:13:57.913 | INFO     | __main__:_print_multi_version_summary:470 - ================================================================================
2025-04-24 18:13:57.913 | INFO     | __main__:_print_multi_version_summary:471 - 多版本补丁适配汇总
2025-04-24 18:13:57.913 | INFO     | __main__:_print_multi_version_summary:472 - ================================================================================
2025-04-24 18:13:57.913 | INFO     | __main__:_print_multi_version_summary:493 - 版本 v5.2.7: 成功 (方法: 块分析器 (1/1))
2025-04-24 18:13:57.914 | INFO     | __main__:_print_multi_version_summary:499 - 总成功率: 100.0% (1/1)
2025-04-24 18:13:57.914 | INFO     | __main__:run:284 - 处理完成
