2025-06-05 15:15:51.685 | INFO     | __main__:setup_logger:37 - 日志文件: logs/gitee_extractor_146019.log
2025-06-05 15:15:51.686 | INFO     | __main__:main:255 - 从文件 test_urls.txt 读取了 50 个URL
2025-06-05 15:15:51.687 | INFO     | __main__:process_url:144 - 处理提交: openeuler/kernel 335bc5c5
2025-06-05 15:15:52.968 | INFO     | __main__:process_url:144 - 处理提交: openeuler/kernel 6d23efab
2025-06-05 15:15:53.576 | INFO     | __main__:process_url:144 - 处理提交: openeuler/kernel 0c1bc63a
2025-06-05 15:15:54.250 | INFO     | __main__:process_url:144 - 处理提交: openeuler/kernel 356c8157
2025-06-05 15:15:54.887 | ERROR    | __main__:process_url:168 - 未找到上游提交引用: openeuler/kernel 356c815756bb28f0528b17e6dde8289fdd4afeb5
2025-06-05 15:15:54.888 | INFO     | __main__:process_url:144 - 处理提交: openeuler/kernel 9f43c59b
2025-06-05 15:15:55.491 | ERROR    | __main__:process_url:168 - 未找到上游提交引用: openeuler/kernel 9f43c59bc97c18106849ae42343f5c5299275ebf
2025-06-05 15:15:55.492 | INFO     | __main__:process_url:144 - 处理提交: openeuler/kernel b83cb25c
2025-06-05 15:15:55.974 | ERROR    | __main__:process_url:168 - 未找到上游提交引用: openeuler/kernel b83cb25cd266cd84a1f74c3c82bf5ba60c79b2f1
2025-06-05 15:15:55.974 | INFO     | __main__:process_url:144 - 处理提交: openeuler/kernel 931c91dd
2025-06-05 15:15:56.392 | ERROR    | __main__:process_url:168 - 未找到上游提交引用: openeuler/kernel 931c91ddf5f849177f499c74a123a6862504d509
2025-06-05 15:15:56.393 | INFO     | __main__:process_url:144 - 处理提交: openeuler/kernel 83390bfe
2025-06-05 15:15:57.099 | ERROR    | __main__:process_url:168 - 未找到上游提交引用: openeuler/kernel 83390bfe6d6ac6ff6eadb2038b3b65fb1a460061
2025-06-05 15:15:57.099 | INFO     | __main__:process_url:144 - 处理提交: openeuler/kernel 2d7de42a
2025-06-05 15:15:57.630 | ERROR    | __main__:process_url:168 - 未找到上游提交引用: openeuler/kernel 2d7de42aaaf613f8e68194e7c61b6ede148f5f2b
2025-06-05 15:15:57.631 | INFO     | __main__:process_url:144 - 处理提交: openeuler/kernel d86eac44
2025-06-05 15:15:58.200 | INFO     | __main__:process_url:144 - 处理提交: openeuler/kernel 393d76ee
2025-06-05 15:15:58.739 | INFO     | __main__:process_url:144 - 处理提交: openeuler/kernel 6949727c
2025-06-05 15:15:59.254 | INFO     | __main__:process_url:144 - 处理提交: openeuler/kernel c31f7740
2025-06-05 15:16:00.004 | ERROR    | __main__:process_url:168 - 未找到上游提交引用: openeuler/kernel c31f77408653819c9db811ad3f751e8066fcddcd
2025-06-05 15:16:00.004 | INFO     | __main__:process_url:144 - 处理提交: openeuler/kernel 38cb6fd8
2025-06-05 15:16:00.441 | ERROR    | __main__:process_url:168 - 未找到上游提交引用: openeuler/kernel 38cb6fd827ebfa76541d9a0a870b1cbc75eedc21
2025-06-05 15:16:00.441 | INFO     | __main__:process_url:144 - 处理提交: openeuler/kernel 51587cd9
2025-06-05 15:16:00.930 | ERROR    | __main__:process_url:168 - 未找到上游提交引用: openeuler/kernel 51587cd9bd6bf291c1b99387ba12adde2222af83
2025-06-05 15:16:00.930 | INFO     | __main__:process_url:144 - 处理提交: openeuler/kernel 369bae4d
2025-06-05 15:16:01.374 | INFO     | __main__:process_url:144 - 处理提交: openeuler/kernel 6143d78e
2025-06-05 15:16:01.906 | ERROR    | __main__:process_url:168 - 未找到上游提交引用: openeuler/kernel 6143d78e6ae1895e42f8c4194a79f037f23c4078
2025-06-05 15:16:01.906 | INFO     | __main__:process_url:144 - 处理提交: openeuler/kernel f805cbf4
2025-06-05 15:16:02.407 | ERROR    | __main__:process_url:168 - 未找到上游提交引用: openeuler/kernel f805cbf47dbc3bf5da943eabffcd51757f6979fe
2025-06-05 15:16:02.408 | INFO     | __main__:process_url:144 - 处理提交: openeuler/kernel 8d1e33b8
2025-06-05 15:16:02.894 | INFO     | __main__:process_url:144 - 处理提交: openeuler/kernel d8191b7f
2025-06-05 15:16:03.505 | INFO     | __main__:process_url:144 - 处理提交: openeuler/kernel ba271ca4
2025-06-05 15:16:03.973 | INFO     | __main__:process_url:144 - 处理提交: openeuler/kernel 02c4b4f2
2025-06-05 15:16:04.865 | INFO     | __main__:process_url:144 - 处理提交: openeuler/kernel 91323402
2025-06-05 15:16:05.435 | INFO     | __main__:process_url:144 - 处理提交: openeuler/kernel 58b000b7
2025-06-05 15:16:06.006 | INFO     | __main__:process_url:144 - 处理提交: openeuler/kernel 4e2c0735
2025-06-05 15:16:07.046 | ERROR    | __main__:process_url:168 - 未找到上游提交引用: openeuler/kernel 4e2c073504cd147375499b8533eb115f15e0126f
2025-06-05 15:16:07.047 | INFO     | __main__:process_url:144 - 处理提交: openeuler/kernel 7f4c9906
2025-06-05 15:16:07.605 | ERROR    | __main__:process_url:168 - 未找到上游提交引用: openeuler/kernel 7f4c99067de3696ccf77a20a2c1e215d7b89da9e
2025-06-05 15:16:07.605 | INFO     | __main__:process_url:144 - 处理提交: openeuler/kernel b4b4ce07
2025-06-05 15:16:08.840 | INFO     | __main__:process_url:144 - 处理提交: openeuler/kernel e811c4e3
2025-06-05 15:16:09.234 | ERROR    | __main__:process_url:168 - 未找到上游提交引用: openeuler/kernel e811c4e34b587902813c813d665f8538dfd8e8ab
2025-06-05 15:16:09.235 | INFO     | __main__:process_url:144 - 处理提交: openeuler/kernel 37b72085
2025-06-05 15:16:09.668 | ERROR    | __main__:process_url:168 - 未找到上游提交引用: openeuler/kernel 37b7208589180f2b7e2dbfbaae75fd37de71e30d
2025-06-05 15:16:09.669 | INFO     | __main__:process_url:144 - 处理提交: openeuler/kernel 3525be83
2025-06-05 15:16:10.140 | ERROR    | __main__:process_url:168 - 未找到上游提交引用: openeuler/kernel 3525be83eb539e8b80c3d1e5ae4d1d23be47ce2d
2025-06-05 15:16:10.141 | INFO     | __main__:process_url:144 - 处理提交: openeuler/kernel 7bad9d8e
2025-06-05 15:16:10.619 | ERROR    | __main__:process_url:168 - 未找到上游提交引用: openeuler/kernel 7bad9d8e0c2bf2b7a16098ea540d79af2d571c9a
2025-06-05 15:16:10.619 | INFO     | __main__:process_url:144 - 处理提交: openeuler/kernel a3b59ec1
2025-06-05 15:16:11.116 | INFO     | __main__:process_url:144 - 处理提交: openeuler/kernel 4385eba0
2025-06-05 15:16:11.656 | INFO     | __main__:process_url:144 - 处理提交: openeuler/kernel 3c811eb4
2025-06-05 15:16:12.152 | INFO     | __main__:process_url:144 - 处理提交: openeuler/kernel bd5d8868
2025-06-05 15:16:12.807 | INFO     | __main__:process_url:144 - 处理提交: openeuler/kernel a8064eea
2025-06-05 15:16:13.306 | INFO     | __main__:process_url:144 - 处理提交: openeuler/kernel 765bc5ec
2025-06-05 15:16:13.764 | INFO     | __main__:process_url:144 - 处理提交: openeuler/kernel 0d13e0e1
2025-06-05 15:16:14.503 | ERROR    | __main__:process_url:168 - 未找到上游提交引用: openeuler/kernel 0d13e0e1be6b1524a777989fd14f7540bde6d629
2025-06-05 15:16:14.503 | INFO     | __main__:process_url:144 - 处理提交: openeuler/kernel 13319428
2025-06-05 15:16:15.097 | INFO     | __main__:process_url:144 - 处理提交: openeuler/kernel b6ca4071
2025-06-05 15:16:15.573 | ERROR    | __main__:process_url:168 - 未找到上游提交引用: openeuler/kernel b6ca4071cb038d31c3fda12cbeb632290d53be38
2025-06-05 15:16:15.573 | INFO     | __main__:process_url:144 - 处理提交: openeuler/kernel 814502f2
2025-06-05 15:16:16.310 | ERROR    | __main__:process_url:168 - 未找到上游提交引用: openeuler/kernel 814502f28c5de3234a2cc0f4f38f3ac7271875c4
2025-06-05 15:16:16.311 | INFO     | __main__:process_url:144 - 处理提交: openeuler/kernel 27d41fed
2025-06-05 15:16:16.865 | ERROR    | __main__:process_url:168 - 未找到上游提交引用: openeuler/kernel 27d41fed3a446df4733414292f2c287d6a2c7526
2025-06-05 15:16:16.865 | INFO     | __main__:process_url:144 - 处理提交: openeuler/kernel a8fb4204
2025-06-05 15:16:17.340 | ERROR    | __main__:process_url:168 - 未找到上游提交引用: openeuler/kernel a8fb42040d5b8c299aca0031f5703905fc24164a
2025-06-05 15:16:17.340 | INFO     | __main__:process_url:144 - 处理提交: openeuler/kernel 48fdd1e9
2025-06-05 15:16:17.820 | INFO     | __main__:process_url:144 - 处理提交: openeuler/kernel f1260b3a
2025-06-05 15:16:18.361 | INFO     | __main__:process_url:144 - 处理提交: openeuler/kernel a82353e4
2025-06-05 15:16:18.903 | ERROR    | __main__:process_url:168 - 未找到上游提交引用: openeuler/kernel a82353e485da0287da8de58fb3d96b8126459265
2025-06-05 15:16:18.904 | INFO     | __main__:process_url:144 - 处理提交: openeuler/kernel 85e0fbfb
2025-06-05 15:16:19.376 | INFO     | __main__:process_url:144 - 处理提交: openeuler/kernel 304692da
2025-06-05 15:16:19.896 | INFO     | __main__:process_url:144 - 处理提交: openeuler/kernel 39a298e9
2025-06-05 15:16:20.542 | ERROR    | __main__:process_url:168 - 未找到上游提交引用: openeuler/kernel 39a298e9fec939e0a3773d77ba56f8b5d67aaf12
2025-06-05 15:16:20.543 | INFO     | __main__:process_url:144 - 处理提交: openeuler/kernel fc30b6e7
2025-06-05 15:16:21.087 | INFO     | __main__:main:271 - 处理完成: 成功 26/50
2025-06-05 15:16:21.088 | INFO     | __main__:main:296 - 结果已保存到 test_urls_results.txt
