2025-06-12 03:45:15.699 | INFO     | __main__:setup_logger:39 - 日志文件: logs/gitee_kernel_extractor_261491.log
2025-06-12 03:45:15.700 | INFO     | __main__:main:258 - 从文件 test_urls2.txt 读取了 24 个URL
2025-06-12 03:45:15.701 | INFO     | __main__:process_url:145 - 处理提交: openeuler/kernel 356c8157
2025-06-12 03:45:16.196 | INFO     | __main__:process_url:145 - 处理提交: openeuler/kernel 9f43c59b
2025-06-12 03:45:16.596 | INFO     | __main__:process_url:145 - 处理提交: openeuler/kernel b83cb25c
2025-06-12 03:45:17.004 | INFO     | __main__:process_url:145 - 处理提交: openeuler/kernel 931c91dd
2025-06-12 03:45:17.418 | INFO     | __main__:process_url:145 - 处理提交: openeuler/kernel 83390bfe
2025-06-12 03:45:17.931 | INFO     | __main__:process_url:145 - 处理提交: openeuler/kernel 2d7de42a
2025-06-12 03:45:18.433 | INFO     | __main__:process_url:145 - 处理提交: openeuler/kernel c31f7740
2025-06-12 03:45:18.811 | INFO     | __main__:process_url:145 - 处理提交: openeuler/kernel 38cb6fd8
2025-06-12 03:45:19.166 | INFO     | __main__:process_url:145 - 处理提交: openeuler/kernel 51587cd9
2025-06-12 03:45:19.622 | INFO     | __main__:process_url:145 - 处理提交: openeuler/kernel 6143d78e
2025-06-12 03:45:20.023 | INFO     | __main__:process_url:145 - 处理提交: openeuler/kernel f805cbf4
2025-06-12 03:45:20.494 | ERROR    | __main__:process_url:169 - 未找到kernel.org参考提交: openeuler/kernel f805cbf47dbc3bf5da943eabffcd51757f6979fe
2025-06-12 03:45:20.495 | INFO     | __main__:process_url:145 - 处理提交: openeuler/kernel 4e2c0735
2025-06-12 03:45:21.176 | INFO     | __main__:process_url:145 - 处理提交: openeuler/kernel 7f4c9906
2025-06-12 03:45:21.622 | INFO     | __main__:process_url:145 - 处理提交: openeuler/kernel e811c4e3
2025-06-12 03:45:21.940 | INFO     | __main__:process_url:145 - 处理提交: openeuler/kernel 37b72085
2025-06-12 03:45:22.357 | INFO     | __main__:process_url:145 - 处理提交: openeuler/kernel 3525be83
2025-06-12 03:45:22.743 | INFO     | __main__:process_url:145 - 处理提交: openeuler/kernel 7bad9d8e
2025-06-12 03:45:23.115 | INFO     | __main__:process_url:145 - 处理提交: openeuler/kernel 0d13e0e1
2025-06-12 03:45:23.583 | INFO     | __main__:process_url:145 - 处理提交: openeuler/kernel b6ca4071
2025-06-12 03:45:24.017 | INFO     | __main__:process_url:145 - 处理提交: openeuler/kernel 814502f2
2025-06-12 03:45:24.507 | INFO     | __main__:process_url:145 - 处理提交: openeuler/kernel 27d41fed
2025-06-12 03:45:25.147 | INFO     | __main__:process_url:145 - 处理提交: openeuler/kernel a8fb4204
2025-06-12 03:45:25.524 | INFO     | __main__:process_url:145 - 处理提交: openeuler/kernel a82353e4
2025-06-12 03:45:26.044 | INFO     | __main__:process_url:145 - 处理提交: openeuler/kernel 39a298e9
2025-06-12 03:45:26.452 | INFO     | __main__:main:276 - 处理完成: 成功 23/24 耗时: 10.75秒
2025-06-12 03:45:26.453 | INFO     | __main__:main:325 - 结果已保存到 test_urls_results2.txt
