2025-06-05 15:09:19.169 | INFO     | __main__:setup_logger:37 - 日志文件: logs/gitee_extractor_143568.log
2025-06-05 15:09:19.170 | INFO     | __main__:main:252 - 从文件 test_urls.txt 读取了 50 个URL
2025-06-05 15:09:19.171 | INFO     | __main__:process_url:144 - 处理提交: openeuler/kernel 335bc5c5
2025-06-05 15:09:19.745 | INFO     | __main__:process_url:144 - 处理提交: openeuler/kernel 6d23efab
2025-06-05 15:09:20.300 | INFO     | __main__:process_url:144 - 处理提交: openeuler/kernel 0c1bc63a
2025-06-05 15:09:20.937 | INFO     | __main__:process_url:144 - 处理提交: openeuler/kernel 356c8157
2025-06-05 15:09:21.633 | INFO     | __main__:process_url:144 - 处理提交: openeuler/kernel 9f43c59b
2025-06-05 15:09:22.125 | INFO     | __main__:process_url:144 - 处理提交: openeuler/kernel b83cb25c
2025-06-05 15:09:22.579 | INFO     | __main__:process_url:144 - 处理提交: openeuler/kernel 931c91dd
2025-06-05 15:09:23.027 | INFO     | __main__:process_url:144 - 处理提交: openeuler/kernel 83390bfe
2025-06-05 15:09:23.602 | INFO     | __main__:process_url:144 - 处理提交: openeuler/kernel 2d7de42a
2025-06-05 15:09:24.078 | INFO     | __main__:process_url:144 - 处理提交: openeuler/kernel d86eac44
2025-06-05 15:09:24.485 | INFO     | __main__:process_url:144 - 处理提交: openeuler/kernel 393d76ee
2025-06-05 15:09:24.927 | INFO     | __main__:process_url:144 - 处理提交: openeuler/kernel 6949727c
2025-06-05 15:09:25.377 | INFO     | __main__:process_url:144 - 处理提交: openeuler/kernel c31f7740
2025-06-05 15:09:25.822 | INFO     | __main__:process_url:144 - 处理提交: openeuler/kernel 38cb6fd8
2025-06-05 15:09:26.331 | INFO     | __main__:process_url:144 - 处理提交: openeuler/kernel 51587cd9
2025-06-05 15:09:26.750 | INFO     | __main__:process_url:144 - 处理提交: openeuler/kernel 369bae4d
2025-06-05 15:09:27.389 | INFO     | __main__:process_url:144 - 处理提交: openeuler/kernel 6143d78e
2025-06-05 15:09:28.025 | INFO     | __main__:process_url:144 - 处理提交: openeuler/kernel f805cbf4
2025-06-05 15:09:28.650 | INFO     | __main__:process_url:144 - 处理提交: openeuler/kernel 8d1e33b8
2025-06-05 15:09:29.253 | INFO     | __main__:process_url:144 - 处理提交: openeuler/kernel d8191b7f
2025-06-05 15:09:29.745 | INFO     | __main__:process_url:144 - 处理提交: openeuler/kernel ba271ca4
2025-06-05 15:09:30.240 | INFO     | __main__:process_url:144 - 处理提交: openeuler/kernel 02c4b4f2
2025-06-05 15:09:30.634 | INFO     | __main__:process_url:144 - 处理提交: openeuler/kernel 91323402
2025-06-05 15:09:31.096 | INFO     | __main__:process_url:144 - 处理提交: openeuler/kernel 58b000b7
2025-06-05 15:09:31.550 | INFO     | __main__:process_url:144 - 处理提交: openeuler/kernel 4e2c0735
2025-06-05 15:09:32.116 | INFO     | __main__:process_url:144 - 处理提交: openeuler/kernel 7f4c9906
2025-06-05 15:09:32.609 | INFO     | __main__:process_url:144 - 处理提交: openeuler/kernel b4b4ce07
2025-06-05 15:09:33.102 | INFO     | __main__:process_url:144 - 处理提交: openeuler/kernel e811c4e3
2025-06-05 15:09:33.571 | INFO     | __main__:process_url:144 - 处理提交: openeuler/kernel 37b72085
2025-06-05 15:09:34.008 | INFO     | __main__:process_url:144 - 处理提交: openeuler/kernel 3525be83
2025-06-05 15:09:34.464 | INFO     | __main__:process_url:144 - 处理提交: openeuler/kernel 7bad9d8e
2025-06-05 15:09:34.908 | INFO     | __main__:process_url:144 - 处理提交: openeuler/kernel a3b59ec1
2025-06-05 15:09:35.419 | INFO     | __main__:process_url:144 - 处理提交: openeuler/kernel 4385eba0
2025-06-05 15:09:35.877 | INFO     | __main__:process_url:144 - 处理提交: openeuler/kernel 3c811eb4
2025-06-05 15:09:36.645 | INFO     | __main__:process_url:144 - 处理提交: openeuler/kernel bd5d8868
2025-06-05 15:09:37.103 | INFO     | __main__:process_url:144 - 处理提交: openeuler/kernel a8064eea
2025-06-05 15:09:37.600 | INFO     | __main__:process_url:144 - 处理提交: openeuler/kernel 765bc5ec
2025-06-05 15:09:38.296 | INFO     | __main__:process_url:144 - 处理提交: openeuler/kernel 0d13e0e1
2025-06-05 15:09:38.889 | INFO     | __main__:process_url:144 - 处理提交: openeuler/kernel 13319428
2025-06-05 15:09:39.531 | INFO     | __main__:process_url:144 - 处理提交: openeuler/kernel b6ca4071
2025-06-05 15:09:39.960 | INFO     | __main__:process_url:144 - 处理提交: openeuler/kernel 814502f2
2025-06-05 15:09:40.380 | INFO     | __main__:process_url:144 - 处理提交: openeuler/kernel 27d41fed
2025-06-05 15:09:40.854 | INFO     | __main__:process_url:144 - 处理提交: openeuler/kernel a8fb4204
2025-06-05 15:09:41.450 | INFO     | __main__:process_url:144 - 处理提交: openeuler/kernel 48fdd1e9
2025-06-05 15:09:42.061 | INFO     | __main__:process_url:144 - 处理提交: openeuler/kernel f1260b3a
2025-06-05 15:09:42.731 | INFO     | __main__:process_url:144 - 处理提交: openeuler/kernel a82353e4
2025-06-05 15:09:43.228 | INFO     | __main__:process_url:144 - 处理提交: openeuler/kernel 85e0fbfb
2025-06-05 15:09:43.686 | INFO     | __main__:process_url:144 - 处理提交: openeuler/kernel 304692da
2025-06-05 15:10:03.023 | ERROR    | __main__:get_commit_detail:101 - 获取提交详情失败: HTTPSConnectionPool(host='gitee.com', port=443): Max retries exceeded with url: /api/v5/repos/openeuler/kernel/commits/304692dab34c73d026cbcccbf187b7b24ea2476b (Caused by SSLError(SSLEOFError(8, '[SSL: UNEXPECTED_EOF_WHILE_READING] EOF occurred in violation of protocol (_ssl.c:1000)')))
2025-06-05 15:10:03.024 | ERROR    | __main__:process_url:182 - 处理URL时出错: cannot access local variable 'response' where it is not associated with a value
2025-06-05 15:10:03.025 | INFO     | __main__:process_url:144 - 处理提交: openeuler/kernel 39a298e9
2025-06-05 15:10:03.552 | INFO     | __main__:process_url:144 - 处理提交: openeuler/kernel fc30b6e7
2025-06-05 15:10:04.140 | INFO     | __main__:main:268 - 处理完成: 成功 25/50
2025-06-05 15:10:04.140 | INFO     | __main__:main:293 - 结果已保存到 test_urls_results.txt
